Archive member included because of file (symbol)

/usr/local/CrossPack-AVR-20131216/lib/gcc/avr/4.8.1/../../../../avr/lib/avr5/libm.a(fixsfsi.o)
                              obj_Minorca_lufa/common/mousekey.o (__fixsfsi)
/usr/local/CrossPack-AVR-20131216/lib/gcc/avr/4.8.1/../../../../avr/lib/avr5/libm.a(fixunssfsi.o)
                              /usr/local/CrossPack-AVR-20131216/lib/gcc/avr/4.8.1/../../../../avr/lib/avr5/libm.a(fixsfsi.o) (__fixunssfsi)
/usr/local/CrossPack-AVR-20131216/lib/gcc/avr/4.8.1/../../../../avr/lib/avr5/libm.a(floatsisf.o)
                              obj_Minorca_lufa/common/mousekey.o (__floatsisf)
/usr/local/CrossPack-AVR-20131216/lib/gcc/avr/4.8.1/../../../../avr/lib/avr5/libm.a(fp_split3.o)
                              /usr/local/CrossPack-AVR-20131216/lib/gcc/avr/4.8.1/../../../../avr/lib/avr5/libm.a(fixunssfsi.o) (__fp_splitA)
/usr/local/CrossPack-AVR-20131216/lib/gcc/avr/4.8.1/../../../../avr/lib/avr5/libm.a(fp_zero.o)
                              /usr/local/CrossPack-AVR-20131216/lib/gcc/avr/4.8.1/../../../../avr/lib/avr5/libm.a(fixunssfsi.o) (__fp_zero)
/usr/local/CrossPack-AVR-20131216/lib/gcc/avr/4.8.1/../../../../avr/lib/avr5/libm.a(mulsf3.o)
                              obj_Minorca_lufa/common/mousekey.o (__mulsf3)
/usr/local/CrossPack-AVR-20131216/lib/gcc/avr/4.8.1/../../../../avr/lib/avr5/libm.a(mulsf3x.o)
                              /usr/local/CrossPack-AVR-20131216/lib/gcc/avr/4.8.1/../../../../avr/lib/avr5/libm.a(mulsf3.o) (__mulsf3x)
/usr/local/CrossPack-AVR-20131216/lib/gcc/avr/4.8.1/../../../../avr/lib/avr5/libm.a(fp_inf.o)
                              /usr/local/CrossPack-AVR-20131216/lib/gcc/avr/4.8.1/../../../../avr/lib/avr5/libm.a(mulsf3x.o) (__fp_inf)
/usr/local/CrossPack-AVR-20131216/lib/gcc/avr/4.8.1/../../../../avr/lib/avr5/libm.a(fp_nan.o)
                              /usr/local/CrossPack-AVR-20131216/lib/gcc/avr/4.8.1/../../../../avr/lib/avr5/libm.a(mulsf3x.o) (__fp_nan)
/usr/local/CrossPack-AVR-20131216/lib/gcc/avr/4.8.1/../../../../avr/lib/avr5/libm.a(fp_pscA.o)
                              /usr/local/CrossPack-AVR-20131216/lib/gcc/avr/4.8.1/../../../../avr/lib/avr5/libm.a(mulsf3x.o) (__fp_pscA)
/usr/local/CrossPack-AVR-20131216/lib/gcc/avr/4.8.1/../../../../avr/lib/avr5/libm.a(fp_pscB.o)
                              /usr/local/CrossPack-AVR-20131216/lib/gcc/avr/4.8.1/../../../../avr/lib/avr5/libm.a(mulsf3x.o) (__fp_pscB)
/usr/local/CrossPack-AVR-20131216/lib/gcc/avr/4.8.1/../../../../avr/lib/avr5/libm.a(fp_round.o)
                              /usr/local/CrossPack-AVR-20131216/lib/gcc/avr/4.8.1/../../../../avr/lib/avr5/libm.a(mulsf3.o) (__fp_round)
/usr/local/CrossPack-AVR-20131216/lib/gcc/avr/4.8.1/avr5/libgcc.a(_udivmodqi4.o)
                              obj_Minorca_lufa/protocol/lufa/lufa.o (__udivmodqi4)
/usr/local/CrossPack-AVR-20131216/lib/gcc/avr/4.8.1/avr5/libgcc.a(_divmodhi4.o)
                              obj_Minorca_lufa/common/mousekey.o (__divmodhi4)
/usr/local/CrossPack-AVR-20131216/lib/gcc/avr/4.8.1/avr5/libgcc.a(_exit.o)
                              /usr/local/CrossPack-AVR-20131216/lib/gcc/avr/4.8.1/../../../../avr/lib/avr5/crtm32u4.o (exit)
/usr/local/CrossPack-AVR-20131216/lib/gcc/avr/4.8.1/avr5/libgcc.a(_tablejump.o)
                              obj_Minorca_lufa/protocol/lufa/LUFA-git/LUFA/Drivers/USB/Core/DeviceStandardReq.o (__tablejump2__)
/usr/local/CrossPack-AVR-20131216/lib/gcc/avr/4.8.1/avr5/libgcc.a(_copy_data.o)
                              obj_Minorca_lufa/matrix.o (__do_copy_data)
/usr/local/CrossPack-AVR-20131216/lib/gcc/avr/4.8.1/avr5/libgcc.a(_clear_bss.o)
                              obj_Minorca_lufa/matrix.o (__do_clear_bss)
/usr/local/CrossPack-AVR-20131216/lib/gcc/avr/4.8.1/avr5/libgcc.a(_udivmodhi4.o)
                              /usr/local/CrossPack-AVR-20131216/lib/gcc/avr/4.8.1/avr5/libgcc.a(_divmodhi4.o) (__udivmodhi4)
/usr/local/CrossPack-AVR-20131216/lib/gcc/avr/4.8.1/../../../../avr/lib/avr5/libc.a(eerd_byte_atmega32u4.o)
                              obj_Minorca_lufa/protocol/lufa/LUFA-git/LUFA/Drivers/USB/Core/AVR8/EndpointStream_AVR8.o (__eerd_byte_m32u4)
/usr/local/CrossPack-AVR-20131216/lib/gcc/avr/4.8.1/../../../../avr/lib/avr5/libc.a(eerd_word_atmega32u4.o)
                              obj_Minorca_lufa/common/avr/eeconfig.o (__eerd_word_m32u4)
/usr/local/CrossPack-AVR-20131216/lib/gcc/avr/4.8.1/../../../../avr/lib/avr5/libc.a(eeupd_byte_atmega32u4.o)
                              obj_Minorca_lufa/protocol/lufa/LUFA-git/LUFA/Drivers/USB/Core/AVR8/EndpointStream_AVR8.o (__eeupd_byte_m32u4)
/usr/local/CrossPack-AVR-20131216/lib/gcc/avr/4.8.1/../../../../avr/lib/avr5/libc.a(eewr_byte_atmega32u4.o)
                              obj_Minorca_lufa/common/avr/eeconfig.o (__eewr_byte_m32u4)
/usr/local/CrossPack-AVR-20131216/lib/gcc/avr/4.8.1/../../../../avr/lib/avr5/libc.a(eewr_word_atmega32u4.o)
                              obj_Minorca_lufa/common/avr/eeconfig.o (__eewr_word_m32u4)
[...]
Memory Configuration

Name             Origin             Length             Attributes
text             0x00000000         0x00020000         xr
data             0x00800060         0x0000ffa0         rw !x
eeprom           0x00810000         0x00010000         rw !x
fuse             0x00820000         0x00000400         rw !x
lock             0x00830000         0x00000400         rw !x
signature        0x00840000         0x00000400         rw !x
user_signatures  0x00850000         0x00000400         rw !x
*default*        0x00000000         0xffffffff

Linker script and memory map

Address of section .data set to 0x800100
LOAD /usr/local/CrossPack-AVR-20131216/lib/gcc/avr/4.8.1/../../../../avr/lib/avr5/crtm32u4.o
LOAD obj_Minorca_lufa/keymap_minorca.o
LOAD obj_Minorca_lufa/keymap_common.o
LOAD obj_Minorca_lufa/matrix.o
LOAD obj_Minorca_lufa/led.o
LOAD obj_Minorca_lufa/protocol/lufa/lufa.o
LOAD obj_Minorca_lufa/protocol/lufa/descriptor.o
LOAD obj_Minorca_lufa/protocol/lufa/LUFA-git/LUFA/Drivers/USB/Class/Common/HIDParser.o
LOAD obj_Minorca_lufa/protocol/lufa/LUFA-git/LUFA/Drivers/USB/Core/AVR8/Device_AVR8.o
LOAD obj_Minorca_lufa/protocol/lufa/LUFA-git/LUFA/Drivers/USB/Core/AVR8/EndpointStream_AVR8.o
LOAD obj_Minorca_lufa/protocol/lufa/LUFA-git/LUFA/Drivers/USB/Core/AVR8/Endpoint_AVR8.o
LOAD obj_Minorca_lufa/protocol/lufa/LUFA-git/LUFA/Drivers/USB/Core/AVR8/Host_AVR8.o
LOAD obj_Minorca_lufa/protocol/lufa/LUFA-git/LUFA/Drivers/USB/Core/AVR8/PipeStream_AVR8.o
LOAD obj_Minorca_lufa/protocol/lufa/LUFA-git/LUFA/Drivers/USB/Core/AVR8/Pipe_AVR8.o
LOAD obj_Minorca_lufa/protocol/lufa/LUFA-git/LUFA/Drivers/USB/Core/AVR8/USBController_AVR8.o
LOAD obj_Minorca_lufa/protocol/lufa/LUFA-git/LUFA/Drivers/USB/Core/AVR8/USBInterrupt_AVR8.o
LOAD obj_Minorca_lufa/protocol/lufa/LUFA-git/LUFA/Drivers/USB/Core/ConfigDescriptors.o
LOAD obj_Minorca_lufa/protocol/lufa/LUFA-git/LUFA/Drivers/USB/Core/DeviceStandardReq.o
LOAD obj_Minorca_lufa/protocol/lufa/LUFA-git/LUFA/Drivers/USB/Core/Events.o
LOAD obj_Minorca_lufa/protocol/lufa/LUFA-git/LUFA/Drivers/USB/Core/HostStandardReq.o
LOAD obj_Minorca_lufa/protocol/lufa/LUFA-git/LUFA/Drivers/USB/Core/USBTask.o
LOAD obj_Minorca_lufa/common/host.o
LOAD obj_Minorca_lufa/common/keyboard.o
LOAD obj_Minorca_lufa/common/action.o
LOAD obj_Minorca_lufa/common/action_tapping.o
LOAD obj_Minorca_lufa/common/action_macro.o
LOAD obj_Minorca_lufa/common/action_layer.o
LOAD obj_Minorca_lufa/common/action_util.o
LOAD obj_Minorca_lufa/common/print.o
LOAD obj_Minorca_lufa/common/debug.o
LOAD obj_Minorca_lufa/common/util.o
LOAD obj_Minorca_lufa/common/hook.o
LOAD obj_Minorca_lufa/common/avr/suspend.o
LOAD obj_Minorca_lufa/common/avr/xprintf.o
LOAD obj_Minorca_lufa/common/avr/timer.o
LOAD obj_Minorca_lufa/common/avr/bootloader.o
LOAD obj_Minorca_lufa/common/keymap.o
LOAD obj_Minorca_lufa/common/bootmagic.o
LOAD obj_Minorca_lufa/common/avr/eeconfig.o
LOAD obj_Minorca_lufa/common/mousekey.o
LOAD obj_Minorca_lufa/common/command.o
LOAD /usr/local/CrossPack-AVR-20131216/lib/gcc/avr/4.8.1/../../../../avr/lib/avr5/libm.a
START GROUP
LOAD /usr/local/CrossPack-AVR-20131216/lib/gcc/avr/4.8.1/avr5/libgcc.a
LOAD /usr/local/CrossPack-AVR-20131216/lib/gcc/avr/4.8.1/../../../../avr/lib/avr5/libm.a
LOAD /usr/local/CrossPack-AVR-20131216/lib/gcc/avr/4.8.1/../../../../avr/lib/avr5/libc.a
END GROUP

.hash
 *(.hash)

.dynsym
 *(.dynsym)

.dynstr
 *(.dynstr)

.gnu.version
 *(.gnu.version)

.gnu.version_d
 *(.gnu.version_d)

.gnu.version_r
 *(.gnu.version_r)

.rel.init
 *(.rel.init)

.rela.init
 *(.rela.init)

.rel.text
 *(.rel.text)
 *(.rel.text.*)
 *(.rel.gnu.linkonce.t*)

.rela.text
 *(.rela.text)
 *(.rela.text.*)
 *(.rela.gnu.linkonce.t*)

.rel.fini
 *(.rel.fini)

.rela.fini
 *(.rela.fini)

.rel.rodata
 *(.rel.rodata)
 *(.rel.rodata.*)
 *(.rel.gnu.linkonce.r*)

.rela.rodata
 *(.rela.rodata)
 *(.rela.rodata.*)
 *(.rela.gnu.linkonce.r*)

.rel.data
 *(.rel.data)
 *(.rel.data.*)
 *(.rel.gnu.linkonce.d*)

.rela.data
 *(.rela.data)
 *(.rela.data.*)
 *(.rela.gnu.linkonce.d*)

.rel.ctors
 *(.rel.ctors)

.rela.ctors
 *(.rela.ctors)

.rel.dtors
 *(.rel.dtors)

.rela.dtors
 *(.rela.dtors)

.rel.got
 *(.rel.got)

.rela.got
 *(.rela.got)

.rel.bss
 *(.rel.bss)

.rela.bss
 *(.rela.bss)

.rel.plt
 *(.rel.plt)

.rela.plt
 *(.rela.plt)

.text           0x00000000     0x5518
 *(.vectors)
 .vectors       0x00000000       0xac /usr/local/CrossPack-AVR-20131216/lib/gcc/avr/4.8.1/../../../../avr/lib/avr5/crtm32u4.o
                0x00000000                __vectors
                0x00000000                __vector_default
 *(.vectors)
 *(.progmem.gcc*)
 .progmem.gcc_sw_table.USB_Device_ProcessControlRequest
                0x000000ac       0x14 obj_Minorca_lufa/protocol/lufa/LUFA-git/LUFA/Drivers/USB/Core/DeviceStandardReq.o
 .progmem.gcc_sw_table.process_action
                0x000000c0       0x20 obj_Minorca_lufa/common/action.o
                0x000000e0                . = ALIGN (0x2)
                0x000000e0                __trampolines_start = .
 *(.trampolines)
 .trampolines   0x000000e0        0x0 linker stubs
 *(.trampolines*)
                0x000000e0                __trampolines_end = .
 *(.progmem*)
 .progmem.data.fn_actions
                0x000000e0       0x36 obj_Minorca_lufa/keymap_minorca.o
                0x000000e0                fn_actions
 .progmem.data.keymaps
                0x00000116       0xc0 obj_Minorca_lufa/keymap_minorca.o
                0x00000116                keymaps
 .progmem.data.__c.1891
                0x000001d6        0x2 obj_Minorca_lufa/matrix.o
 .progmem.data.__c.1889
                0x000001d8        0x6 obj_Minorca_lufa/matrix.o
 .progmem.data.__c.1887
                0x000001de        0x3 obj_Minorca_lufa/matrix.o
 .progmem.data.__c.1885
                0x000001e1        0x5 obj_Minorca_lufa/matrix.o
 .progmem.data.__c.1882
                0x000001e6       0x17 obj_Minorca_lufa/matrix.o
 .progmem.data.__c.1860
                0x000001fd        0x2 obj_Minorca_lufa/matrix.o
 .progmem.data.__c.1858
                0x000001ff        0x5 obj_Minorca_lufa/matrix.o
 .progmem.data.__c.1856
                0x00000204        0xa obj_Minorca_lufa/matrix.o
 .progmem.data.__c.4770
                0x0000020e        0x4 obj_Minorca_lufa/protocol/lufa/lufa.o
 .progmem.data.__c.4768
                0x00000212       0x11 obj_Minorca_lufa/protocol/lufa/lufa.o
 .progmem.data.__c.4766
                0x00000223       0x11 obj_Minorca_lufa/protocol/lufa/lufa.o
 .progmem.data.__c.4664
                0x00000234        0x4 obj_Minorca_lufa/protocol/lufa/lufa.o
 .progmem.data.__c.4660
                0x00000238        0x4 obj_Minorca_lufa/protocol/lufa/lufa.o
 .progmem.data.__c.4656
                0x0000023c        0x4 obj_Minorca_lufa/protocol/lufa/lufa.o
 .progmem.data.__c.4651
                0x00000240        0x4 obj_Minorca_lufa/protocol/lufa/lufa.o
 .progmem.data.__c.4646
                0x00000244        0x4 obj_Minorca_lufa/protocol/lufa/lufa.o
 .progmem.data.ProductString
                0x00000248       0x12 obj_Minorca_lufa/protocol/lufa/descriptor.o
                0x00000248                ProductString
 .progmem.data.ManufacturerString
                0x0000025a       0x24 obj_Minorca_lufa/protocol/lufa/descriptor.o
                0x0000025a                ManufacturerString
 .progmem.data.LanguageString
                0x0000027e        0x4 obj_Minorca_lufa/protocol/lufa/descriptor.o
                0x0000027e                LanguageString
 .progmem.data.ConfigurationDescriptor
                0x00000282       0x8d obj_Minorca_lufa/protocol/lufa/descriptor.o
                0x00000282                ConfigurationDescriptor
 .progmem.data.DeviceDescriptor
                0x0000030f       0x12 obj_Minorca_lufa/protocol/lufa/descriptor.o
                0x0000030f                DeviceDescriptor
 .progmem.data.NKROReport
                0x00000321       0x39 obj_Minorca_lufa/protocol/lufa/descriptor.o
                0x00000321                NKROReport
 .progmem.data.ConsoleReport
                0x0000035a       0x20 obj_Minorca_lufa/protocol/lufa/descriptor.o
                0x0000035a                ConsoleReport
 .progmem.data.ExtrakeyReport
                0x0000037a       0x36 obj_Minorca_lufa/protocol/lufa/descriptor.o
                0x0000037a                ExtrakeyReport
 .progmem.data.MouseReport
                0x000003b0       0x4d obj_Minorca_lufa/protocol/lufa/descriptor.o
                0x000003b0                MouseReport
 .progmem.data.KeyboardReport
                0x000003fd       0x3f obj_Minorca_lufa/protocol/lufa/descriptor.o
                0x000003fd                KeyboardReport
 .progmem.data.__c.4396
                0x0000043c        0x2 obj_Minorca_lufa/common/host.o
 .progmem.data.__c.4391
                0x0000043e        0x6 obj_Minorca_lufa/common/host.o
 .progmem.data.__c.4388
                0x00000444       0x12 obj_Minorca_lufa/common/host.o
 .progmem.data.__c.4751
                0x00000456        0xb obj_Minorca_lufa/common/keyboard.o
 .progmem.data.__c.4536
                0x00000461       0x1e obj_Minorca_lufa/common/action_util.o
 .progmem.data.__c.4531
                0x0000047f       0x1e obj_Minorca_lufa/common/action_util.o
 .progmem.data.__c.4701
                0x0000049d        0x7 obj_Minorca_lufa/common/bootmagic.o
 .progmem.data.__c.4695
                0x000004a4       0x15 obj_Minorca_lufa/common/bootmagic.o
 .progmem.data.__c.4468
                0x000004b9        0x3 obj_Minorca_lufa/common/mousekey.o
 .progmem.data.__c.4466
                0x000004bc        0x3 obj_Minorca_lufa/common/mousekey.o
 .progmem.data.__c.4464
                0x000004bf        0x2 obj_Minorca_lufa/common/mousekey.o
 .progmem.data.__c.4462
                0x000004c1        0x3 obj_Minorca_lufa/common/mousekey.o
 .progmem.data.__c.4460
                0x000004c4        0x3 obj_Minorca_lufa/common/mousekey.o
 .progmem.data.__c.4458
                0x000004c7        0x3 obj_Minorca_lufa/common/mousekey.o
 .progmem.data.__c.4456
                0x000004ca        0x2 obj_Minorca_lufa/common/mousekey.o
 .progmem.data.__c.4454
                0x000004cc        0x3 obj_Minorca_lufa/common/mousekey.o
 .progmem.data.__c.4452
                0x000004cf        0x2 obj_Minorca_lufa/common/mousekey.o
 .progmem.data.__c.4450
                0x000004d1        0x3 obj_Minorca_lufa/common/mousekey.o
 .progmem.data.__c.4448
                0x000004d4        0x2 obj_Minorca_lufa/common/mousekey.o
 .progmem.data.__c.4446
                0x000004d6        0x3 obj_Minorca_lufa/common/mousekey.o
 .progmem.data.__c.4444
                0x000004d9        0x2 obj_Minorca_lufa/common/mousekey.o
 .progmem.data.__c.4442
                0x000004db        0x5 obj_Minorca_lufa/common/mousekey.o
 .progmem.data.__c.4440
                0x000004e0       0x23 obj_Minorca_lufa/common/mousekey.o
 .progmem.data.__c.5065
                0x00000503       0x1b obj_Minorca_lufa/common/command.o
 .progmem.data.__c.5062
                0x0000051e       0x19 obj_Minorca_lufa/common/command.o
 .progmem.data.__c.5059
                0x00000537       0x15 obj_Minorca_lufa/common/command.o
 .progmem.data.__c.5056
                0x0000054c       0x13 obj_Minorca_lufa/common/command.o
 .progmem.data.__c.5053
                0x0000055f       0x12 obj_Minorca_lufa/common/command.o
 .progmem.data.__c.5049
                0x00000571        0xf obj_Minorca_lufa/common/command.o
 .progmem.data.__c.5042
                0x00000580       0x1b obj_Minorca_lufa/common/command.o
 .progmem.data.__c.5039
                0x0000059b       0x19 obj_Minorca_lufa/common/command.o
 .progmem.data.__c.5036
                0x000005b4       0x15 obj_Minorca_lufa/common/command.o
 .progmem.data.__c.5033
                0x000005c9       0x13 obj_Minorca_lufa/common/command.o
 .progmem.data.__c.5030
                0x000005dc       0x12 obj_Minorca_lufa/common/command.o
 .progmem.data.__c.5026
                0x000005ee        0xf obj_Minorca_lufa/common/command.o
 .progmem.data.__c.5019
                0x000005fd        0x2 obj_Minorca_lufa/common/command.o
 .progmem.data.__c.5017
                0x000005ff        0x3 obj_Minorca_lufa/common/command.o
 .progmem.data.__c.5015
                0x00000602       0x17 obj_Minorca_lufa/common/command.o
 .progmem.data.__c.5013
                0x00000619        0x2 obj_Minorca_lufa/common/command.o
 .progmem.data.__c.5011
                0x0000061b        0x3 obj_Minorca_lufa/common/command.o
 .progmem.data.__c.5009
                0x0000061e       0x15 obj_Minorca_lufa/common/command.o
 .progmem.data.__c.5007
                0x00000633        0x2 obj_Minorca_lufa/common/command.o
 .progmem.data.__c.5005
                0x00000635        0x3 obj_Minorca_lufa/common/command.o
 .progmem.data.__c.5003
                0x00000638       0x11 obj_Minorca_lufa/common/command.o
 .progmem.data.__c.5001
                0x00000649        0x2 obj_Minorca_lufa/common/command.o
 .progmem.data.__c.4999
                0x0000064b        0x3 obj_Minorca_lufa/common/command.o
 .progmem.data.__c.4997
                0x0000064e        0xf obj_Minorca_lufa/common/command.o
 .progmem.data.__c.4995
                0x0000065d        0x2 obj_Minorca_lufa/common/command.o
 .progmem.data.__c.4993
                0x0000065f        0x3 obj_Minorca_lufa/common/command.o
 .progmem.data.__c.4991
                0x00000662       0x12 obj_Minorca_lufa/common/command.o
 .progmem.data.__c.4989
                0x00000674        0x2 obj_Minorca_lufa/common/command.o
 .progmem.data.__c.4987
                0x00000676        0x3 obj_Minorca_lufa/common/command.o
 .progmem.data.__c.4985
                0x00000679       0x12 obj_Minorca_lufa/common/command.o
 .progmem.data.__c.4983
                0x0000068b        0xe obj_Minorca_lufa/common/command.o
 .progmem.data.__c.5103
                0x00000699        0x3 obj_Minorca_lufa/common/command.o
 .progmem.data.__c.5101
                0x0000069c        0x6 obj_Minorca_lufa/common/command.o
 .progmem.data.__c.5099
                0x000006a2        0x2 obj_Minorca_lufa/common/command.o
 .progmem.data.__c.5096
                0x000006a4        0xd obj_Minorca_lufa/common/command.o
 .progmem.data.__c.5082
                0x000006b1        0x4 obj_Minorca_lufa/common/command.o
 .progmem.data.__c.5072
                0x000006b5       0x4e obj_Minorca_lufa/common/command.o
 .progmem.data.__c.5070
                0x00000703       0xfb obj_Minorca_lufa/common/command.o
 .progmem.data.__c.4975
                0x000007fe        0x2 obj_Minorca_lufa/common/command.o
 .progmem.data.__c.4972
                0x00000800        0x4 obj_Minorca_lufa/common/command.o
 .progmem.data.__c.4977
                0x00000804        0x4 obj_Minorca_lufa/common/command.o
 .progmem.data.__c.5121
                0x00000808        0x5 obj_Minorca_lufa/common/command.o
 .progmem.data.__c.4961
                0x0000080d       0x27 obj_Minorca_lufa/common/command.o
 .progmem.data.__c.4786
                0x00000834       0xa5 obj_Minorca_lufa/common/command.o
 .progmem.data.__c.4881
                0x000008d9        0x2 obj_Minorca_lufa/common/command.o
 .progmem.data.__c.4879
                0x000008db        0x3 obj_Minorca_lufa/common/command.o
 .progmem.data.__c.4877
                0x000008de        0x8 obj_Minorca_lufa/common/command.o
 .progmem.data.__c.4875
                0x000008e6        0x2 obj_Minorca_lufa/common/command.o
 .progmem.data.__c.4873
                0x000008e8        0x3 obj_Minorca_lufa/common/command.o
 .progmem.data.__c.4871
                0x000008eb       0x1c obj_Minorca_lufa/common/command.o
 .progmem.data.__c.4869
                0x00000907        0x2 obj_Minorca_lufa/common/command.o
 .progmem.data.__c.4867
                0x00000909        0x3 obj_Minorca_lufa/common/command.o
 .progmem.data.__c.4865
                0x0000090c       0x12 obj_Minorca_lufa/common/command.o
 .progmem.data.__c.4863
                0x0000091e        0x2 obj_Minorca_lufa/common/command.o
 .progmem.data.__c.4861
                0x00000920        0x3 obj_Minorca_lufa/common/command.o
 .progmem.data.__c.4859
                0x00000923        0xa obj_Minorca_lufa/common/command.o
 .progmem.data.__c.4857
                0x0000092d        0x2 obj_Minorca_lufa/common/command.o
 .progmem.data.__c.4855
                0x0000092f        0x3 obj_Minorca_lufa/common/command.o
 .progmem.data.__c.4853
                0x00000932       0x12 obj_Minorca_lufa/common/command.o
 .progmem.data.__c.4851
                0x00000944        0x2 obj_Minorca_lufa/common/command.o
 .progmem.data.__c.4849
                0x00000946        0x3 obj_Minorca_lufa/common/command.o
 .progmem.data.__c.4847
                0x00000949       0x12 obj_Minorca_lufa/common/command.o
 .progmem.data.__c.4845
                0x0000095b        0x2 obj_Minorca_lufa/common/command.o
 .progmem.data.__c.4843
                0x0000095d        0x3 obj_Minorca_lufa/common/command.o
 .progmem.data.__c.4841
                0x00000960       0x17 obj_Minorca_lufa/common/command.o
 .progmem.data.__c.4839
                0x00000977        0x2 obj_Minorca_lufa/common/command.o
 .progmem.data.__c.4837
                0x00000979        0x3 obj_Minorca_lufa/common/command.o
 .progmem.data.__c.4835
                0x0000097c       0x19 obj_Minorca_lufa/common/command.o
 .progmem.data.__c.4833
                0x00000995        0x2 obj_Minorca_lufa/common/command.o
 .progmem.data.__c.4831
                0x00000997        0x5 obj_Minorca_lufa/common/command.o
 .progmem.data.__c.4829
                0x0000099c       0x14 obj_Minorca_lufa/common/command.o
 .progmem.data.__c.4826
                0x000009b0        0x2 obj_Minorca_lufa/common/command.o
 .progmem.data.__c.4824
                0x000009b2        0x3 obj_Minorca_lufa/common/command.o
 .progmem.data.__c.4822
                0x000009b5        0x9 obj_Minorca_lufa/common/command.o
 .progmem.data.__c.4820
                0x000009be        0x2 obj_Minorca_lufa/common/command.o
 .progmem.data.__c.4818
                0x000009c0        0x3 obj_Minorca_lufa/common/command.o
 .progmem.data.__c.4816
                0x000009c3        0xc obj_Minorca_lufa/common/command.o
 .progmem.data.__c.4814
                0x000009cf        0x2 obj_Minorca_lufa/common/command.o
 .progmem.data.__c.4812
                0x000009d1        0x3 obj_Minorca_lufa/common/command.o
 .progmem.data.__c.4810
                0x000009d4        0xa obj_Minorca_lufa/common/command.o
 .progmem.data.__c.4808
                0x000009de        0x2 obj_Minorca_lufa/common/command.o
 .progmem.data.__c.4806
                0x000009e0        0x3 obj_Minorca_lufa/common/command.o
 .progmem.data.__c.4804
                0x000009e3        0xa obj_Minorca_lufa/common/command.o
 .progmem.data.__c.4802
                0x000009ed        0x2 obj_Minorca_lufa/common/command.o
 .progmem.data.__c.4800
                0x000009ef        0x5 obj_Minorca_lufa/common/command.o
 .progmem.data.__c.4798
                0x000009f4       0x13 obj_Minorca_lufa/common/command.o
 .progmem.data.__c.4795
                0x00000a07        0x2 obj_Minorca_lufa/common/command.o
 .progmem.data.__c.4793
                0x00000a09        0x3 obj_Minorca_lufa/common/command.o
 .progmem.data.__c.4791
                0x00000a0c       0x10 obj_Minorca_lufa/common/command.o
 .progmem.data.__c.4956
                0x00000a1c        0x2 obj_Minorca_lufa/common/command.o
 .progmem.data.__c.4947
                0x00000a1e        0xb obj_Minorca_lufa/common/command.o
 .progmem.data.__c.4945
                0x00000a29        0xa obj_Minorca_lufa/common/command.o
 .progmem.data.__c.4942
                0x00000a33       0x17 obj_Minorca_lufa/common/command.o
 .progmem.data.__c.4940
                0x00000a4a       0x13 obj_Minorca_lufa/common/command.o
 .progmem.data.__c.4938
                0x00000a5d       0x13 obj_Minorca_lufa/common/command.o
 .progmem.data.__c.4936
                0x00000a70       0x17 obj_Minorca_lufa/common/command.o
 .progmem.data.__c.4934
                0x00000a87       0x1a obj_Minorca_lufa/common/command.o
 .progmem.data.__c.4932
                0x00000aa1        0xe obj_Minorca_lufa/common/command.o
 .progmem.data.__c.4929
                0x00000aaf       0x2e obj_Minorca_lufa/common/command.o
 .progmem.data.__c.4927
                0x00000add       0x45 obj_Minorca_lufa/common/command.o
 .progmem.data.__c.4925
                0x00000b22       0x2d obj_Minorca_lufa/common/command.o
 .progmem.data.__c.4923
                0x00000b4f       0x40 obj_Minorca_lufa/common/command.o
 .progmem.data.__c.4921
                0x00000b8f       0x2c obj_Minorca_lufa/common/command.o
 .progmem.data.__c.4919
                0x00000bbb        0xf obj_Minorca_lufa/common/command.o
 .progmem.data.__c.4916
                0x00000bca        0xd obj_Minorca_lufa/common/command.o
 .progmem.data.__c.4914
                0x00000bd7        0xc obj_Minorca_lufa/common/command.o
 .progmem.data.__c.4911
                0x00000be3       0x10 obj_Minorca_lufa/common/command.o
 .progmem.data.__c.4909
                0x00000bf3        0xf obj_Minorca_lufa/common/command.o
 .progmem.data.__c.4906
                0x00000c02        0xe obj_Minorca_lufa/common/command.o
 .progmem.data.__c.4904
                0x00000c10        0xd obj_Minorca_lufa/common/command.o
 .progmem.data.__c.4901
                0x00000c1d        0xc obj_Minorca_lufa/common/command.o
 .progmem.data.__c.4899
                0x00000c29        0xd obj_Minorca_lufa/common/command.o
 .progmem.data.__c.4896
                0x00000c36       0x11 obj_Minorca_lufa/common/command.o
 .progmem.data.__c.4893
                0x00000c47        0x4 obj_Minorca_lufa/common/command.o
 .progmem.data.__c.4887
                0x00000c4b        0xb obj_Minorca_lufa/common/command.o
                0x00000c56                . = ALIGN (0x2)
 *(.jumptables)
 *(.jumptables*)
 *(.lowtext)
 *(.lowtext*)
                0x00000c56                __ctors_start = .
 *(.ctors)
                0x00000c56                __ctors_end = .
                0x00000c56                __dtors_start = .
 *(.dtors)
                0x00000c56                __dtors_end = .
 SORT(*)(.ctors)
 SORT(*)(.dtors)
 *(.init0)
 .init0         0x00000c56        0x0 /usr/local/CrossPack-AVR-20131216/lib/gcc/avr/4.8.1/../../../../avr/lib/avr5/crtm32u4.o
                0x00000c56                __init
 *(.init0)
 *(.init1)
 *(.init1)
 *(.init2)
 .init2         0x00000c56        0xc /usr/local/CrossPack-AVR-20131216/lib/gcc/avr/4.8.1/../../../../avr/lib/avr5/crtm32u4.o
 *(.init2)
 *(.init3)
 .init3         0x00000c62       0x4e obj_Minorca_lufa/common/avr/bootloader.o
                0x00000c62                bootloader_jump_after_watchdog_reset
 *(.init3)
 *(.init4)
 .init4         0x00000cb0       0x16 /usr/local/CrossPack-AVR-20131216/lib/gcc/avr/4.8.1/avr5/libgcc.a(_copy_data.o)
                0x00000cb0                __do_copy_data
 .init4         0x00000cc6       0x10 /usr/local/CrossPack-AVR-20131216/lib/gcc/avr/4.8.1/avr5/libgcc.a(_clear_bss.o)
                0x00000cc6                __do_clear_bss
 *(.init4)
 *(.init5)
 *(.init5)
 *(.init6)
 *(.init6)
 *(.init7)
 *(.init7)
 *(.init8)
 *(.init8)
 *(.init9)
 .init9         0x00000cd6        0x8 /usr/local/CrossPack-AVR-20131216/lib/gcc/avr/4.8.1/../../../../avr/lib/avr5/crtm32u4.o
 *(.init9)
 *(.text)
 .text          0x00000cde        0x4 /usr/local/CrossPack-AVR-20131216/lib/gcc/avr/4.8.1/../../../../avr/lib/avr5/crtm32u4.o
                0x00000cde                __vector_42
                0x00000cde                __vector_22
                0x00000cde                __vector_28
                0x00000cde                __vector_1
                0x00000cde                __vector_32
                0x00000cde                __vector_34
                0x00000cde                __vector_24
                0x00000cde                __bad_interrupt
                0x00000cde                __vector_6
                0x00000cde                __vector_31
                0x00000cde                __vector_35
                0x00000cde                __vector_39
                0x00000cde                __vector_3
                0x00000cde                __vector_23
                0x00000cde                __vector_30
                0x00000cde                __vector_25
                0x00000cde                __vector_13
                0x00000cde                __vector_17
                0x00000cde                __vector_19
                0x00000cde                __vector_7
                0x00000cde                __vector_41
                0x00000cde                __vector_27
                0x00000cde                __vector_5
                0x00000cde                __vector_33
                0x00000cde                __vector_37
                0x00000cde                __vector_4
                0x00000cde                __vector_9
                0x00000cde                __vector_2
                0x00000cde                __vector_15
                0x00000cde                __vector_36
                0x00000cde                __vector_29
                0x00000cde                __vector_40
                0x00000cde                __vector_8
                0x00000cde                __vector_26
                0x00000cde                __vector_14
                0x00000cde                __vector_16
                0x00000cde                __vector_18
                0x00000cde                __vector_20
                0x00000cde                __vector_38
 .text          0x00000ce2      0x15c obj_Minorca_lufa/common/avr/xprintf.o
                0x00000ce2                xputc
                0x00000cfa                xputs
                0x00000d08                xitoa
                0x00000e2c                __xprintf
                0x00000e3e                . = ALIGN (0x2)
 *(.text.*)
 .text.keymap_key_to_keycode
                0x00000e3e       0x1e obj_Minorca_lufa/keymap_common.o
                0x00000e3e                keymap_key_to_keycode
 .text.keymap_fn_to_action
                0x00000e5c       0x12 obj_Minorca_lufa/keymap_common.o
                0x00000e5c                keymap_fn_to_action
 .text.unselect_rows
                0x00000e6e        0xe obj_Minorca_lufa/matrix.o
 .text.matrix_init
                0x00000e7c       0x76 obj_Minorca_lufa/matrix.o
                0x00000e7c                matrix_init
 .text.matrix_scan
                0x00000ef2      0x236 obj_Minorca_lufa/matrix.o
                0x00000ef2                matrix_scan
 .text.matrix_get_row
                0x00001128       0x12 obj_Minorca_lufa/matrix.o
                0x00001128                matrix_get_row
 .text.matrix_print
                0x0000113a       0x8e obj_Minorca_lufa/matrix.o
                0x0000113a                matrix_print
 .text.led_set  0x000011c8        0xe obj_Minorca_lufa/led.o
                0x000011c8                led_set
 .text.keyboard_leds
                0x000011d6        0x6 obj_Minorca_lufa/protocol/lufa/lufa.o
 .text.sendchar
                0x000011dc       0xc8 obj_Minorca_lufa/protocol/lufa/lufa.o
                0x000011dc                sendchar
 .text.send_consumer
                0x000012a4       0x66 obj_Minorca_lufa/protocol/lufa/lufa.o
 .text.send_system
                0x0000130a       0x68 obj_Minorca_lufa/protocol/lufa/lufa.o
 .text.send_mouse
                0x00001372       0x46 obj_Minorca_lufa/protocol/lufa/lufa.o
 .text.send_keyboard
                0x000013b8       0xa4 obj_Minorca_lufa/protocol/lufa/lufa.o
 .text.EVENT_USB_Device_Connect
                0x0000145c       0x24 obj_Minorca_lufa/protocol/lufa/lufa.o
                0x0000145c                EVENT_USB_Device_Connect
 .text.EVENT_USB_Device_Disconnect
                0x00001480        0xe obj_Minorca_lufa/protocol/lufa/lufa.o
                0x00001480                EVENT_USB_Device_Disconnect
 .text.EVENT_USB_Device_Reset
                0x0000148e        0x8 obj_Minorca_lufa/protocol/lufa/lufa.o
                0x0000148e                EVENT_USB_Device_Reset
 .text.EVENT_USB_Device_StartOfFrame
                0x00001496       0x80 obj_Minorca_lufa/protocol/lufa/lufa.o
                0x00001496                EVENT_USB_Device_StartOfFrame
 .text.EVENT_USB_Device_ConfigurationChanged
                0x00001516       0x32 obj_Minorca_lufa/protocol/lufa/lufa.o
                0x00001516                EVENT_USB_Device_ConfigurationChanged
 .text.EVENT_USB_Device_ControlRequest
                0x00001548      0x164 obj_Minorca_lufa/protocol/lufa/lufa.o
                0x00001548                EVENT_USB_Device_ControlRequest
 .text.hook_early_init
                0x000016ac        0x2 obj_Minorca_lufa/protocol/lufa/lufa.o
                0x000016ac                hook_early_init
 .text.hook_late_init
                0x000016ae        0x2 obj_Minorca_lufa/protocol/lufa/lufa.o
                0x000016ae                hook_late_init
 .text.hook_usb_suspend_entry
                0x000016b0        0x2 obj_Minorca_lufa/protocol/lufa/lufa.o
                0x000016b0                hook_usb_suspend_entry
 .text.EVENT_USB_Device_Suspend
                0x000016b2        0xc obj_Minorca_lufa/protocol/lufa/lufa.o
                0x000016b2                EVENT_USB_Device_Suspend
 .text.hook_usb_suspend_loop
                0x000016be       0x18 obj_Minorca_lufa/protocol/lufa/lufa.o
                0x000016be                hook_usb_suspend_loop
 .text.startup.main
                0x000016d6       0x90 obj_Minorca_lufa/protocol/lufa/lufa.o
                0x000016d6                main
 .text.hook_usb_wakeup
                0x00001766        0x4 obj_Minorca_lufa/protocol/lufa/lufa.o
                0x00001766                hook_usb_wakeup
 .text.EVENT_USB_Device_WakeUp
                0x0000176a        0xc obj_Minorca_lufa/protocol/lufa/lufa.o
                0x0000176a                EVENT_USB_Device_WakeUp
 .text.CALLBACK_USB_GetDescriptor
                0x00001776       0xb2 obj_Minorca_lufa/protocol/lufa/descriptor.o
                0x00001776                CALLBACK_USB_GetDescriptor
 .text.USB_Device_SendRemoteWakeup
                0x00001828       0x2c obj_Minorca_lufa/protocol/lufa/LUFA-git/LUFA/Drivers/USB/Core/AVR8/Device_AVR8.o
                0x00001828                USB_Device_SendRemoteWakeup
 .text.Endpoint_Write_Stream_LE
                0x00001854       0x92 obj_Minorca_lufa/protocol/lufa/LUFA-git/LUFA/Drivers/USB/Core/AVR8/EndpointStream_AVR8.o
                0x00001854                Endpoint_Write_Stream_LE
 .text.Endpoint_Write_Control_Stream_LE
                0x000018e6       0xc2 obj_Minorca_lufa/protocol/lufa/LUFA-git/LUFA/Drivers/USB/Core/AVR8/EndpointStream_AVR8.o
                0x000018e6                Endpoint_Write_Control_Stream_LE
 .text.Endpoint_Write_Control_PStream_LE
                0x000019a8       0xc4 obj_Minorca_lufa/protocol/lufa/LUFA-git/LUFA/Drivers/USB/Core/AVR8/EndpointStream_AVR8.o
                0x000019a8                Endpoint_Write_Control_PStream_LE
 .text.Endpoint_ConfigureEndpoint_Prv
                0x00001a6c       0x6a obj_Minorca_lufa/protocol/lufa/LUFA-git/LUFA/Drivers/USB/Core/AVR8/Endpoint_AVR8.o
                0x00001a6c                Endpoint_ConfigureEndpoint_Prv
 .text.Endpoint_ClearStatusStage
                0x00001ad6       0x42 obj_Minorca_lufa/protocol/lufa/LUFA-git/LUFA/Drivers/USB/Core/AVR8/Endpoint_AVR8.o
                0x00001ad6                Endpoint_ClearStatusStage
 .text.Endpoint_WaitUntilReady
                0x00001b18       0x60 obj_Minorca_lufa/protocol/lufa/LUFA-git/LUFA/Drivers/USB/Core/AVR8/Endpoint_AVR8.o
                0x00001b18                Endpoint_WaitUntilReady
 .text.USB_Disable
                0x00001b78       0x34 obj_Minorca_lufa/protocol/lufa/LUFA-git/LUFA/Drivers/USB/Core/AVR8/USBController_AVR8.o
                0x00001b78                USB_Disable
 .text.USB_ResetInterface
                0x00001bac       0x86 obj_Minorca_lufa/protocol/lufa/LUFA-git/LUFA/Drivers/USB/Core/AVR8/USBController_AVR8.o
                0x00001bac                USB_ResetInterface
 .text.USB_Init
                0x00001c32       0x22 obj_Minorca_lufa/protocol/lufa/LUFA-git/LUFA/Drivers/USB/Core/AVR8/USBController_AVR8.o
                0x00001c32                USB_Init
 .text.USB_INT_DisableAllInterrupts
                0x00001c54       0x10 obj_Minorca_lufa/protocol/lufa/LUFA-git/LUFA/Drivers/USB/Core/AVR8/USBInterrupt_AVR8.o
                0x00001c54                USB_INT_DisableAllInterrupts
 .text.USB_INT_ClearAllInterrupts
                0x00001c64        0xa obj_Minorca_lufa/protocol/lufa/LUFA-git/LUFA/Drivers/USB/Core/AVR8/USBInterrupt_AVR8.o
                0x00001c64                USB_INT_ClearAllInterrupts
 .text.__vector_10
                0x00001c6e      0x1a4 obj_Minorca_lufa/protocol/lufa/LUFA-git/LUFA/Drivers/USB/Core/AVR8/USBInterrupt_AVR8.o
                0x00001c6e                __vector_10
 .text.__vector_11
                0x00001e12       0x78 obj_Minorca_lufa/protocol/lufa/LUFA-git/LUFA/Drivers/USB/Core/AVR8/USBInterrupt_AVR8.o
                0x00001e12                __vector_11
 .text.USB_Device_ProcessControlRequest
                0x00001e8a      0x29c obj_Minorca_lufa/protocol/lufa/LUFA-git/LUFA/Drivers/USB/Core/DeviceStandardReq.o
                0x00001e8a                USB_Device_ProcessControlRequest
 .text.host_set_driver
                0x00002126        0xa obj_Minorca_lufa/common/host.o
                0x00002126                host_set_driver
 .text.host_keyboard_leds
                0x00002130       0x18 obj_Minorca_lufa/common/host.o
                0x00002130                host_keyboard_leds
 .text.host_keyboard_send
                0x00002148       0x8a obj_Minorca_lufa/common/host.o
                0x00002148                host_keyboard_send
 .text.host_mouse_send
                0x000021d2       0x16 obj_Minorca_lufa/common/host.o
                0x000021d2                host_mouse_send
 .text.host_system_send
                0x000021e8       0x2c obj_Minorca_lufa/common/host.o
                0x000021e8                host_system_send
 .text.host_consumer_send
                0x00002214       0x2c obj_Minorca_lufa/common/host.o
                0x00002214                host_consumer_send
 .text.matrix_setup
                0x00002240        0x2 obj_Minorca_lufa/common/keyboard.o
                0x00002240                matrix_setup
 .text.keyboard_setup
                0x00002242        0x4 obj_Minorca_lufa/common/keyboard.o
                0x00002242                keyboard_setup
 .text.keyboard_init
                0x00002246        0xc obj_Minorca_lufa/common/keyboard.o
                0x00002246                keyboard_init
 .text.keyboard_task
                0x00002252      0x1a2 obj_Minorca_lufa/common/keyboard.o
                0x00002252                keyboard_task
 .text.keyboard_set_leds
                0x000023f4        0x4 obj_Minorca_lufa/common/keyboard.o
                0x000023f4                keyboard_set_leds
 .text.action_exec
                0x000023f8       0x84 obj_Minorca_lufa/common/action.o
                0x000023f8                action_exec
 .text.register_code
                0x0000247c      0x1a6 obj_Minorca_lufa/common/action.o
                0x0000247c                register_code
 .text.unregister_code
                0x00002622       0x9e obj_Minorca_lufa/common/action.o
                0x00002622                unregister_code
 .text.register_mods
                0x000026c0        0xe obj_Minorca_lufa/common/action.o
                0x000026c0                register_mods
 .text.unregister_mods
                0x000026ce        0xe obj_Minorca_lufa/common/action.o
                0x000026ce                unregister_mods
 .text.process_action
                0x000026dc      0x61a obj_Minorca_lufa/common/action.o
                0x000026dc                process_action
 .text.clear_keyboard_but_mods
                0x00002cf6       0x24 obj_Minorca_lufa/common/action.o
                0x00002cf6                clear_keyboard_but_mods
 .text.clear_keyboard
                0x00002d1a        0x8 obj_Minorca_lufa/common/action.o
                0x00002d1a                clear_keyboard
 .text.is_tap_key
                0x00002d22       0x4a obj_Minorca_lufa/common/action.o
                0x00002d22                is_tap_key
 .text.debug_event
                0x00002d6c       0x1e obj_Minorca_lufa/common/action.o
                0x00002d6c                debug_event
 .text.debug_record
                0x00002d8a       0x20 obj_Minorca_lufa/common/action.o
                0x00002d8a                debug_record
 .text.debug_waiting_buffer
                0x00002daa       0x42 obj_Minorca_lufa/common/action_tapping.o
 .text.debug_tapping_key
                0x00002dec       0x1c obj_Minorca_lufa/common/action_tapping.o
 .text.waiting_buffer_scan_tap
                0x00002e08       0xd0 obj_Minorca_lufa/common/action_tapping.o
 .text.process_tapping
                0x00002ed8      0x3da obj_Minorca_lufa/common/action_tapping.o
 .text.action_tapping_process
                0x000032b2      0x15a obj_Minorca_lufa/common/action_tapping.o
                0x000032b2                action_tapping_process
 .text.action_macro_play
                0x0000340c      0x13a obj_Minorca_lufa/common/action_macro.o
                0x0000340c                action_macro_play
 .text.default_layer_state_set
                0x00003546       0x18 obj_Minorca_lufa/common/action_layer.o
 .text.layer_state_set
                0x0000355e       0x18 obj_Minorca_lufa/common/action_layer.o
 .text.default_layer_debug
                0x00003576        0x2 obj_Minorca_lufa/common/action_layer.o
                0x00003576                default_layer_debug
 .text.default_layer_set
                0x00003578        0x4 obj_Minorca_lufa/common/action_layer.o
                0x00003578                default_layer_set
 .text.default_layer_or
                0x0000357c       0x24 obj_Minorca_lufa/common/action_layer.o
                0x0000357c                default_layer_or
 .text.default_layer_and
                0x000035a0       0x24 obj_Minorca_lufa/common/action_layer.o
                0x000035a0                default_layer_and
 .text.default_layer_xor
                0x000035c4       0x24 obj_Minorca_lufa/common/action_layer.o
                0x000035c4                default_layer_xor
 .text.layer_clear
                0x000035e8        0xa obj_Minorca_lufa/common/action_layer.o
                0x000035e8                layer_clear
 .text.layer_move
                0x000035f2       0x1e obj_Minorca_lufa/common/action_layer.o
                0x000035f2                layer_move
 .text.layer_on
                0x00003610       0x36 obj_Minorca_lufa/common/action_layer.o
                0x00003610                layer_on
 .text.layer_off
                0x00003646       0x3e obj_Minorca_lufa/common/action_layer.o
                0x00003646                layer_off
 .text.layer_invert
                0x00003684       0x36 obj_Minorca_lufa/common/action_layer.o
                0x00003684                layer_invert
 .text.layer_or
                0x000036ba       0x24 obj_Minorca_lufa/common/action_layer.o
                0x000036ba                layer_or
 .text.layer_and
                0x000036de       0x24 obj_Minorca_lufa/common/action_layer.o
                0x000036de                layer_and
 .text.layer_xor
                0x00003702       0x24 obj_Minorca_lufa/common/action_layer.o
                0x00003702                layer_xor
 .text.layer_debug
                0x00003726        0x2 obj_Minorca_lufa/common/action_layer.o
                0x00003726                layer_debug
 .text.layer_switch_get_action
                0x00003728       0x84 obj_Minorca_lufa/common/action_layer.o
                0x00003728                layer_switch_get_action
 .text.add_key  0x000037ac       0xa2 obj_Minorca_lufa/common/action_util.o
                0x000037ac                add_key
 .text.del_key  0x0000384e       0x88 obj_Minorca_lufa/common/action_util.o
                0x0000384e                del_key
 .text.clear_keys
                0x000038d6       0x1c obj_Minorca_lufa/common/action_util.o
                0x000038d6                clear_keys
 .text.get_mods
                0x000038f2        0x6 obj_Minorca_lufa/common/action_util.o
                0x000038f2                get_mods
 .text.add_mods
                0x000038f8        0xc obj_Minorca_lufa/common/action_util.o
                0x000038f8                add_mods
 .text.del_mods
                0x00003904        0xe obj_Minorca_lufa/common/action_util.o
                0x00003904                del_mods
 .text.set_mods
                0x00003912        0x6 obj_Minorca_lufa/common/action_util.o
                0x00003912                set_mods
 .text.clear_mods
                0x00003918        0x6 obj_Minorca_lufa/common/action_util.o
                0x00003918                clear_mods
 .text.add_weak_mods
                0x0000391e        0xc obj_Minorca_lufa/common/action_util.o
                0x0000391e                add_weak_mods
 .text.del_weak_mods
                0x0000392a        0xe obj_Minorca_lufa/common/action_util.o
                0x0000392a                del_weak_mods
 .text.clear_weak_mods
                0x00003938        0x6 obj_Minorca_lufa/common/action_util.o
                0x00003938                clear_weak_mods
 .text.set_oneshot_mods
                0x0000393e        0x6 obj_Minorca_lufa/common/action_util.o
                0x0000393e                set_oneshot_mods
 .text.clear_oneshot_mods
                0x00003944        0x6 obj_Minorca_lufa/common/action_util.o
                0x00003944                clear_oneshot_mods
 .text.has_anykey
                0x0000394a       0x26 obj_Minorca_lufa/common/action_util.o
                0x0000394a                has_anykey
 .text.send_keyboard_report
                0x00003970       0x4c obj_Minorca_lufa/common/action_util.o
                0x00003970                send_keyboard_report
 .text.print_set_sendchar
                0x000039bc        0xa obj_Minorca_lufa/common/print.o
                0x000039bc                print_set_sendchar
 .text.bitrev   0x000039c6       0x24 obj_Minorca_lufa/common/util.o
                0x000039c6                bitrev
 .text.bitrev16
                0x000039ea       0x34 obj_Minorca_lufa/common/util.o
                0x000039ea                bitrev16
 .text.hook_keyboard_loop
                0x00003a1e        0x2 obj_Minorca_lufa/common/hook.o
                0x00003a1e                hook_keyboard_loop
 .text.hook_matrix_change
                0x00003a20       0x1e obj_Minorca_lufa/common/hook.o
                0x00003a20                hook_matrix_change
 .text.hook_default_layer_change
                0x00003a3e        0x2 obj_Minorca_lufa/common/hook.o
                0x00003a3e                hook_default_layer_change
 .text.hook_layer_change
                0x00003a40        0x2 obj_Minorca_lufa/common/hook.o
                0x00003a40                hook_layer_change
 .text.hook_keyboard_leds_change
                0x00003a42        0x4 obj_Minorca_lufa/common/hook.o
                0x00003a42                hook_keyboard_leds_change
 .text.hook_bootmagic
                0x00003a46        0x2 obj_Minorca_lufa/common/hook.o
                0x00003a46                hook_bootmagic
 .text.suspend_power_down
                0x00003a48       0x4c obj_Minorca_lufa/common/avr/suspend.o
                0x00003a48                suspend_power_down
 .text.matrix_power_up
                0x00003a94        0x2 obj_Minorca_lufa/common/avr/suspend.o
                0x00003a94                matrix_power_up
 .text.matrix_power_down
                0x00003a96        0x2 obj_Minorca_lufa/common/avr/suspend.o
                0x00003a96                matrix_power_down
 .text.suspend_wakeup_condition
                0x00003a98       0x2a obj_Minorca_lufa/common/avr/suspend.o
                0x00003a98                suspend_wakeup_condition
 .text.suspend_wakeup_init
                0x00003ac2        0x4 obj_Minorca_lufa/common/avr/suspend.o
                0x00003ac2                suspend_wakeup_init
 .text.__vector_12
                0x00003ac6       0x52 obj_Minorca_lufa/common/avr/suspend.o
                0x00003ac6                __vector_12
 .text.timer_init
                0x00003b18       0x12 obj_Minorca_lufa/common/avr/timer.o
                0x00003b18                timer_init
 .text.timer_read
                0x00003b2a       0x18 obj_Minorca_lufa/common/avr/timer.o
                0x00003b2a                timer_read
 .text.timer_read32
                0x00003b42       0x18 obj_Minorca_lufa/common/avr/timer.o
                0x00003b42                timer_read32
 .text.timer_elapsed
                0x00003b5a       0x52 obj_Minorca_lufa/common/avr/timer.o
                0x00003b5a                timer_elapsed
 .text.__vector_21
                0x00003bac       0x4a obj_Minorca_lufa/common/avr/timer.o
                0x00003bac                __vector_21
 .text.bootloader_jump
                0x00003bf6       0x46 obj_Minorca_lufa/common/avr/bootloader.o
                0x00003bf6                bootloader_jump
 .text.keycode_to_action
                0x00003c3c      0x17c obj_Minorca_lufa/common/keymap.o
 .text.action_for_key
                0x00003db8       0xe6 obj_Minorca_lufa/common/keymap.o
                0x00003db8                action_for_key
 .text.action_get_macro
                0x00003e9e        0x6 obj_Minorca_lufa/common/keymap.o
                0x00003e9e                action_get_macro
 .text.action_function
                0x00003ea4        0x2 obj_Minorca_lufa/common/keymap.o
                0x00003ea4                action_function
 .text.scan_key
                0x00003ea6       0x90 obj_Minorca_lufa/common/bootmagic.o
 .text.bootmagic_scan_key
                0x00003f36       0x24 obj_Minorca_lufa/common/bootmagic.o
                0x00003f36                bootmagic_scan_key
 .text.bootmagic
                0x00003f5a      0x298 obj_Minorca_lufa/common/bootmagic.o
                0x00003f5a                bootmagic
 .text.eeconfig_init
                0x000041f2       0x34 obj_Minorca_lufa/common/avr/eeconfig.o
                0x000041f2                eeconfig_init
 .text.eeconfig_is_enabled
                0x00004226       0x16 obj_Minorca_lufa/common/avr/eeconfig.o
                0x00004226                eeconfig_is_enabled
 .text.eeconfig_read_debug
                0x0000423c        0x8 obj_Minorca_lufa/common/avr/eeconfig.o
                0x0000423c                eeconfig_read_debug
 .text.eeconfig_write_debug
                0x00004244        0xa obj_Minorca_lufa/common/avr/eeconfig.o
                0x00004244                eeconfig_write_debug
 .text.eeconfig_read_default_layer
                0x0000424e        0x8 obj_Minorca_lufa/common/avr/eeconfig.o
                0x0000424e                eeconfig_read_default_layer
 .text.eeconfig_write_default_layer
                0x00004256        0xa obj_Minorca_lufa/common/avr/eeconfig.o
                0x00004256                eeconfig_write_default_layer
 .text.eeconfig_read_keymap
                0x00004260        0x8 obj_Minorca_lufa/common/avr/eeconfig.o
                0x00004260                eeconfig_read_keymap
 .text.eeconfig_write_keymap
                0x00004268        0xa obj_Minorca_lufa/common/avr/eeconfig.o
                0x00004268                eeconfig_write_keymap
 .text.move_unit
                0x00004272       0x90 obj_Minorca_lufa/common/mousekey.o
 .text.wheel_unit
                0x00004302       0x72 obj_Minorca_lufa/common/mousekey.o
 .text.mousekey_on
                0x00004374       0xd0 obj_Minorca_lufa/common/mousekey.o
                0x00004374                mousekey_on
 .text.mousekey_off
                0x00004444      0x10a obj_Minorca_lufa/common/mousekey.o
                0x00004444                mousekey_off
 .text.mousekey_send
                0x0000454e      0x11a obj_Minorca_lufa/common/mousekey.o
                0x0000454e                mousekey_send
 .text.mousekey_task
                0x00004668      0x142 obj_Minorca_lufa/common/mousekey.o
                0x00004668                mousekey_task
 .text.mousekey_clear
                0x000047aa       0x18 obj_Minorca_lufa/common/mousekey.o
                0x000047aa                mousekey_clear
 .text.mousekey_console_help
                0x000047c2       0x2e obj_Minorca_lufa/common/command.o
 .text.mousekey_param_inc
                0x000047f0      0x146 obj_Minorca_lufa/common/command.o
 .text.mousekey_param_dec
                0x00004936       0xfc obj_Minorca_lufa/common/command.o
 .text.switch_default_layer
                0x00004a32       0x3c obj_Minorca_lufa/common/command.o
 .text.command_common
                0x00004a6e      0x4e0 obj_Minorca_lufa/common/command.o
 .text.command_extra
                0x00004f4e        0x4 obj_Minorca_lufa/common/command.o
                0x00004f4e                command_extra
 .text.command_console_extra
                0x00004f52        0x4 obj_Minorca_lufa/common/command.o
                0x00004f52                command_console_extra
 .text.command_proc
                0x00004f56      0x2a4 obj_Minorca_lufa/common/command.o
                0x00004f56                command_proc
 .text.avr-libc.fplib
                0x000051fa        0xa /usr/local/CrossPack-AVR-20131216/lib/gcc/avr/4.8.1/../../../../avr/lib/avr5/libm.a(fixsfsi.o)
                0x000051fa                __fixsfsi
 .text.avr-libc.fplib
                0x00005204       0x58 /usr/local/CrossPack-AVR-20131216/lib/gcc/avr/4.8.1/../../../../avr/lib/avr5/libm.a(fixunssfsi.o)
                0x00005204                __fixunssfsi
 .text.avr-libc.fplib
                0x0000525c       0x7a /usr/local/CrossPack-AVR-20131216/lib/gcc/avr/4.8.1/../../../../avr/lib/avr5/libm.a(floatsisf.o)
                0x0000525c                __floatunsisf
                0x00005260                __floatsisf
 .text.avr-libc.fplib
                0x000052d6       0x44 /usr/local/CrossPack-AVR-20131216/lib/gcc/avr/4.8.1/../../../../avr/lib/avr5/libm.a(fp_split3.o)
                0x000052d6                __fp_split3
                0x000052e6                __fp_splitA
 .text.avr-libc.fplib
                0x0000531a        0xe /usr/local/CrossPack-AVR-20131216/lib/gcc/avr/4.8.1/../../../../avr/lib/avr5/libm.a(fp_zero.o)
                0x0000531a                __fp_zero
                0x0000531c                __fp_szero
 .text.avr-libc.fplib
                0x00005328        0x4 /usr/local/CrossPack-AVR-20131216/lib/gcc/avr/4.8.1/../../../../avr/lib/avr5/libm.a(mulsf3.o)
                0x00005328                __mulsf3
 .text.avr-libc.fplib
                0x0000532c       0xc2 /usr/local/CrossPack-AVR-20131216/lib/gcc/avr/4.8.1/../../../../avr/lib/avr5/libm.a(mulsf3x.o)
                0x00005340                __mulsf3x
                0x00005344                __mulsf3_pse
 .text.avr-libc.fplib
                0x000053ee        0xc /usr/local/CrossPack-AVR-20131216/lib/gcc/avr/4.8.1/../../../../avr/lib/avr5/libm.a(fp_inf.o)
                0x000053ee                __fp_inf
 .text.avr-libc.fplib
                0x000053fa        0x6 /usr/local/CrossPack-AVR-20131216/lib/gcc/avr/4.8.1/../../../../avr/lib/avr5/libm.a(fp_nan.o)
                0x000053fa                __fp_nan
 .text.avr-libc.fplib
                0x00005400        0xe /usr/local/CrossPack-AVR-20131216/lib/gcc/avr/4.8.1/../../../../avr/lib/avr5/libm.a(fp_pscA.o)
                0x00005400                __fp_pscA
 .text.avr-libc.fplib
                0x0000540e        0xe /usr/local/CrossPack-AVR-20131216/lib/gcc/avr/4.8.1/../../../../avr/lib/avr5/libm.a(fp_pscB.o)
                0x0000540e                __fp_pscB
 .text.avr-libc.fplib
                0x0000541c       0x22 /usr/local/CrossPack-AVR-20131216/lib/gcc/avr/4.8.1/../../../../avr/lib/avr5/libm.a(fp_round.o)
                0x0000541c                __fp_round
 .text.libgcc.div
                0x0000543e       0x18 /usr/local/CrossPack-AVR-20131216/lib/gcc/avr/4.8.1/avr5/libgcc.a(_udivmodqi4.o)
                0x0000543e                __udivmodqi4
 .text.libgcc.div
                0x00005456       0x28 /usr/local/CrossPack-AVR-20131216/lib/gcc/avr/4.8.1/avr5/libgcc.a(_divmodhi4.o)
                0x00005456                __divmodhi4
                0x00005456                _div
 .text.libgcc   0x0000547e        0xc /usr/local/CrossPack-AVR-20131216/lib/gcc/avr/4.8.1/avr5/libgcc.a(_tablejump.o)
                0x0000547e                __tablejump2__
                0x00005482                __tablejump__
 .text.libgcc.div
                0x0000548a       0x28 /usr/local/CrossPack-AVR-20131216/lib/gcc/avr/4.8.1/avr5/libgcc.a(_udivmodhi4.o)
                0x0000548a                __udivmodhi4
 .text.avr-libc
                0x000054b2       0x10 /usr/local/CrossPack-AVR-20131216/lib/gcc/avr/4.8.1/../../../../avr/lib/avr5/libc.a(eerd_byte_atmega32u4.o)
                0x000054b2                __eerd_byte_m32u4
 .text.avr-libc
                0x000054c2        0xc /usr/local/CrossPack-AVR-20131216/lib/gcc/avr/4.8.1/../../../../avr/lib/avr5/libc.a(eerd_word_atmega32u4.o)
                0x000054c2                __eerd_word_m32u4
 .text.avr-libc
                0x000054ce       0x1c /usr/local/CrossPack-AVR-20131216/lib/gcc/avr/4.8.1/../../../../avr/lib/avr5/libc.a(eewr_byte_atmega32u4.o)
                0x000054ce                __eewr_byte_m32u4
                0x000054d0                __eewr_r18_m32u4
 .text.avr-libc
                0x000054ea        0xa /usr/local/CrossPack-AVR-20131216/lib/gcc/avr/4.8.1/../../../../avr/lib/avr5/libc.a(eewr_word_atmega32u4.o)
                0x000054ea                __eewr_word_m32u4
 .text.avr-libc
                0x000054f4       0x20 /usr/local/CrossPack-AVR-20131216/lib/gcc/avr/4.8.1/../../../../avr/lib/avr5/libc.a(eerd_block_atmega32u4.o)
                0x000054f4                __eerd_block_m32u4
                0x000054f8                __eerd_blraw_m32u4
                0x00005514                . = ALIGN (0x2)
 *(.fini9)
 .fini9         0x00005514        0x0 /usr/local/CrossPack-AVR-20131216/lib/gcc/avr/4.8.1/avr5/libgcc.a(_exit.o)
                0x00005514                exit
                0x00005514                _exit
 *(.fini9)
 *(.fini8)
 *(.fini8)
 *(.fini7)
 *(.fini7)
 *(.fini6)
 *(.fini6)
 *(.fini5)
 *(.fini5)
 *(.fini4)
 *(.fini4)
 *(.fini3)
 *(.fini3)
 *(.fini2)
 *(.fini2)
 *(.fini1)
 *(.fini1)
 *(.fini0)
 .fini0         0x00005514        0x4 /usr/local/CrossPack-AVR-20131216/lib/gcc/avr/4.8.1/avr5/libgcc.a(_exit.o)
 *(.fini0)
                0x00005518                _etext = .

.data           0x00800100       0x38 load address 0x00005518
                0x00800100                PROVIDE (__data_start, .)
 *(.data)
 .data          0x00800100        0x0 /usr/local/CrossPack-AVR-20131216/lib/gcc/avr/4.8.1/../../../../avr/lib/avr5/crtm32u4.o
 .data          0x00800100        0x0 obj_Minorca_lufa/keymap_minorca.o
 .data          0x00800100        0x0 obj_Minorca_lufa/keymap_common.o
 .data          0x00800100        0x0 obj_Minorca_lufa/matrix.o
 .data          0x00800100        0x0 obj_Minorca_lufa/led.o
 .data          0x00800100        0x0 obj_Minorca_lufa/protocol/lufa/lufa.o
 .data          0x00800100        0x0 obj_Minorca_lufa/protocol/lufa/descriptor.o
 .data          0x00800100        0x0 obj_Minorca_lufa/protocol/lufa/LUFA-git/LUFA/Drivers/USB/Class/Common/HIDParser.o
 .data          0x00800100        0x0 obj_Minorca_lufa/protocol/lufa/LUFA-git/LUFA/Drivers/USB/Core/AVR8/Device_AVR8.o
 .data          0x00800100        0x0 obj_Minorca_lufa/protocol/lufa/LUFA-git/LUFA/Drivers/USB/Core/AVR8/EndpointStream_AVR8.o
 .data          0x00800100        0x0 obj_Minorca_lufa/protocol/lufa/LUFA-git/LUFA/Drivers/USB/Core/AVR8/Endpoint_AVR8.o
 .data          0x00800100        0x0 obj_Minorca_lufa/protocol/lufa/LUFA-git/LUFA/Drivers/USB/Core/AVR8/Host_AVR8.o
 .data          0x00800100        0x0 obj_Minorca_lufa/protocol/lufa/LUFA-git/LUFA/Drivers/USB/Core/AVR8/PipeStream_AVR8.o
 .data          0x00800100        0x0 obj_Minorca_lufa/protocol/lufa/LUFA-git/LUFA/Drivers/USB/Core/AVR8/Pipe_AVR8.o
 .data          0x00800100        0x0 obj_Minorca_lufa/protocol/lufa/LUFA-git/LUFA/Drivers/USB/Core/AVR8/USBController_AVR8.o
 .data          0x00800100        0x0 obj_Minorca_lufa/protocol/lufa/LUFA-git/LUFA/Drivers/USB/Core/AVR8/USBInterrupt_AVR8.o
 .data          0x00800100        0x0 obj_Minorca_lufa/protocol/lufa/LUFA-git/LUFA/Drivers/USB/Core/ConfigDescriptors.o
 .data          0x00800100        0x0 obj_Minorca_lufa/protocol/lufa/LUFA-git/LUFA/Drivers/USB/Core/DeviceStandardReq.o
 .data          0x00800100        0x0 obj_Minorca_lufa/protocol/lufa/LUFA-git/LUFA/Drivers/USB/Core/Events.o
 .data          0x00800100        0x0 obj_Minorca_lufa/protocol/lufa/LUFA-git/LUFA/Drivers/USB/Core/HostStandardReq.o
 .data          0x00800100        0x0 obj_Minorca_lufa/protocol/lufa/LUFA-git/LUFA/Drivers/USB/Core/USBTask.o
 .data          0x00800100        0x0 obj_Minorca_lufa/common/host.o
 .data          0x00800100        0x0 obj_Minorca_lufa/common/keyboard.o
 .data          0x00800100        0x0 obj_Minorca_lufa/common/action.o
 .data          0x00800100        0x0 obj_Minorca_lufa/common/action_tapping.o
 .data          0x00800100        0x0 obj_Minorca_lufa/common/action_macro.o
 .data          0x00800100        0x0 obj_Minorca_lufa/common/action_layer.o
 .data          0x00800100        0x0 obj_Minorca_lufa/common/action_util.o
 .data          0x00800100        0x0 obj_Minorca_lufa/common/print.o
 .data          0x00800100        0x0 obj_Minorca_lufa/common/debug.o
 .data          0x00800100        0x0 obj_Minorca_lufa/common/util.o
 .data          0x00800100        0x0 obj_Minorca_lufa/common/hook.o
 .data          0x00800100        0x0 obj_Minorca_lufa/common/avr/suspend.o
 .data          0x00800100        0x0 obj_Minorca_lufa/common/avr/xprintf.o
 .data          0x00800100        0x0 obj_Minorca_lufa/common/avr/timer.o
 .data          0x00800100        0x0 obj_Minorca_lufa/common/avr/bootloader.o
 .data          0x00800100        0x0 obj_Minorca_lufa/common/keymap.o
 .data          0x00800100        0x0 obj_Minorca_lufa/common/bootmagic.o
 .data          0x00800100        0x0 obj_Minorca_lufa/common/avr/eeconfig.o
 .data          0x00800100        0x0 obj_Minorca_lufa/common/mousekey.o
 .data          0x00800100        0x0 obj_Minorca_lufa/common/command.o
 .data          0x00800100        0x0 /usr/local/CrossPack-AVR-20131216/lib/gcc/avr/4.8.1/../../../../avr/lib/avr5/libm.a(fixsfsi.o)
 .data          0x00800100        0x0 /usr/local/CrossPack-AVR-20131216/lib/gcc/avr/4.8.1/../../../../avr/lib/avr5/libm.a(fixunssfsi.o)
 .data          0x00800100        0x0 /usr/local/CrossPack-AVR-20131216/lib/gcc/avr/4.8.1/../../../../avr/lib/avr5/libm.a(floatsisf.o)
 .data          0x00800100        0x0 /usr/local/CrossPack-AVR-20131216/lib/gcc/avr/4.8.1/../../../../avr/lib/avr5/libm.a(fp_split3.o)
 .data          0x00800100        0x0 /usr/local/CrossPack-AVR-20131216/lib/gcc/avr/4.8.1/../../../../avr/lib/avr5/libm.a(fp_zero.o)
 .data          0x00800100        0x0 /usr/local/CrossPack-AVR-20131216/lib/gcc/avr/4.8.1/../../../../avr/lib/avr5/libm.a(mulsf3.o)
 .data          0x00800100        0x0 /usr/local/CrossPack-AVR-20131216/lib/gcc/avr/4.8.1/../../../../avr/lib/avr5/libm.a(mulsf3x.o)
 .data          0x00800100        0x0 /usr/local/CrossPack-AVR-20131216/lib/gcc/avr/4.8.1/../../../../avr/lib/avr5/libm.a(fp_inf.o)
 .data          0x00800100        0x0 /usr/local/CrossPack-AVR-20131216/lib/gcc/avr/4.8.1/../../../../avr/lib/avr5/libm.a(fp_nan.o)
 .data          0x00800100        0x0 /usr/local/CrossPack-AVR-20131216/lib/gcc/avr/4.8.1/../../../../avr/lib/avr5/libm.a(fp_pscA.o)
 .data          0x00800100        0x0 /usr/local/CrossPack-AVR-20131216/lib/gcc/avr/4.8.1/../../../../avr/lib/avr5/libm.a(fp_pscB.o)
 .data          0x00800100        0x0 /usr/local/CrossPack-AVR-20131216/lib/gcc/avr/4.8.1/../../../../avr/lib/avr5/libm.a(fp_round.o)
 .data          0x00800100        0x0 /usr/local/CrossPack-AVR-20131216/lib/gcc/avr/4.8.1/avr5/libgcc.a(_udivmodqi4.o)
 .data          0x00800100        0x0 /usr/local/CrossPack-AVR-20131216/lib/gcc/avr/4.8.1/avr5/libgcc.a(_divmodhi4.o)
 .data          0x00800100        0x0 /usr/local/CrossPack-AVR-20131216/lib/gcc/avr/4.8.1/avr5/libgcc.a(_exit.o)
 .data          0x00800100        0x0 /usr/local/CrossPack-AVR-20131216/lib/gcc/avr/4.8.1/avr5/libgcc.a(_tablejump.o)
 .data          0x00800100        0x0 /usr/local/CrossPack-AVR-20131216/lib/gcc/avr/4.8.1/avr5/libgcc.a(_copy_data.o)
 .data          0x00800100        0x0 /usr/local/CrossPack-AVR-20131216/lib/gcc/avr/4.8.1/avr5/libgcc.a(_clear_bss.o)
 .data          0x00800100        0x0 /usr/local/CrossPack-AVR-20131216/lib/gcc/avr/4.8.1/avr5/libgcc.a(_udivmodhi4.o)
 .data          0x00800100        0x0 /usr/local/CrossPack-AVR-20131216/lib/gcc/avr/4.8.1/../../../../avr/lib/avr5/libc.a(eerd_byte_atmega32u4.o)
 .data          0x00800100        0x0 /usr/local/CrossPack-AVR-20131216/lib/gcc/avr/4.8.1/../../../../avr/lib/avr5/libc.a(eerd_word_atmega32u4.o)
 .data          0x00800100        0x0 /usr/local/CrossPack-AVR-20131216/lib/gcc/avr/4.8.1/../../../../avr/lib/avr5/libc.a(eeupd_byte_atmega32u4.o)
 .data          0x00800100        0x0 /usr/local/CrossPack-AVR-20131216/lib/gcc/avr/4.8.1/../../../../avr/lib/avr5/libc.a(eewr_byte_atmega32u4.o)
 .data          0x00800100        0x0 /usr/local/CrossPack-AVR-20131216/lib/gcc/avr/4.8.1/../../../../avr/lib/avr5/libc.a(eewr_word_atmega32u4.o)
 .data          0x00800100        0x0 /usr/local/CrossPack-AVR-20131216/lib/gcc/avr/4.8.1/../../../../avr/lib/avr5/libc.a(eerd_block_atmega32u4.o)
 *(.data*)
 .data.debouncing
                0x00800100        0x1 obj_Minorca_lufa/matrix.o
 .data.lufa_driver
                0x00800101        0xa obj_Minorca_lufa/protocol/lufa/lufa.o
                0x00800101                lufa_driver
 .data.keyboard_protocol
                0x0080010b        0x1 obj_Minorca_lufa/protocol/lufa/lufa.o
                0x0080010b                keyboard_protocol
 .data.keyboard_nkro
                0x0080010c        0x1 obj_Minorca_lufa/common/host.o
                0x0080010c                keyboard_nkro
 .data.keyboard_report
                0x0080010d        0x2 obj_Minorca_lufa/common/action_util.o
                0x0080010d                keyboard_report
 .data.mk_wheel_time_to_max
                0x0080010f        0x1 obj_Minorca_lufa/common/mousekey.o
                0x0080010f                mk_wheel_time_to_max
 .data.mk_wheel_max_speed
                0x00800110        0x1 obj_Minorca_lufa/common/mousekey.o
                0x00800110                mk_wheel_max_speed
 .data.mk_time_to_max
                0x00800111        0x1 obj_Minorca_lufa/common/mousekey.o
                0x00800111                mk_time_to_max
 .data.mk_max_speed
                0x00800112        0x1 obj_Minorca_lufa/common/mousekey.o
                0x00800112                mk_max_speed
 .data.mk_interval
                0x00800113        0x1 obj_Minorca_lufa/common/mousekey.o
                0x00800113                mk_interval
 .data.mk_delay
                0x00800114        0x1 obj_Minorca_lufa/common/mousekey.o
                0x00800114                mk_delay
 *(.rodata)
 *(.rodata*)
 .rodata.CSWTCH.3
                0x00800115        0x5 obj_Minorca_lufa/protocol/lufa/descriptor.o
 .rodata.CSWTCH.2
                0x0080011a        0xa obj_Minorca_lufa/protocol/lufa/descriptor.o
 .rodata.CSWTCH.1
                0x00800124        0xa obj_Minorca_lufa/protocol/lufa/descriptor.o
 .rodata.CSWTCH.43
                0x0080012e        0xa obj_Minorca_lufa/common/command.o
 *(.gnu.linkonce.d*)
                0x00800138                . = ALIGN (0x2)
                0x00800138                _edata = .
                0x00800138                PROVIDE (__data_end, .)

.bss            0x00800138       0xa8
                0x00800138                PROVIDE (__bss_start, .)
 *(.bss)
 .bss           0x00800138        0x2 obj_Minorca_lufa/common/avr/xprintf.o
                0x00800138                xfunc_out
 *(.bss*)
 .bss.matrix_debouncing
                0x0080013a        0x8 obj_Minorca_lufa/matrix.o
 .bss.matrix    0x00800142        0x8 obj_Minorca_lufa/matrix.o
 .bss.timeouted.4740
                0x0080014a        0x1 obj_Minorca_lufa/protocol/lufa/lufa.o
 .bss.count.4670
                0x0080014b        0x1 obj_Minorca_lufa/protocol/lufa/lufa.o
 .bss.console_flush
                0x0080014c        0x1 obj_Minorca_lufa/protocol/lufa/lufa.o
 .bss.keyboard_report_sent
                0x0080014d       0x10 obj_Minorca_lufa/protocol/lufa/lufa.o
 .bss.keyboard_led_stats
                0x0080015d        0x1 obj_Minorca_lufa/protocol/lufa/lufa.o
 .bss.keyboard_idle
                0x0080015e        0x1 obj_Minorca_lufa/protocol/lufa/lufa.o
                0x0080015e                keyboard_idle
 .bss.last_consumer_report
                0x0080015f        0x2 obj_Minorca_lufa/common/host.o
 .bss.last_system_report
                0x00800161        0x2 obj_Minorca_lufa/common/host.o
 .bss.driver    0x00800163        0x2 obj_Minorca_lufa/common/host.o
 .bss.led_status.4734
                0x00800165        0x1 obj_Minorca_lufa/common/keyboard.o
 .bss.matrix_prev.4733
                0x00800166        0x8 obj_Minorca_lufa/common/keyboard.o
 .bss.waiting_buffer_tail
                0x0080016e        0x1 obj_Minorca_lufa/common/action_tapping.o
 .bss.waiting_buffer_head
                0x0080016f        0x1 obj_Minorca_lufa/common/action_tapping.o
 .bss.waiting_buffer
                0x00800170       0x30 obj_Minorca_lufa/common/action_tapping.o
 .bss.tapping_key
                0x008001a0        0x6 obj_Minorca_lufa/common/action_tapping.o
 .bss.layer_state
                0x008001a6        0x4 obj_Minorca_lufa/common/action_layer.o
                0x008001a6                layer_state
 .bss.default_layer_state
                0x008001aa        0x4 obj_Minorca_lufa/common/action_layer.o
                0x008001aa                default_layer_state
 .bss.oneshot_mods
                0x008001ae        0x1 obj_Minorca_lufa/common/action_util.o
 .bss.__compound_literal.0
                0x008001af       0x10 obj_Minorca_lufa/common/action_util.o
 .bss.weak_mods
                0x008001bf        0x1 obj_Minorca_lufa/common/action_util.o
 .bss.real_mods
                0x008001c0        0x1 obj_Minorca_lufa/common/action_util.o
 .bss.debug_config
                0x008001c1        0x1 obj_Minorca_lufa/common/debug.o
                0x008001c1                debug_config
 .bss.wdt_timeout
                0x008001c2        0x1 obj_Minorca_lufa/common/avr/suspend.o
 .bss.timer_count
                0x008001c3        0x4 obj_Minorca_lufa/common/avr/timer.o
                0x008001c3                timer_count
 .bss.last_timer
                0x008001c7        0x2 obj_Minorca_lufa/common/mousekey.o
 .bss.mousekey_accel
                0x008001c9        0x1 obj_Minorca_lufa/common/mousekey.o
 .bss.mousekey_repeat
                0x008001ca        0x1 obj_Minorca_lufa/common/mousekey.o
 .bss.mouse_report
                0x008001cb        0x5 obj_Minorca_lufa/common/mousekey.o
 .bss.mousekey_param
                0x008001d0        0x1 obj_Minorca_lufa/common/command.o
 .bss.command_state
                0x008001d1        0x1 obj_Minorca_lufa/common/command.o
                0x008001d1                command_state
 *(COMMON)
 COMMON         0x008001d2        0x3 obj_Minorca_lufa/protocol/lufa/LUFA-git/LUFA/Drivers/USB/Core/DeviceStandardReq.o
                0x008001d2                USB_Device_ConfigurationNumber
                0x008001d3                USB_Device_CurrentlySelfPowered
                0x008001d4                USB_Device_RemoteWakeupEnabled
 COMMON         0x008001d5        0xa obj_Minorca_lufa/protocol/lufa/LUFA-git/LUFA/Drivers/USB/Core/USBTask.o
                0x008001d5                USB_IsInitialized
                0x008001d6                USB_DeviceState
                0x008001d7                USB_ControlRequest
 COMMON         0x008001df        0x1 obj_Minorca_lufa/common/bootmagic.o
                0x008001df                keymap_config
                0x008001e0                PROVIDE (__bss_end, .)
                0x00005518                __data_load_start = LOADADDR (.data)
                0x00005550                __data_load_end = (__data_load_start + SIZEOF (.data))

.noinit         0x008001e0        0x4
                0x008001e0                PROVIDE (__noinit_start, .)
 *(.noinit*)
 .noinit        0x008001e0        0x4 obj_Minorca_lufa/common/avr/bootloader.o
                0x008001e0                reset_key
                0x008001e4                PROVIDE (__noinit_end, .)
                0x008001e4                _end = .
                0x008001e4                PROVIDE (__heap_start, .)

.eeprom         0x00810000        0x0
 *(.eeprom*)
                0x00810000                __eeprom_end = .

.fuse
 *(.fuse)
 *(.lfuse)
 *(.hfuse)
 *(.efuse)

.lock
 *(.lock*)

.signature
 *(.signature*)

.user_signatures
 *(.user_signatures*)

.stab           0x00000000      0x8b8
 *(.stab)
 .stab          0x00000000      0x8b8 obj_Minorca_lufa/common/avr/xprintf.o

.stabstr        0x00000000       0x90
 *(.stabstr)
 .stabstr       0x00000000       0x90 obj_Minorca_lufa/common/avr/xprintf.o

.stab.excl
 *(.stab.excl)

.stab.exclstr
 *(.stab.exclstr)

.stab.index
 *(.stab.index)

.stab.indexstr
 *(.stab.indexstr)

.comment        0x00000000       0x11
 *(.comment)
 .comment       0x00000000       0x11 obj_Minorca_lufa/keymap_minorca.o
                                 0x12 (size before relaxing)
 .comment       0x00000000       0x12 obj_Minorca_lufa/keymap_common.o
 .comment       0x00000000       0x12 obj_Minorca_lufa/matrix.o
 .comment       0x00000000       0x12 obj_Minorca_lufa/led.o
 .comment       0x00000000       0x12 obj_Minorca_lufa/protocol/lufa/lufa.o
 .comment       0x00000000       0x12 obj_Minorca_lufa/protocol/lufa/descriptor.o
 .comment       0x00000000       0x12 obj_Minorca_lufa/protocol/lufa/LUFA-git/LUFA/Drivers/USB/Class/Common/HIDParser.o
 .comment       0x00000000       0x12 obj_Minorca_lufa/protocol/lufa/LUFA-git/LUFA/Drivers/USB/Core/AVR8/Device_AVR8.o
 .comment       0x00000000       0x12 obj_Minorca_lufa/protocol/lufa/LUFA-git/LUFA/Drivers/USB/Core/AVR8/EndpointStream_AVR8.o
 .comment       0x00000000       0x12 obj_Minorca_lufa/protocol/lufa/LUFA-git/LUFA/Drivers/USB/Core/AVR8/Endpoint_AVR8.o
 .comment       0x00000000       0x12 obj_Minorca_lufa/protocol/lufa/LUFA-git/LUFA/Drivers/USB/Core/AVR8/Host_AVR8.o
 .comment       0x00000000       0x12 obj_Minorca_lufa/protocol/lufa/LUFA-git/LUFA/Drivers/USB/Core/AVR8/PipeStream_AVR8.o
 .comment       0x00000000       0x12 obj_Minorca_lufa/protocol/lufa/LUFA-git/LUFA/Drivers/USB/Core/AVR8/Pipe_AVR8.o
 .comment       0x00000000       0x12 obj_Minorca_lufa/protocol/lufa/LUFA-git/LUFA/Drivers/USB/Core/AVR8/USBController_AVR8.o
 .comment       0x00000000       0x12 obj_Minorca_lufa/protocol/lufa/LUFA-git/LUFA/Drivers/USB/Core/AVR8/USBInterrupt_AVR8.o
 .comment       0x00000000       0x12 obj_Minorca_lufa/protocol/lufa/LUFA-git/LUFA/Drivers/USB/Core/ConfigDescriptors.o
 .comment       0x00000000       0x12 obj_Minorca_lufa/protocol/lufa/LUFA-git/LUFA/Drivers/USB/Core/DeviceStandardReq.o
 .comment       0x00000000       0x12 obj_Minorca_lufa/protocol/lufa/LUFA-git/LUFA/Drivers/USB/Core/Events.o
 .comment       0x00000000       0x12 obj_Minorca_lufa/protocol/lufa/LUFA-git/LUFA/Drivers/USB/Core/HostStandardReq.o
 .comment       0x00000000       0x12 obj_Minorca_lufa/protocol/lufa/LUFA-git/LUFA/Drivers/USB/Core/USBTask.o
 .comment       0x00000000       0x12 obj_Minorca_lufa/common/host.o
 .comment       0x00000000       0x12 obj_Minorca_lufa/common/keyboard.o
 .comment       0x00000000       0x12 obj_Minorca_lufa/common/action.o
 .comment       0x00000000       0x12 obj_Minorca_lufa/common/action_tapping.o
 .comment       0x00000000       0x12 obj_Minorca_lufa/common/action_macro.o
 .comment       0x00000000       0x12 obj_Minorca_lufa/common/action_layer.o
 .comment       0x00000000       0x12 obj_Minorca_lufa/common/action_util.o
 .comment       0x00000000       0x12 obj_Minorca_lufa/common/print.o
 .comment       0x00000000       0x12 obj_Minorca_lufa/common/debug.o
 .comment       0x00000000       0x12 obj_Minorca_lufa/common/util.o
 .comment       0x00000000       0x12 obj_Minorca_lufa/common/hook.o
 .comment       0x00000000       0x12 obj_Minorca_lufa/common/avr/suspend.o
 .comment       0x00000000       0x12 obj_Minorca_lufa/common/avr/timer.o
 .comment       0x00000000       0x12 obj_Minorca_lufa/common/avr/bootloader.o
 .comment       0x00000000       0x12 obj_Minorca_lufa/common/keymap.o
 .comment       0x00000000       0x12 obj_Minorca_lufa/common/bootmagic.o
 .comment       0x00000000       0x12 obj_Minorca_lufa/common/avr/eeconfig.o
 .comment       0x00000000       0x12 obj_Minorca_lufa/common/mousekey.o
 .comment       0x00000000       0x12 obj_Minorca_lufa/common/command.o

.debug
 *(.debug)

.line
 *(.line)

.debug_srcinfo
 *(.debug_srcinfo)

.debug_sfnames
 *(.debug_sfnames)

.debug_aranges  0x00000000      0xb30
 *(.debug_aranges)
 .debug_aranges
                0x00000000       0x18 obj_Minorca_lufa/keymap_minorca.o
 .debug_aranges
                0x00000018       0x28 obj_Minorca_lufa/keymap_common.o
 .debug_aranges
                0x00000040       0x68 obj_Minorca_lufa/matrix.o
 .debug_aranges
                0x000000a8       0x20 obj_Minorca_lufa/led.o
 .debug_aranges
                0x000000c8       0xb8 obj_Minorca_lufa/protocol/lufa/lufa.o
 .debug_aranges
                0x00000180       0x20 obj_Minorca_lufa/protocol/lufa/descriptor.o
 .debug_aranges
                0x000001a0       0x38 obj_Minorca_lufa/protocol/lufa/LUFA-git/LUFA/Drivers/USB/Class/Common/HIDParser.o
 .debug_aranges
                0x000001d8       0x20 obj_Minorca_lufa/protocol/lufa/LUFA-git/LUFA/Drivers/USB/Core/AVR8/Device_AVR8.o
 .debug_aranges
                0x000001f8       0xc8 obj_Minorca_lufa/protocol/lufa/LUFA-git/LUFA/Drivers/USB/Core/AVR8/EndpointStream_AVR8.o
 .debug_aranges
                0x000002c0       0x40 obj_Minorca_lufa/protocol/lufa/LUFA-git/LUFA/Drivers/USB/Core/AVR8/Endpoint_AVR8.o
 .debug_aranges
                0x00000300       0x18 obj_Minorca_lufa/protocol/lufa/LUFA-git/LUFA/Drivers/USB/Core/AVR8/Host_AVR8.o
 .debug_aranges
                0x00000318       0x18 obj_Minorca_lufa/protocol/lufa/LUFA-git/LUFA/Drivers/USB/Core/AVR8/PipeStream_AVR8.o
 .debug_aranges
                0x00000330       0x18 obj_Minorca_lufa/protocol/lufa/LUFA-git/LUFA/Drivers/USB/Core/AVR8/Pipe_AVR8.o
 .debug_aranges
                0x00000348       0x30 obj_Minorca_lufa/protocol/lufa/LUFA-git/LUFA/Drivers/USB/Core/AVR8/USBController_AVR8.o
 .debug_aranges
                0x00000378       0x38 obj_Minorca_lufa/protocol/lufa/LUFA-git/LUFA/Drivers/USB/Core/AVR8/USBInterrupt_AVR8.o
 .debug_aranges
                0x000003b0       0x40 obj_Minorca_lufa/protocol/lufa/LUFA-git/LUFA/Drivers/USB/Core/ConfigDescriptors.o
 .debug_aranges
                0x000003f0       0x20 obj_Minorca_lufa/protocol/lufa/LUFA-git/LUFA/Drivers/USB/Core/DeviceStandardReq.o
 .debug_aranges
                0x00000410       0x20 obj_Minorca_lufa/protocol/lufa/LUFA-git/LUFA/Drivers/USB/Core/Events.o
 .debug_aranges
                0x00000430       0x18 obj_Minorca_lufa/protocol/lufa/LUFA-git/LUFA/Drivers/USB/Core/HostStandardReq.o
 .debug_aranges
                0x00000448       0x20 obj_Minorca_lufa/protocol/lufa/LUFA-git/LUFA/Drivers/USB/Core/USBTask.o
 .debug_aranges
                0x00000468       0x60 obj_Minorca_lufa/common/host.o
 .debug_aranges
                0x000004c8       0x40 obj_Minorca_lufa/common/keyboard.o
 .debug_aranges
                0x00000508       0x78 obj_Minorca_lufa/common/action.o
 .debug_aranges
                0x00000580       0x40 obj_Minorca_lufa/common/action_tapping.o
 .debug_aranges
                0x000005c0       0x20 obj_Minorca_lufa/common/action_macro.o
 .debug_aranges
                0x000005e0       0xa0 obj_Minorca_lufa/common/action_layer.o
 .debug_aranges
                0x00000680       0xb0 obj_Minorca_lufa/common/action_util.o
 .debug_aranges
                0x00000730       0x20 obj_Minorca_lufa/common/print.o
 .debug_aranges
                0x00000750       0x18 obj_Minorca_lufa/common/debug.o
 .debug_aranges
                0x00000768       0x60 obj_Minorca_lufa/common/util.o
 .debug_aranges
                0x000007c8       0x48 obj_Minorca_lufa/common/hook.o
 .debug_aranges
                0x00000810       0x50 obj_Minorca_lufa/common/avr/suspend.o
 .debug_aranges
                0x00000860       0x50 obj_Minorca_lufa/common/avr/timer.o
 .debug_aranges
                0x000008b0       0x28 obj_Minorca_lufa/common/avr/bootloader.o
 .debug_aranges
                0x000008d8       0x38 obj_Minorca_lufa/common/keymap.o
 .debug_aranges
                0x00000910       0x30 obj_Minorca_lufa/common/bootmagic.o
 .debug_aranges
                0x00000940       0x68 obj_Minorca_lufa/common/avr/eeconfig.o
 .debug_aranges
                0x000009a8       0x50 obj_Minorca_lufa/common/mousekey.o
 .debug_aranges
                0x000009f8       0x58 obj_Minorca_lufa/common/command.o
 .debug_aranges
                0x00000a50       0x20 /usr/local/CrossPack-AVR-20131216/lib/gcc/avr/4.8.1/avr5/libgcc.a(_udivmodqi4.o)
 .debug_aranges
                0x00000a70       0x20 /usr/local/CrossPack-AVR-20131216/lib/gcc/avr/4.8.1/avr5/libgcc.a(_divmodhi4.o)
 .debug_aranges
                0x00000a90       0x20 /usr/local/CrossPack-AVR-20131216/lib/gcc/avr/4.8.1/avr5/libgcc.a(_exit.o)
 .debug_aranges
                0x00000ab0       0x20 /usr/local/CrossPack-AVR-20131216/lib/gcc/avr/4.8.1/avr5/libgcc.a(_tablejump.o)
 .debug_aranges
                0x00000ad0       0x20 /usr/local/CrossPack-AVR-20131216/lib/gcc/avr/4.8.1/avr5/libgcc.a(_copy_data.o)
 .debug_aranges
                0x00000af0       0x20 /usr/local/CrossPack-AVR-20131216/lib/gcc/avr/4.8.1/avr5/libgcc.a(_clear_bss.o)
 .debug_aranges
                0x00000b10       0x20 /usr/local/CrossPack-AVR-20131216/lib/gcc/avr/4.8.1/avr5/libgcc.a(_udivmodhi4.o)

.debug_pubnames
 *(.debug_pubnames)

.debug_info     0x00000000    0x10c65
 *(.debug_info)
 .debug_info    0x00000000      0x84f obj_Minorca_lufa/keymap_minorca.o
 .debug_info    0x0000084f      0x66a obj_Minorca_lufa/keymap_common.o
 .debug_info    0x00000eb9      0x55b obj_Minorca_lufa/matrix.o
 .debug_info    0x00001414       0x91 obj_Minorca_lufa/led.o
 .debug_info    0x000014a5     0x15ed obj_Minorca_lufa/protocol/lufa/lufa.o
 .debug_info    0x00002a92      0x818 obj_Minorca_lufa/protocol/lufa/descriptor.o
 .debug_info    0x000032aa      0x73e obj_Minorca_lufa/protocol/lufa/LUFA-git/LUFA/Drivers/USB/Class/Common/HIDParser.o
 .debug_info    0x000039e8       0xd2 obj_Minorca_lufa/protocol/lufa/LUFA-git/LUFA/Drivers/USB/Core/AVR8/Device_AVR8.o
 .debug_info    0x00003aba     0x17b4 obj_Minorca_lufa/protocol/lufa/LUFA-git/LUFA/Drivers/USB/Core/AVR8/EndpointStream_AVR8.o
 .debug_info    0x0000526e      0x614 obj_Minorca_lufa/protocol/lufa/LUFA-git/LUFA/Drivers/USB/Core/AVR8/Endpoint_AVR8.o
 .debug_info    0x00005882       0x56 obj_Minorca_lufa/protocol/lufa/LUFA-git/LUFA/Drivers/USB/Core/AVR8/Host_AVR8.o
 .debug_info    0x000058d8       0x56 obj_Minorca_lufa/protocol/lufa/LUFA-git/LUFA/Drivers/USB/Core/AVR8/PipeStream_AVR8.o
 .debug_info    0x0000592e       0x56 obj_Minorca_lufa/protocol/lufa/LUFA-git/LUFA/Drivers/USB/Core/AVR8/Pipe_AVR8.o
 .debug_info    0x00005984      0x4cb obj_Minorca_lufa/protocol/lufa/LUFA-git/LUFA/Drivers/USB/Core/AVR8/USBController_AVR8.o
 .debug_info    0x00005e4f      0x7c4 obj_Minorca_lufa/protocol/lufa/LUFA-git/LUFA/Drivers/USB/Core/AVR8/USBInterrupt_AVR8.o
 .debug_info    0x00006613      0x3cd obj_Minorca_lufa/protocol/lufa/LUFA-git/LUFA/Drivers/USB/Core/ConfigDescriptors.o
 .debug_info    0x000069e0      0xa57 obj_Minorca_lufa/protocol/lufa/LUFA-git/LUFA/Drivers/USB/Core/DeviceStandardReq.o
 .debug_info    0x00007437       0x78 obj_Minorca_lufa/protocol/lufa/LUFA-git/LUFA/Drivers/USB/Core/Events.o
 .debug_info    0x000074af       0x56 obj_Minorca_lufa/protocol/lufa/LUFA-git/LUFA/Drivers/USB/Core/HostStandardReq.o
 .debug_info    0x00007505      0x26b obj_Minorca_lufa/protocol/lufa/LUFA-git/LUFA/Drivers/USB/Core/USBTask.o
 .debug_info    0x00007770      0x546 obj_Minorca_lufa/common/host.o
 .debug_info    0x00007cb6      0x483 obj_Minorca_lufa/common/keyboard.o
 .debug_info    0x00008139     0x1609 obj_Minorca_lufa/common/action.o
 .debug_info    0x00009742      0xe2e obj_Minorca_lufa/common/action_tapping.o
 .debug_info    0x0000a570      0x88b obj_Minorca_lufa/common/action_macro.o
 .debug_info    0x0000adfb      0x7d3 obj_Minorca_lufa/common/action_layer.o
 .debug_info    0x0000b5ce      0x719 obj_Minorca_lufa/common/action_util.o
 .debug_info    0x0000bce7       0xda obj_Minorca_lufa/common/print.o
 .debug_info    0x0000bdc1       0xfc obj_Minorca_lufa/common/debug.o
 .debug_info    0x0000bebd      0x29b obj_Minorca_lufa/common/util.o
 .debug_info    0x0000c158      0x1ff obj_Minorca_lufa/common/hook.o
 .debug_info    0x0000c357      0x275 obj_Minorca_lufa/common/avr/suspend.o
 .debug_info    0x0000c5cc      0x204 obj_Minorca_lufa/common/avr/timer.o
 .debug_info    0x0000c7d0      0x18a obj_Minorca_lufa/common/avr/bootloader.o
 .debug_info    0x0000c95a      0xe44 obj_Minorca_lufa/common/keymap.o
 .debug_info    0x0000d79e      0xf7b obj_Minorca_lufa/common/bootmagic.o
 .debug_info    0x0000e719      0x3cf obj_Minorca_lufa/common/avr/eeconfig.o
 .debug_info    0x0000eae8      0x7c6 obj_Minorca_lufa/common/mousekey.o
 .debug_info    0x0000f2ae     0x1485 obj_Minorca_lufa/common/command.o
 .debug_info    0x00010733       0xbe /usr/local/CrossPack-AVR-20131216/lib/gcc/avr/4.8.1/avr5/libgcc.a(_udivmodqi4.o)
 .debug_info    0x000107f1       0xbe /usr/local/CrossPack-AVR-20131216/lib/gcc/avr/4.8.1/avr5/libgcc.a(_divmodhi4.o)
 .debug_info    0x000108af       0xbe /usr/local/CrossPack-AVR-20131216/lib/gcc/avr/4.8.1/avr5/libgcc.a(_exit.o)
 .debug_info    0x0001096d       0xbe /usr/local/CrossPack-AVR-20131216/lib/gcc/avr/4.8.1/avr5/libgcc.a(_tablejump.o)
 .debug_info    0x00010a2b       0xbe /usr/local/CrossPack-AVR-20131216/lib/gcc/avr/4.8.1/avr5/libgcc.a(_copy_data.o)
 .debug_info    0x00010ae9       0xbe /usr/local/CrossPack-AVR-20131216/lib/gcc/avr/4.8.1/avr5/libgcc.a(_clear_bss.o)
 .debug_info    0x00010ba7       0xbe /usr/local/CrossPack-AVR-20131216/lib/gcc/avr/4.8.1/avr5/libgcc.a(_udivmodhi4.o)
 *(.gnu.linkonce.wi.*)

.debug_abbrev   0x00000000     0x405f
 *(.debug_abbrev)
 .debug_abbrev  0x00000000       0x9c obj_Minorca_lufa/keymap_minorca.o
 .debug_abbrev  0x0000009c      0x171 obj_Minorca_lufa/keymap_common.o
 .debug_abbrev  0x0000020d      0x2f9 obj_Minorca_lufa/matrix.o
 .debug_abbrev  0x00000506       0x60 obj_Minorca_lufa/led.o
 .debug_abbrev  0x00000566      0x4ba obj_Minorca_lufa/protocol/lufa/lufa.o
 .debug_abbrev  0x00000a20      0x177 obj_Minorca_lufa/protocol/lufa/descriptor.o
 .debug_abbrev  0x00000b97      0x21e obj_Minorca_lufa/protocol/lufa/LUFA-git/LUFA/Drivers/USB/Class/Common/HIDParser.o
 .debug_abbrev  0x00000db5       0x80 obj_Minorca_lufa/protocol/lufa/LUFA-git/LUFA/Drivers/USB/Core/AVR8/Device_AVR8.o
 .debug_abbrev  0x00000e35      0x213 obj_Minorca_lufa/protocol/lufa/LUFA-git/LUFA/Drivers/USB/Core/AVR8/EndpointStream_AVR8.o
 .debug_abbrev  0x00001048      0x222 obj_Minorca_lufa/protocol/lufa/LUFA-git/LUFA/Drivers/USB/Core/AVR8/Endpoint_AVR8.o
 .debug_abbrev  0x0000126a       0x26 obj_Minorca_lufa/protocol/lufa/LUFA-git/LUFA/Drivers/USB/Core/AVR8/Host_AVR8.o
 .debug_abbrev  0x00001290       0x26 obj_Minorca_lufa/protocol/lufa/LUFA-git/LUFA/Drivers/USB/Core/AVR8/PipeStream_AVR8.o
 .debug_abbrev  0x000012b6       0x26 obj_Minorca_lufa/protocol/lufa/LUFA-git/LUFA/Drivers/USB/Core/AVR8/Pipe_AVR8.o
 .debug_abbrev  0x000012dc      0x196 obj_Minorca_lufa/protocol/lufa/LUFA-git/LUFA/Drivers/USB/Core/AVR8/USBController_AVR8.o
 .debug_abbrev  0x00001472      0x234 obj_Minorca_lufa/protocol/lufa/LUFA-git/LUFA/Drivers/USB/Core/AVR8/USBInterrupt_AVR8.o
 .debug_abbrev  0x000016a6      0x183 obj_Minorca_lufa/protocol/lufa/LUFA-git/LUFA/Drivers/USB/Core/ConfigDescriptors.o
 .debug_abbrev  0x00001829      0x2d8 obj_Minorca_lufa/protocol/lufa/LUFA-git/LUFA/Drivers/USB/Core/DeviceStandardReq.o
 .debug_abbrev  0x00001b01       0x44 obj_Minorca_lufa/protocol/lufa/LUFA-git/LUFA/Drivers/USB/Core/Events.o
 .debug_abbrev  0x00001b45       0x26 obj_Minorca_lufa/protocol/lufa/LUFA-git/LUFA/Drivers/USB/Core/HostStandardReq.o
 .debug_abbrev  0x00001b6b      0x168 obj_Minorca_lufa/protocol/lufa/LUFA-git/LUFA/Drivers/USB/Core/USBTask.o
 .debug_abbrev  0x00001cd3      0x229 obj_Minorca_lufa/common/host.o
 .debug_abbrev  0x00001efc      0x233 obj_Minorca_lufa/common/keyboard.o
 .debug_abbrev  0x0000212f      0x2ce obj_Minorca_lufa/common/action.o
 .debug_abbrev  0x000023fd      0x2ef obj_Minorca_lufa/common/action_tapping.o
 .debug_abbrev  0x000026ec      0x1a5 obj_Minorca_lufa/common/action_macro.o
 .debug_abbrev  0x00002891      0x20b obj_Minorca_lufa/common/action_layer.o
 .debug_abbrev  0x00002a9c      0x31c obj_Minorca_lufa/common/action_util.o
 .debug_abbrev  0x00002db8       0x97 obj_Minorca_lufa/common/print.o
 .debug_abbrev  0x00002e4f       0x87 obj_Minorca_lufa/common/debug.o
 .debug_abbrev  0x00002ed6       0xcb obj_Minorca_lufa/common/util.o
 .debug_abbrev  0x00002fa1      0x100 obj_Minorca_lufa/common/hook.o
 .debug_abbrev  0x000030a1      0x1ab obj_Minorca_lufa/common/avr/suspend.o
 .debug_abbrev  0x0000324c      0x11e obj_Minorca_lufa/common/avr/timer.o
 .debug_abbrev  0x0000336a      0x115 obj_Minorca_lufa/common/avr/bootloader.o
 .debug_abbrev  0x0000347f      0x281 obj_Minorca_lufa/common/keymap.o
 .debug_abbrev  0x00003700      0x2aa obj_Minorca_lufa/common/bootmagic.o
 .debug_abbrev  0x000039aa       0xef obj_Minorca_lufa/common/avr/eeconfig.o
 .debug_abbrev  0x00003a99      0x204 obj_Minorca_lufa/common/mousekey.o
 .debug_abbrev  0x00003c9d      0x336 obj_Minorca_lufa/common/command.o
 .debug_abbrev  0x00003fd3       0x14 /usr/local/CrossPack-AVR-20131216/lib/gcc/avr/4.8.1/avr5/libgcc.a(_udivmodqi4.o)
 .debug_abbrev  0x00003fe7       0x14 /usr/local/CrossPack-AVR-20131216/lib/gcc/avr/4.8.1/avr5/libgcc.a(_divmodhi4.o)
 .debug_abbrev  0x00003ffb       0x14 /usr/local/CrossPack-AVR-20131216/lib/gcc/avr/4.8.1/avr5/libgcc.a(_exit.o)
 .debug_abbrev  0x0000400f       0x14 /usr/local/CrossPack-AVR-20131216/lib/gcc/avr/4.8.1/avr5/libgcc.a(_tablejump.o)
 .debug_abbrev  0x00004023       0x14 /usr/local/CrossPack-AVR-20131216/lib/gcc/avr/4.8.1/avr5/libgcc.a(_copy_data.o)
 .debug_abbrev  0x00004037       0x14 /usr/local/CrossPack-AVR-20131216/lib/gcc/avr/4.8.1/avr5/libgcc.a(_clear_bss.o)
 .debug_abbrev  0x0000404b       0x14 /usr/local/CrossPack-AVR-20131216/lib/gcc/avr/4.8.1/avr5/libgcc.a(_udivmodhi4.o)

.debug_line     0x00000000     0x5b67
 *(.debug_line)
 .debug_line    0x00000000       0xe5 obj_Minorca_lufa/keymap_minorca.o
 .debug_line    0x000000e5      0x127 obj_Minorca_lufa/keymap_common.o
 .debug_line    0x0000020c      0x24f obj_Minorca_lufa/matrix.o
 .debug_line    0x0000045b       0x70 obj_Minorca_lufa/led.o
 .debug_line    0x000004cb      0x7ed obj_Minorca_lufa/protocol/lufa/lufa.o
 .debug_line    0x00000cb8      0x206 obj_Minorca_lufa/protocol/lufa/descriptor.o
 .debug_line    0x00000ebe      0x25c obj_Minorca_lufa/protocol/lufa/LUFA-git/LUFA/Drivers/USB/Class/Common/HIDParser.o
 .debug_line    0x0000111a      0x141 obj_Minorca_lufa/protocol/lufa/LUFA-git/LUFA/Drivers/USB/Core/AVR8/Device_AVR8.o
 .debug_line    0x0000125b      0xc93 obj_Minorca_lufa/protocol/lufa/LUFA-git/LUFA/Drivers/USB/Core/AVR8/EndpointStream_AVR8.o
 .debug_line    0x00001eee      0x400 obj_Minorca_lufa/protocol/lufa/LUFA-git/LUFA/Drivers/USB/Core/AVR8/Endpoint_AVR8.o
 .debug_line    0x000022ee       0x1a obj_Minorca_lufa/protocol/lufa/LUFA-git/LUFA/Drivers/USB/Core/AVR8/Host_AVR8.o
 .debug_line    0x00002308       0x1a obj_Minorca_lufa/protocol/lufa/LUFA-git/LUFA/Drivers/USB/Core/AVR8/PipeStream_AVR8.o
 .debug_line    0x00002322       0x1a obj_Minorca_lufa/protocol/lufa/LUFA-git/LUFA/Drivers/USB/Core/AVR8/Pipe_AVR8.o
 .debug_line    0x0000233c      0x30b obj_Minorca_lufa/protocol/lufa/LUFA-git/LUFA/Drivers/USB/Core/AVR8/USBController_AVR8.o
 .debug_line    0x00002647      0x4e0 obj_Minorca_lufa/protocol/lufa/LUFA-git/LUFA/Drivers/USB/Core/AVR8/USBInterrupt_AVR8.o
 .debug_line    0x00002b27      0x198 obj_Minorca_lufa/protocol/lufa/LUFA-git/LUFA/Drivers/USB/Core/ConfigDescriptors.o
 .debug_line    0x00002cbf      0x39c obj_Minorca_lufa/protocol/lufa/LUFA-git/LUFA/Drivers/USB/Core/DeviceStandardReq.o
 .debug_line    0x0000305b       0x71 obj_Minorca_lufa/protocol/lufa/LUFA-git/LUFA/Drivers/USB/Core/Events.o
 .debug_line    0x000030cc       0x1a obj_Minorca_lufa/protocol/lufa/LUFA-git/LUFA/Drivers/USB/Core/HostStandardReq.o
 .debug_line    0x000030e6      0x1ac obj_Minorca_lufa/protocol/lufa/LUFA-git/LUFA/Drivers/USB/Core/USBTask.o
 .debug_line    0x00003292      0x1da obj_Minorca_lufa/common/host.o
 .debug_line    0x0000346c      0x1f5 obj_Minorca_lufa/common/keyboard.o
 .debug_line    0x00003661      0x497 obj_Minorca_lufa/common/action.o
 .debug_line    0x00003af8      0x27c obj_Minorca_lufa/common/action_tapping.o
 .debug_line    0x00003d74      0x198 obj_Minorca_lufa/common/action_macro.o
 .debug_line    0x00003f0c      0x1e0 obj_Minorca_lufa/common/action_layer.o
 .debug_line    0x000040ec      0x2b5 obj_Minorca_lufa/common/action_util.o
 .debug_line    0x000043a1       0xac obj_Minorca_lufa/common/print.o
 .debug_line    0x0000444d       0x80 obj_Minorca_lufa/common/debug.o
 .debug_line    0x000044cd      0x195 obj_Minorca_lufa/common/util.o
 .debug_line    0x00004662       0xdf obj_Minorca_lufa/common/hook.o
 .debug_line    0x00004741      0x1dc obj_Minorca_lufa/common/avr/suspend.o
 .debug_line    0x0000491d      0x124 obj_Minorca_lufa/common/avr/timer.o
 .debug_line    0x00004a41      0x19a obj_Minorca_lufa/common/avr/bootloader.o
 .debug_line    0x00004bdb      0x266 obj_Minorca_lufa/common/keymap.o
 .debug_line    0x00004e41      0x297 obj_Minorca_lufa/common/bootmagic.o
 .debug_line    0x000050d8      0x15d obj_Minorca_lufa/common/avr/eeconfig.o
 .debug_line    0x00005235      0x31f obj_Minorca_lufa/common/mousekey.o
 .debug_line    0x00005554      0x36b obj_Minorca_lufa/common/command.o
 .debug_line    0x000058bf       0x62 /usr/local/CrossPack-AVR-20131216/lib/gcc/avr/4.8.1/avr5/libgcc.a(_udivmodqi4.o)
 .debug_line    0x00005921       0x69 /usr/local/CrossPack-AVR-20131216/lib/gcc/avr/4.8.1/avr5/libgcc.a(_divmodhi4.o)
 .debug_line    0x0000598a       0x58 /usr/local/CrossPack-AVR-20131216/lib/gcc/avr/4.8.1/avr5/libgcc.a(_exit.o)
 .debug_line    0x000059e2       0x5c /usr/local/CrossPack-AVR-20131216/lib/gcc/avr/4.8.1/avr5/libgcc.a(_tablejump.o)
 .debug_line    0x00005a3e       0x61 /usr/local/CrossPack-AVR-20131216/lib/gcc/avr/4.8.1/avr5/libgcc.a(_copy_data.o)
 .debug_line    0x00005a9f       0x5e /usr/local/CrossPack-AVR-20131216/lib/gcc/avr/4.8.1/avr5/libgcc.a(_clear_bss.o)
 .debug_line    0x00005afd       0x6a /usr/local/CrossPack-AVR-20131216/lib/gcc/avr/4.8.1/avr5/libgcc.a(_udivmodhi4.o)

.debug_frame    0x00000000     0x1c3c
 *(.debug_frame)
 .debug_frame   0x00000000       0x34 obj_Minorca_lufa/keymap_common.o
 .debug_frame   0x00000034      0x15c obj_Minorca_lufa/matrix.o
 .debug_frame   0x00000190       0x24 obj_Minorca_lufa/led.o
 .debug_frame   0x000001b4      0x188 obj_Minorca_lufa/protocol/lufa/lufa.o
 .debug_frame   0x0000033c       0x24 obj_Minorca_lufa/protocol/lufa/descriptor.o
 .debug_frame   0x00000360      0x134 obj_Minorca_lufa/protocol/lufa/LUFA-git/LUFA/Drivers/USB/Class/Common/HIDParser.o
 .debug_frame   0x00000494       0x24 obj_Minorca_lufa/protocol/lufa/LUFA-git/LUFA/Drivers/USB/Core/AVR8/Device_AVR8.o
 .debug_frame   0x000004b8      0x414 obj_Minorca_lufa/protocol/lufa/LUFA-git/LUFA/Drivers/USB/Core/AVR8/EndpointStream_AVR8.o
 .debug_frame   0x000008cc       0x7c obj_Minorca_lufa/protocol/lufa/LUFA-git/LUFA/Drivers/USB/Core/AVR8/Endpoint_AVR8.o
 .debug_frame   0x00000948       0x5c obj_Minorca_lufa/protocol/lufa/LUFA-git/LUFA/Drivers/USB/Core/AVR8/USBController_AVR8.o
 .debug_frame   0x000009a4      0x104 obj_Minorca_lufa/protocol/lufa/LUFA-git/LUFA/Drivers/USB/Core/AVR8/USBInterrupt_AVR8.o
 .debug_frame   0x00000aa8      0x124 obj_Minorca_lufa/protocol/lufa/LUFA-git/LUFA/Drivers/USB/Core/ConfigDescriptors.o
 .debug_frame   0x00000bcc       0x3c obj_Minorca_lufa/protocol/lufa/LUFA-git/LUFA/Drivers/USB/Core/DeviceStandardReq.o
 .debug_frame   0x00000c08       0x24 obj_Minorca_lufa/protocol/lufa/LUFA-git/LUFA/Drivers/USB/Core/Events.o
 .debug_frame   0x00000c2c       0x2c obj_Minorca_lufa/protocol/lufa/LUFA-git/LUFA/Drivers/USB/Core/USBTask.o
 .debug_frame   0x00000c58       0xd4 obj_Minorca_lufa/common/host.o
 .debug_frame   0x00000d2c       0xc4 obj_Minorca_lufa/common/keyboard.o
 .debug_frame   0x00000df0      0x150 obj_Minorca_lufa/common/action.o
 .debug_frame   0x00000f40       0xd0 obj_Minorca_lufa/common/action_tapping.o
 .debug_frame   0x00001010       0x50 obj_Minorca_lufa/common/action_macro.o
 .debug_frame   0x00001060      0x19c obj_Minorca_lufa/common/action_layer.o
 .debug_frame   0x000011fc      0x170 obj_Minorca_lufa/common/action_util.o
 .debug_frame   0x0000136c       0x24 obj_Minorca_lufa/common/print.o
 .debug_frame   0x00001390      0x110 obj_Minorca_lufa/common/util.o
 .debug_frame   0x000014a0       0x88 obj_Minorca_lufa/common/hook.o
 .debug_frame   0x00001528       0xb0 obj_Minorca_lufa/common/avr/suspend.o
 .debug_frame   0x000015d8       0xf0 obj_Minorca_lufa/common/avr/timer.o
 .debug_frame   0x000016c8       0x34 obj_Minorca_lufa/common/avr/bootloader.o