Archive member included because of file (symbol)

/usr/local/CrossPack-AVR-20131216/lib/gcc/avr/4.8.1/../../../../avr/lib/avr5/libm.a(fixsfsi.o)
                              obj_Minorca_lufa/common/mousekey.o (__fixsfsi)
/usr/local/CrossPack-AVR-20131216/lib/gcc/avr/4.8.1/../../../../avr/lib/avr5/libm.a(fixunssfsi.o)
                              /usr/local/CrossPack-AVR-20131216/lib/gcc/avr/4.8.1/../../../../avr/lib/avr5/libm.a(fixsfsi.o) (__fixunssfsi)
/usr/local/CrossPack-AVR-20131216/lib/gcc/avr/4.8.1/../../../../avr/lib/avr5/libm.a(floatsisf.o)
                              obj_Minorca_lufa/common/mousekey.o (__floatsisf)
/usr/local/CrossPack-AVR-20131216/lib/gcc/avr/4.8.1/../../../../avr/lib/avr5/libm.a(fp_split3.o)
                              /usr/local/CrossPack-AVR-20131216/lib/gcc/avr/4.8.1/../../../../avr/lib/avr5/libm.a(fixunssfsi.o) (__fp_splitA)
/usr/local/CrossPack-AVR-20131216/lib/gcc/avr/4.8.1/../../../../avr/lib/avr5/libm.a(fp_zero.o)
                              /usr/local/CrossPack-AVR-20131216/lib/gcc/avr/4.8.1/../../../../avr/lib/avr5/libm.a(fixunssfsi.o) (__fp_zero)
/usr/local/CrossPack-AVR-20131216/lib/gcc/avr/4.8.1/../../../../avr/lib/avr5/libm.a(mulsf3.o)
                              obj_Minorca_lufa/common/mousekey.o (__mulsf3)
/usr/local/CrossPack-AVR-20131216/lib/gcc/avr/4.8.1/../../../../avr/lib/avr5/libm.a(mulsf3x.o)
                              /usr/local/CrossPack-AVR-20131216/lib/gcc/avr/4.8.1/../../../../avr/lib/avr5/libm.a(mulsf3.o) (__mulsf3x)
/usr/local/CrossPack-AVR-20131216/lib/gcc/avr/4.8.1/../../../../avr/lib/avr5/libm.a(fp_inf.o)
                              /usr/local/CrossPack-AVR-20131216/lib/gcc/avr/4.8.1/../../../../avr/lib/avr5/libm.a(mulsf3x.o) (__fp_inf)
/usr/local/CrossPack-AVR-20131216/lib/gcc/avr/4.8.1/../../../../avr/lib/avr5/libm.a(fp_nan.o)
                              /usr/local/CrossPack-AVR-20131216/lib/gcc/avr/4.8.1/../../../../avr/lib/avr5/libm.a(mulsf3x.o) (__fp_nan)
/usr/local/CrossPack-AVR-20131216/lib/gcc/avr/4.8.1/../../../../avr/lib/avr5/libm.a(fp_pscA.o)
                              /usr/local/CrossPack-AVR-20131216/lib/gcc/avr/4.8.1/../../../../avr/lib/avr5/libm.a(mulsf3x.o) (__fp_pscA)
/usr/local/CrossPack-AVR-20131216/lib/gcc/avr/4.8.1/../../../../avr/lib/avr5/libm.a(fp_pscB.o)
                              /usr/local/CrossPack-AVR-20131216/lib/gcc/avr/4.8.1/../../../../avr/lib/avr5/libm.a(mulsf3x.o) (__fp_pscB)
/usr/local/CrossPack-AVR-20131216/lib/gcc/avr/4.8.1/../../../../avr/lib/avr5/libm.a(fp_round.o)
                              /usr/local/CrossPack-AVR-20131216/lib/gcc/avr/4.8.1/../../../../avr/lib/avr5/libm.a(mulsf3.o) (__fp_round)
/usr/local/CrossPack-AVR-20131216/lib/gcc/avr/4.8.1/avr5/libgcc.a(_udivmodqi4.o)
                              obj_Minorca_lufa/protocol/lufa/lufa.o (__udivmodqi4)
/usr/local/CrossPack-AVR-20131216/lib/gcc/avr/4.8.1/avr5/libgcc.a(_divmodhi4.o)
                              obj_Minorca_lufa/common/mousekey.o (__divmodhi4)
/usr/local/CrossPack-AVR-20131216/lib/gcc/avr/4.8.1/avr5/libgcc.a(_exit.o)
                              /usr/local/CrossPack-AVR-20131216/lib/gcc/avr/4.8.1/../../../../avr/lib/avr5/crtm32u4.o (exit)
/usr/local/CrossPack-AVR-20131216/lib/gcc/avr/4.8.1/avr5/libgcc.a(_tablejump.o)
                              obj_Minorca_lufa/protocol/lufa/LUFA-git/LUFA/Drivers/USB/Core/DeviceStandardReq.o (__tablejump2__)
/usr/local/CrossPack-AVR-20131216/lib/gcc/avr/4.8.1/avr5/libgcc.a(_copy_data.o)
                              obj_Minorca_lufa/matrix.o (__do_copy_data)
/usr/local/CrossPack-AVR-20131216/lib/gcc/avr/4.8.1/avr5/libgcc.a(_clear_bss.o)
                              obj_Minorca_lufa/matrix.o (__do_clear_bss)
/usr/local/CrossPack-AVR-20131216/lib/gcc/avr/4.8.1/avr5/libgcc.a(_udivmodhi4.o)
                              /usr/local/CrossPack-AVR-20131216/lib/gcc/avr/4.8.1/avr5/libgcc.a(_divmodhi4.o) (__udivmodhi4)
/usr/local/CrossPack-AVR-20131216/lib/gcc/avr/4.8.1/../../../../avr/lib/avr5/libc.a(eerd_byte_atmega32u4.o)
                              obj_Minorca_lufa/protocol/lufa/LUFA-git/LUFA/Drivers/USB/Core/AVR8/EndpointStream_AVR8.o (__eerd_byte_m32u4)
/usr/local/CrossPack-AVR-20131216/lib/gcc/avr/4.8.1/../../../../avr/lib/avr5/libc.a(eerd_word_atmega32u4.o)
                              obj_Minorca_lufa/common/avr/eeconfig.o (__eerd_word_m32u4)
/usr/local/CrossPack-AVR-20131216/lib/gcc/avr/4.8.1/../../../../avr/lib/avr5/libc.a(eeupd_byte_atmega32u4.o)
                              obj_Minorca_lufa/protocol/lufa/LUFA-git/LUFA/Drivers/USB/Core/AVR8/EndpointStream_AVR8.o (__eeupd_byte_m32u4)
/usr/local/CrossPack-AVR-20131216/lib/gcc/avr/4.8.1/../../../../avr/lib/avr5/libc.a(eewr_byte_atmega32u4.o)
                              obj_Minorca_lufa/common/avr/eeconfig.o (__eewr_byte_m32u4)
/usr/local/CrossPack-AVR-20131216/lib/gcc/avr/4.8.1/../../../../avr/lib/avr5/libc.a(eewr_word_atmega32u4.o)
                              obj_Minorca_lufa/common/avr/eeconfig.o (__eewr_word_m32u4)
[...]
Memory Configuration

Name             Origin             Length             Attributes
text             0x00000000         0x00020000         xr
data             0x00800060         0x0000ffa0         rw !x
eeprom           0x00810000         0x00010000         rw !x
fuse             0x00820000         0x00000400         rw !x
lock             0x00830000         0x00000400         rw !x
signature        0x00840000         0x00000400         rw !x
user_signatures  0x00850000         0x00000400         rw !x
*default*        0x00000000         0xffffffff

Linker script and memory map

Address of section .data set to 0x800100
LOAD /usr/local/CrossPack-AVR-20131216/lib/gcc/avr/4.8.1/../../../../avr/lib/avr5/crtm32u4.o
LOAD obj_Minorca_lufa/keymap_minorca.o
LOAD obj_Minorca_lufa/keymap_common.o
LOAD obj_Minorca_lufa/matrix.o
LOAD obj_Minorca_lufa/led.o
LOAD obj_Minorca_lufa/protocol/lufa/lufa.o
LOAD obj_Minorca_lufa/protocol/lufa/descriptor.o
LOAD obj_Minorca_lufa/protocol/lufa/LUFA-git/LUFA/Drivers/USB/Class/Common/HIDParser.o
LOAD obj_Minorca_lufa/protocol/lufa/LUFA-git/LUFA/Drivers/USB/Core/AVR8/Device_AVR8.o
LOAD obj_Minorca_lufa/protocol/lufa/LUFA-git/LUFA/Drivers/USB/Core/AVR8/EndpointStream_AVR8.o
LOAD obj_Minorca_lufa/protocol/lufa/LUFA-git/LUFA/Drivers/USB/Core/AVR8/Endpoint_AVR8.o
LOAD obj_Minorca_lufa/protocol/lufa/LUFA-git/LUFA/Drivers/USB/Core/AVR8/Host_AVR8.o
LOAD obj_Minorca_lufa/protocol/lufa/LUFA-git/LUFA/Drivers/USB/Core/AVR8/PipeStream_AVR8.o
LOAD obj_Minorca_lufa/protocol/lufa/LUFA-git/LUFA/Drivers/USB/Core/AVR8/Pipe_AVR8.o
LOAD obj_Minorca_lufa/protocol/lufa/LUFA-git/LUFA/Drivers/USB/Core/AVR8/USBController_AVR8.o
LOAD obj_Minorca_lufa/protocol/lufa/LUFA-git/LUFA/Drivers/USB/Core/AVR8/USBInterrupt_AVR8.o
LOAD obj_Minorca_lufa/protocol/lufa/LUFA-git/LUFA/Drivers/USB/Core/ConfigDescriptors.o
LOAD obj_Minorca_lufa/protocol/lufa/LUFA-git/LUFA/Drivers/USB/Core/DeviceStandardReq.o
LOAD obj_Minorca_lufa/protocol/lufa/LUFA-git/LUFA/Drivers/USB/Core/Events.o
LOAD obj_Minorca_lufa/protocol/lufa/LUFA-git/LUFA/Drivers/USB/Core/HostStandardReq.o
LOAD obj_Minorca_lufa/protocol/lufa/LUFA-git/LUFA/Drivers/USB/Core/USBTask.o
LOAD obj_Minorca_lufa/common/host.o
LOAD obj_Minorca_lufa/common/keyboard.o
LOAD obj_Minorca_lufa/common/action.o
LOAD obj_Minorca_lufa/common/action_tapping.o
LOAD obj_Minorca_lufa/common/action_macro.o
LOAD obj_Minorca_lufa/common/action_layer.o
LOAD obj_Minorca_lufa/common/action_util.o
LOAD obj_Minorca_lufa/common/print.o
LOAD obj_Minorca_lufa/common/debug.o
LOAD obj_Minorca_lufa/common/util.o
LOAD obj_Minorca_lufa/common/hook.o
LOAD obj_Minorca_lufa/common/avr/suspend.o
LOAD obj_Minorca_lufa/common/avr/xprintf.o
LOAD obj_Minorca_lufa/common/avr/timer.o
LOAD obj_Minorca_lufa/common/avr/bootloader.o
LOAD obj_Minorca_lufa/common/keymap.o
LOAD obj_Minorca_lufa/common/bootmagic.o
LOAD obj_Minorca_lufa/common/avr/eeconfig.o
LOAD obj_Minorca_lufa/common/mousekey.o
LOAD obj_Minorca_lufa/common/command.o
LOAD /usr/local/CrossPack-AVR-20131216/lib/gcc/avr/4.8.1/../../../../avr/lib/avr5/libm.a
START GROUP
LOAD /usr/local/CrossPack-AVR-20131216/lib/gcc/avr/4.8.1/avr5/libgcc.a
LOAD /usr/local/CrossPack-AVR-20131216/lib/gcc/avr/4.8.1/../../../../avr/lib/avr5/libm.a
LOAD /usr/local/CrossPack-AVR-20131216/lib/gcc/avr/4.8.1/../../../../avr/lib/avr5/libc.a
END GROUP

.hash
 *(.hash)

.dynsym
 *(.dynsym)

.dynstr
 *(.dynstr)

.gnu.version
 *(.gnu.version)

.gnu.version_d
 *(.gnu.version_d)

.gnu.version_r
 *(.gnu.version_r)

.rel.init
 *(.rel.init)

.rela.init
 *(.rela.init)

.rel.text
 *(.rel.text)
 *(.rel.text.*)
 *(.rel.gnu.linkonce.t*)

.rela.text
 *(.rela.text)
 *(.rela.text.*)
 *(.rela.gnu.linkonce.t*)

.rel.fini
 *(.rel.fini)

.rela.fini
 *(.rela.fini)

.rel.rodata
 *(.rel.rodata)
 *(.rel.rodata.*)
 *(.rel.gnu.linkonce.r*)

.rela.rodata
 *(.rela.rodata)
 *(.rela.rodata.*)
 *(.rela.gnu.linkonce.r*)

.rel.data
 *(.rel.data)
 *(.rel.data.*)
 *(.rel.gnu.linkonce.d*)

.rela.data
 *(.rela.data)
 *(.rela.data.*)
 *(.rela.gnu.linkonce.d*)

.rel.ctors
 *(.rel.ctors)

.rela.ctors
 *(.rela.ctors)

.rel.dtors
 *(.rel.dtors)

.rela.dtors
 *(.rela.dtors)

.rel.got
 *(.rel.got)

.rela.got
 *(.rela.got)

.rel.bss
 *(.rel.bss)

.rela.bss
 *(.rela.bss)

.rel.plt
 *(.rel.plt)

.rela.plt
 *(.rela.plt)

.text           0x00000000     0x54e8
 *(.vectors)
 .vectors       0x00000000       0xac /usr/local/CrossPack-AVR-20131216/lib/gcc/avr/4.8.1/../../../../avr/lib/avr5/crtm32u4.o
                0x00000000                __vectors
                0x00000000                __vector_default
 *(.vectors)
 *(.progmem.gcc*)
 .progmem.gcc_sw_table.USB_Device_ProcessControlRequest
                0x000000ac       0x14 obj_Minorca_lufa/protocol/lufa/LUFA-git/LUFA/Drivers/USB/Core/DeviceStandardReq.o
 .progmem.gcc_sw_table.process_action
                0x000000c0       0x20 obj_Minorca_lufa/common/action.o
                0x000000e0                . = ALIGN (0x2)
                0x000000e0                __trampolines_start = .
 *(.trampolines)
 .trampolines   0x000000e0        0x0 linker stubs
 *(.trampolines*)
                0x000000e0                __trampolines_end = .
 *(.progmem*)
 .progmem.data.fn_actions
                0x000000e0        0x6 obj_Minorca_lufa/keymap_minorca.o
                0x000000e0                fn_actions
 .progmem.data.keymaps
                0x000000e6       0xc0 obj_Minorca_lufa/keymap_minorca.o
                0x000000e6                keymaps
 .progmem.data.__c.1891
                0x000001a6        0x2 obj_Minorca_lufa/matrix.o
 .progmem.data.__c.1889
                0x000001a8        0x6 obj_Minorca_lufa/matrix.o
 .progmem.data.__c.1887
                0x000001ae        0x3 obj_Minorca_lufa/matrix.o
 .progmem.data.__c.1885
                0x000001b1        0x5 obj_Minorca_lufa/matrix.o
 .progmem.data.__c.1882
                0x000001b6       0x17 obj_Minorca_lufa/matrix.o
 .progmem.data.__c.1860
                0x000001cd        0x2 obj_Minorca_lufa/matrix.o
 .progmem.data.__c.1858
                0x000001cf        0x5 obj_Minorca_lufa/matrix.o
 .progmem.data.__c.1856
                0x000001d4        0xa obj_Minorca_lufa/matrix.o
 .progmem.data.__c.4770
                0x000001de        0x4 obj_Minorca_lufa/protocol/lufa/lufa.o
 .progmem.data.__c.4768
                0x000001e2       0x11 obj_Minorca_lufa/protocol/lufa/lufa.o
 .progmem.data.__c.4766
                0x000001f3       0x11 obj_Minorca_lufa/protocol/lufa/lufa.o
 .progmem.data.__c.4664
                0x00000204        0x4 obj_Minorca_lufa/protocol/lufa/lufa.o
 .progmem.data.__c.4660
                0x00000208        0x4 obj_Minorca_lufa/protocol/lufa/lufa.o
 .progmem.data.__c.4656
                0x0000020c        0x4 obj_Minorca_lufa/protocol/lufa/lufa.o
 .progmem.data.__c.4651
                0x00000210        0x4 obj_Minorca_lufa/protocol/lufa/lufa.o
 .progmem.data.__c.4646
                0x00000214        0x4 obj_Minorca_lufa/protocol/lufa/lufa.o
 .progmem.data.ProductString
                0x00000218       0x12 obj_Minorca_lufa/protocol/lufa/descriptor.o
                0x00000218                ProductString
 .progmem.data.ManufacturerString
                0x0000022a       0x24 obj_Minorca_lufa/protocol/lufa/descriptor.o
                0x0000022a                ManufacturerString
 .progmem.data.LanguageString
                0x0000024e        0x4 obj_Minorca_lufa/protocol/lufa/descriptor.o
                0x0000024e                LanguageString
 .progmem.data.ConfigurationDescriptor
                0x00000252       0x8d obj_Minorca_lufa/protocol/lufa/descriptor.o
                0x00000252                ConfigurationDescriptor
 .progmem.data.DeviceDescriptor
                0x000002df       0x12 obj_Minorca_lufa/protocol/lufa/descriptor.o
                0x000002df                DeviceDescriptor
 .progmem.data.NKROReport
                0x000002f1       0x39 obj_Minorca_lufa/protocol/lufa/descriptor.o
                0x000002f1                NKROReport
 .progmem.data.ConsoleReport
                0x0000032a       0x20 obj_Minorca_lufa/protocol/lufa/descriptor.o
                0x0000032a                ConsoleReport
 .progmem.data.ExtrakeyReport
                0x0000034a       0x36 obj_Minorca_lufa/protocol/lufa/descriptor.o
                0x0000034a                ExtrakeyReport
 .progmem.data.MouseReport
                0x00000380       0x4d obj_Minorca_lufa/protocol/lufa/descriptor.o
                0x00000380                MouseReport
 .progmem.data.KeyboardReport
                0x000003cd       0x3f obj_Minorca_lufa/protocol/lufa/descriptor.o
                0x000003cd                KeyboardReport
 .progmem.data.__c.4396
                0x0000040c        0x2 obj_Minorca_lufa/common/host.o
 .progmem.data.__c.4391
                0x0000040e        0x6 obj_Minorca_lufa/common/host.o
 .progmem.data.__c.4388
                0x00000414       0x12 obj_Minorca_lufa/common/host.o
 .progmem.data.__c.4751
                0x00000426        0xb obj_Minorca_lufa/common/keyboard.o
 .progmem.data.__c.4536
                0x00000431       0x1e obj_Minorca_lufa/common/action_util.o
 .progmem.data.__c.4531
                0x0000044f       0x1e obj_Minorca_lufa/common/action_util.o
 .progmem.data.__c.4701
                0x0000046d        0x7 obj_Minorca_lufa/common/bootmagic.o
 .progmem.data.__c.4695
                0x00000474       0x15 obj_Minorca_lufa/common/bootmagic.o
 .progmem.data.__c.4468
                0x00000489        0x3 obj_Minorca_lufa/common/mousekey.o
 .progmem.data.__c.4466
                0x0000048c        0x3 obj_Minorca_lufa/common/mousekey.o
 .progmem.data.__c.4464
                0x0000048f        0x2 obj_Minorca_lufa/common/mousekey.o
 .progmem.data.__c.4462
                0x00000491        0x3 obj_Minorca_lufa/common/mousekey.o
 .progmem.data.__c.4460
                0x00000494        0x3 obj_Minorca_lufa/common/mousekey.o
 .progmem.data.__c.4458
                0x00000497        0x3 obj_Minorca_lufa/common/mousekey.o
 .progmem.data.__c.4456
                0x0000049a        0x2 obj_Minorca_lufa/common/mousekey.o
 .progmem.data.__c.4454
                0x0000049c        0x3 obj_Minorca_lufa/common/mousekey.o
 .progmem.data.__c.4452
                0x0000049f        0x2 obj_Minorca_lufa/common/mousekey.o
 .progmem.data.__c.4450
                0x000004a1        0x3 obj_Minorca_lufa/common/mousekey.o
 .progmem.data.__c.4448
                0x000004a4        0x2 obj_Minorca_lufa/common/mousekey.o
 .progmem.data.__c.4446
                0x000004a6        0x3 obj_Minorca_lufa/common/mousekey.o
 .progmem.data.__c.4444
                0x000004a9        0x2 obj_Minorca_lufa/common/mousekey.o
 .progmem.data.__c.4442
                0x000004ab        0x5 obj_Minorca_lufa/common/mousekey.o
 .progmem.data.__c.4440
                0x000004b0       0x23 obj_Minorca_lufa/common/mousekey.o
 .progmem.data.__c.5065
                0x000004d3       0x1b obj_Minorca_lufa/common/command.o
 .progmem.data.__c.5062
                0x000004ee       0x19 obj_Minorca_lufa/common/command.o
 .progmem.data.__c.5059
                0x00000507       0x15 obj_Minorca_lufa/common/command.o
 .progmem.data.__c.5056
                0x0000051c       0x13 obj_Minorca_lufa/common/command.o
 .progmem.data.__c.5053
                0x0000052f       0x12 obj_Minorca_lufa/common/command.o
 .progmem.data.__c.5049
                0x00000541        0xf obj_Minorca_lufa/common/command.o
 .progmem.data.__c.5042
                0x00000550       0x1b obj_Minorca_lufa/common/command.o
 .progmem.data.__c.5039
                0x0000056b       0x19 obj_Minorca_lufa/common/command.o
 .progmem.data.__c.5036
                0x00000584       0x15 obj_Minorca_lufa/common/command.o
 .progmem.data.__c.5033
                0x00000599       0x13 obj_Minorca_lufa/common/command.o
 .progmem.data.__c.5030
                0x000005ac       0x12 obj_Minorca_lufa/common/command.o
 .progmem.data.__c.5026
                0x000005be        0xf obj_Minorca_lufa/common/command.o
 .progmem.data.__c.5019
                0x000005cd        0x2 obj_Minorca_lufa/common/command.o
 .progmem.data.__c.5017
                0x000005cf        0x3 obj_Minorca_lufa/common/command.o
 .progmem.data.__c.5015
                0x000005d2       0x17 obj_Minorca_lufa/common/command.o
 .progmem.data.__c.5013
                0x000005e9        0x2 obj_Minorca_lufa/common/command.o
 .progmem.data.__c.5011
                0x000005eb        0x3 obj_Minorca_lufa/common/command.o
 .progmem.data.__c.5009
                0x000005ee       0x15 obj_Minorca_lufa/common/command.o
 .progmem.data.__c.5007
                0x00000603        0x2 obj_Minorca_lufa/common/command.o
 .progmem.data.__c.5005
                0x00000605        0x3 obj_Minorca_lufa/common/command.o
 .progmem.data.__c.5003
                0x00000608       0x11 obj_Minorca_lufa/common/command.o
 .progmem.data.__c.5001
                0x00000619        0x2 obj_Minorca_lufa/common/command.o
 .progmem.data.__c.4999
                0x0000061b        0x3 obj_Minorca_lufa/common/command.o
 .progmem.data.__c.4997
                0x0000061e        0xf obj_Minorca_lufa/common/command.o
 .progmem.data.__c.4995
                0x0000062d        0x2 obj_Minorca_lufa/common/command.o
 .progmem.data.__c.4993
                0x0000062f        0x3 obj_Minorca_lufa/common/command.o
 .progmem.data.__c.4991
                0x00000632       0x12 obj_Minorca_lufa/common/command.o
 .progmem.data.__c.4989
                0x00000644        0x2 obj_Minorca_lufa/common/command.o
 .progmem.data.__c.4987
                0x00000646        0x3 obj_Minorca_lufa/common/command.o
 .progmem.data.__c.4985
                0x00000649       0x12 obj_Minorca_lufa/common/command.o
 .progmem.data.__c.4983
                0x0000065b        0xe obj_Minorca_lufa/common/command.o
 .progmem.data.__c.5103
                0x00000669        0x3 obj_Minorca_lufa/common/command.o
 .progmem.data.__c.5101
                0x0000066c        0x6 obj_Minorca_lufa/common/command.o
 .progmem.data.__c.5099
                0x00000672        0x2 obj_Minorca_lufa/common/command.o
 .progmem.data.__c.5096
                0x00000674        0xd obj_Minorca_lufa/common/command.o
 .progmem.data.__c.5082
                0x00000681        0x4 obj_Minorca_lufa/common/command.o
 .progmem.data.__c.5072
                0x00000685       0x4e obj_Minorca_lufa/common/command.o
 .progmem.data.__c.5070
                0x000006d3       0xfb obj_Minorca_lufa/common/command.o
 .progmem.data.__c.4975
                0x000007ce        0x2 obj_Minorca_lufa/common/command.o
 .progmem.data.__c.4972
                0x000007d0        0x4 obj_Minorca_lufa/common/command.o
 .progmem.data.__c.4977
                0x000007d4        0x4 obj_Minorca_lufa/common/command.o
 .progmem.data.__c.5121
                0x000007d8        0x5 obj_Minorca_lufa/common/command.o
 .progmem.data.__c.4961
                0x000007dd       0x27 obj_Minorca_lufa/common/command.o
 .progmem.data.__c.4786
                0x00000804       0xa5 obj_Minorca_lufa/common/command.o
 .progmem.data.__c.4881
                0x000008a9        0x2 obj_Minorca_lufa/common/command.o
 .progmem.data.__c.4879
                0x000008ab        0x3 obj_Minorca_lufa/common/command.o
 .progmem.data.__c.4877
                0x000008ae        0x8 obj_Minorca_lufa/common/command.o
 .progmem.data.__c.4875
                0x000008b6        0x2 obj_Minorca_lufa/common/command.o
 .progmem.data.__c.4873
                0x000008b8        0x3 obj_Minorca_lufa/common/command.o
 .progmem.data.__c.4871
                0x000008bb       0x1c obj_Minorca_lufa/common/command.o
 .progmem.data.__c.4869
                0x000008d7        0x2 obj_Minorca_lufa/common/command.o
 .progmem.data.__c.4867
                0x000008d9        0x3 obj_Minorca_lufa/common/command.o
 .progmem.data.__c.4865
                0x000008dc       0x12 obj_Minorca_lufa/common/command.o
 .progmem.data.__c.4863
                0x000008ee        0x2 obj_Minorca_lufa/common/command.o
 .progmem.data.__c.4861
                0x000008f0        0x3 obj_Minorca_lufa/common/command.o
 .progmem.data.__c.4859
                0x000008f3        0xa obj_Minorca_lufa/common/command.o
 .progmem.data.__c.4857
                0x000008fd        0x2 obj_Minorca_lufa/common/command.o
 .progmem.data.__c.4855
                0x000008ff        0x3 obj_Minorca_lufa/common/command.o
 .progmem.data.__c.4853
                0x00000902       0x12 obj_Minorca_lufa/common/command.o
 .progmem.data.__c.4851
                0x00000914        0x2 obj_Minorca_lufa/common/command.o
 .progmem.data.__c.4849
                0x00000916        0x3 obj_Minorca_lufa/common/command.o
 .progmem.data.__c.4847
                0x00000919       0x12 obj_Minorca_lufa/common/command.o
 .progmem.data.__c.4845
                0x0000092b        0x2 obj_Minorca_lufa/common/command.o
 .progmem.data.__c.4843
                0x0000092d        0x3 obj_Minorca_lufa/common/command.o
 .progmem.data.__c.4841
                0x00000930       0x17 obj_Minorca_lufa/common/command.o
 .progmem.data.__c.4839
                0x00000947        0x2 obj_Minorca_lufa/common/command.o
 .progmem.data.__c.4837
                0x00000949        0x3 obj_Minorca_lufa/common/command.o
 .progmem.data.__c.4835
                0x0000094c       0x19 obj_Minorca_lufa/common/command.o
 .progmem.data.__c.4833
                0x00000965        0x2 obj_Minorca_lufa/common/command.o
 .progmem.data.__c.4831
                0x00000967        0x5 obj_Minorca_lufa/common/command.o
 .progmem.data.__c.4829
                0x0000096c       0x14 obj_Minorca_lufa/common/command.o
 .progmem.data.__c.4826
                0x00000980        0x2 obj_Minorca_lufa/common/command.o
 .progmem.data.__c.4824
                0x00000982        0x3 obj_Minorca_lufa/common/command.o
 .progmem.data.__c.4822
                0x00000985        0x9 obj_Minorca_lufa/common/command.o
 .progmem.data.__c.4820
                0x0000098e        0x2 obj_Minorca_lufa/common/command.o
 .progmem.data.__c.4818
                0x00000990        0x3 obj_Minorca_lufa/common/command.o
 .progmem.data.__c.4816
                0x00000993        0xc obj_Minorca_lufa/common/command.o
 .progmem.data.__c.4814
                0x0000099f        0x2 obj_Minorca_lufa/common/command.o
 .progmem.data.__c.4812
                0x000009a1        0x3 obj_Minorca_lufa/common/command.o
 .progmem.data.__c.4810
                0x000009a4        0xa obj_Minorca_lufa/common/command.o
 .progmem.data.__c.4808
                0x000009ae        0x2 obj_Minorca_lufa/common/command.o
 .progmem.data.__c.4806
                0x000009b0        0x3 obj_Minorca_lufa/common/command.o
 .progmem.data.__c.4804
                0x000009b3        0xa obj_Minorca_lufa/common/command.o
 .progmem.data.__c.4802
                0x000009bd        0x2 obj_Minorca_lufa/common/command.o
 .progmem.data.__c.4800
                0x000009bf        0x5 obj_Minorca_lufa/common/command.o
 .progmem.data.__c.4798
                0x000009c4       0x13 obj_Minorca_lufa/common/command.o
 .progmem.data.__c.4795
                0x000009d7        0x2 obj_Minorca_lufa/common/command.o
 .progmem.data.__c.4793
                0x000009d9        0x3 obj_Minorca_lufa/common/command.o
 .progmem.data.__c.4791
                0x000009dc       0x10 obj_Minorca_lufa/common/command.o
 .progmem.data.__c.4956
                0x000009ec        0x2 obj_Minorca_lufa/common/command.o
 .progmem.data.__c.4947
                0x000009ee        0xb obj_Minorca_lufa/common/command.o
 .progmem.data.__c.4945
                0x000009f9        0xa obj_Minorca_lufa/common/command.o
 .progmem.data.__c.4942
                0x00000a03       0x17 obj_Minorca_lufa/common/command.o
 .progmem.data.__c.4940
                0x00000a1a       0x13 obj_Minorca_lufa/common/command.o
 .progmem.data.__c.4938
                0x00000a2d       0x13 obj_Minorca_lufa/common/command.o
 .progmem.data.__c.4936
                0x00000a40       0x17 obj_Minorca_lufa/common/command.o
 .progmem.data.__c.4934
                0x00000a57       0x1a obj_Minorca_lufa/common/command.o
 .progmem.data.__c.4932
                0x00000a71        0xe obj_Minorca_lufa/common/command.o
 .progmem.data.__c.4929
                0x00000a7f       0x2e obj_Minorca_lufa/common/command.o
 .progmem.data.__c.4927
                0x00000aad       0x45 obj_Minorca_lufa/common/command.o
 .progmem.data.__c.4925
                0x00000af2       0x2d obj_Minorca_lufa/common/command.o
 .progmem.data.__c.4923
                0x00000b1f       0x40 obj_Minorca_lufa/common/command.o
 .progmem.data.__c.4921
                0x00000b5f       0x2c obj_Minorca_lufa/common/command.o
 .progmem.data.__c.4919
                0x00000b8b        0xf obj_Minorca_lufa/common/command.o
 .progmem.data.__c.4916
                0x00000b9a        0xd obj_Minorca_lufa/common/command.o
 .progmem.data.__c.4914
                0x00000ba7        0xc obj_Minorca_lufa/common/command.o
 .progmem.data.__c.4911
                0x00000bb3       0x10 obj_Minorca_lufa/common/command.o
 .progmem.data.__c.4909
                0x00000bc3        0xf obj_Minorca_lufa/common/command.o
 .progmem.data.__c.4906
                0x00000bd2        0xe obj_Minorca_lufa/common/command.o
 .progmem.data.__c.4904
                0x00000be0        0xd obj_Minorca_lufa/common/command.o
 .progmem.data.__c.4901
                0x00000bed        0xc obj_Minorca_lufa/common/command.o
 .progmem.data.__c.4899
                0x00000bf9        0xd obj_Minorca_lufa/common/command.o
 .progmem.data.__c.4896
                0x00000c06       0x11 obj_Minorca_lufa/common/command.o
 .progmem.data.__c.4893
                0x00000c17        0x4 obj_Minorca_lufa/common/command.o
 .progmem.data.__c.4887
                0x00000c1b        0xb obj_Minorca_lufa/common/command.o
                0x00000c26                . = ALIGN (0x2)
 *(.jumptables)
 *(.jumptables*)
 *(.lowtext)
 *(.lowtext*)
                0x00000c26                __ctors_start = .
 *(.ctors)
                0x00000c26                __ctors_end = .
                0x00000c26                __dtors_start = .
 *(.dtors)
                0x00000c26                __dtors_end = .
 SORT(*)(.ctors)
 SORT(*)(.dtors)
 *(.init0)
 .init0         0x00000c26        0x0 /usr/local/CrossPack-AVR-20131216/lib/gcc/avr/4.8.1/../../../../avr/lib/avr5/crtm32u4.o
                0x00000c26                __init
 *(.init0)
 *(.init1)
 *(.init1)
 *(.init2)
 .init2         0x00000c26        0xc /usr/local/CrossPack-AVR-20131216/lib/gcc/avr/4.8.1/../../../../avr/lib/avr5/crtm32u4.o
 *(.init2)
 *(.init3)
 .init3         0x00000c32       0x4e obj_Minorca_lufa/common/avr/bootloader.o
                0x00000c32                bootloader_jump_after_watchdog_reset
 *(.init3)
 *(.init4)
 .init4         0x00000c80       0x16 /usr/local/CrossPack-AVR-20131216/lib/gcc/avr/4.8.1/avr5/libgcc.a(_copy_data.o)
                0x00000c80                __do_copy_data
 .init4         0x00000c96       0x10 /usr/local/CrossPack-AVR-20131216/lib/gcc/avr/4.8.1/avr5/libgcc.a(_clear_bss.o)
                0x00000c96                __do_clear_bss
 *(.init4)
 *(.init5)
 *(.init5)
 *(.init6)
 *(.init6)
 *(.init7)
 *(.init7)
 *(.init8)
 *(.init8)
 *(.init9)
 .init9         0x00000ca6        0x8 /usr/local/CrossPack-AVR-20131216/lib/gcc/avr/4.8.1/../../../../avr/lib/avr5/crtm32u4.o
 *(.init9)
 *(.text)
 .text          0x00000cae        0x4 /usr/local/CrossPack-AVR-20131216/lib/gcc/avr/4.8.1/../../../../avr/lib/avr5/crtm32u4.o
                0x00000cae                __vector_42
                0x00000cae                __vector_22
                0x00000cae                __vector_28
                0x00000cae                __vector_1
                0x00000cae                __vector_32
                0x00000cae                __vector_34
                0x00000cae                __vector_24
                0x00000cae                __bad_interrupt
                0x00000cae                __vector_6
                0x00000cae                __vector_31
                0x00000cae                __vector_35
                0x00000cae                __vector_39
                0x00000cae                __vector_3
                0x00000cae                __vector_23
                0x00000cae                __vector_30
                0x00000cae                __vector_25
                0x00000cae                __vector_13
                0x00000cae                __vector_17
                0x00000cae                __vector_19
                0x00000cae                __vector_7
                0x00000cae                __vector_41
                0x00000cae                __vector_27
                0x00000cae                __vector_5
                0x00000cae                __vector_33
                0x00000cae                __vector_37
                0x00000cae                __vector_4
                0x00000cae                __vector_9
                0x00000cae                __vector_2
                0x00000cae                __vector_15
                0x00000cae                __vector_36
                0x00000cae                __vector_29
                0x00000cae                __vector_40
                0x00000cae                __vector_8
                0x00000cae                __vector_26
                0x00000cae                __vector_14
                0x00000cae                __vector_16
                0x00000cae                __vector_18
                0x00000cae                __vector_20
                0x00000cae                __vector_38
 .text          0x00000cb2      0x15c obj_Minorca_lufa/common/avr/xprintf.o
                0x00000cb2                xputc
                0x00000cca                xputs
                0x00000cd8                xitoa
                0x00000dfc                __xprintf
                0x00000e0e                . = ALIGN (0x2)
 *(.text.*)
 .text.keymap_key_to_keycode
                0x00000e0e       0x1e obj_Minorca_lufa/keymap_common.o
                0x00000e0e                keymap_key_to_keycode
 .text.keymap_fn_to_action
                0x00000e2c       0x12 obj_Minorca_lufa/keymap_common.o
                0x00000e2c                keymap_fn_to_action
 .text.unselect_rows
                0x00000e3e        0xe obj_Minorca_lufa/matrix.o
 .text.matrix_init
                0x00000e4c       0x76 obj_Minorca_lufa/matrix.o
                0x00000e4c                matrix_init
 .text.matrix_scan
                0x00000ec2      0x236 obj_Minorca_lufa/matrix.o
                0x00000ec2                matrix_scan
 .text.matrix_get_row
                0x000010f8       0x12 obj_Minorca_lufa/matrix.o
                0x000010f8                matrix_get_row
 .text.matrix_print
                0x0000110a       0x8e obj_Minorca_lufa/matrix.o
                0x0000110a                matrix_print
 .text.led_set  0x00001198        0xe obj_Minorca_lufa/led.o
                0x00001198                led_set
 .text.keyboard_leds
                0x000011a6        0x6 obj_Minorca_lufa/protocol/lufa/lufa.o
 .text.sendchar
                0x000011ac       0xc8 obj_Minorca_lufa/protocol/lufa/lufa.o
                0x000011ac                sendchar
 .text.send_consumer
                0x00001274       0x66 obj_Minorca_lufa/protocol/lufa/lufa.o
 .text.send_system
                0x000012da       0x68 obj_Minorca_lufa/protocol/lufa/lufa.o
 .text.send_mouse
                0x00001342       0x46 obj_Minorca_lufa/protocol/lufa/lufa.o
 .text.send_keyboard
                0x00001388       0xa4 obj_Minorca_lufa/protocol/lufa/lufa.o
 .text.EVENT_USB_Device_Connect
                0x0000142c       0x24 obj_Minorca_lufa/protocol/lufa/lufa.o
                0x0000142c                EVENT_USB_Device_Connect
 .text.EVENT_USB_Device_Disconnect
                0x00001450        0xe obj_Minorca_lufa/protocol/lufa/lufa.o
                0x00001450                EVENT_USB_Device_Disconnect
 .text.EVENT_USB_Device_Reset
                0x0000145e        0x8 obj_Minorca_lufa/protocol/lufa/lufa.o
                0x0000145e                EVENT_USB_Device_Reset
 .text.EVENT_USB_Device_StartOfFrame
                0x00001466       0x80 obj_Minorca_lufa/protocol/lufa/lufa.o
                0x00001466                EVENT_USB_Device_StartOfFrame
 .text.EVENT_USB_Device_ConfigurationChanged
                0x000014e6       0x32 obj_Minorca_lufa/protocol/lufa/lufa.o
                0x000014e6                EVENT_USB_Device_ConfigurationChanged
 .text.EVENT_USB_Device_ControlRequest
                0x00001518      0x164 obj_Minorca_lufa/protocol/lufa/lufa.o
                0x00001518                EVENT_USB_Device_ControlRequest
 .text.hook_early_init
                0x0000167c        0x2 obj_Minorca_lufa/protocol/lufa/lufa.o
                0x0000167c                hook_early_init
 .text.hook_late_init
                0x0000167e        0x2 obj_Minorca_lufa/protocol/lufa/lufa.o
                0x0000167e                hook_late_init
 .text.hook_usb_suspend_entry
                0x00001680        0x2 obj_Minorca_lufa/protocol/lufa/lufa.o
                0x00001680                hook_usb_suspend_entry
 .text.EVENT_USB_Device_Suspend
                0x00001682        0xc obj_Minorca_lufa/protocol/lufa/lufa.o
                0x00001682                EVENT_USB_Device_Suspend
 .text.hook_usb_suspend_loop
                0x0000168e       0x18 obj_Minorca_lufa/protocol/lufa/lufa.o
                0x0000168e                hook_usb_suspend_loop
 .text.startup.main
                0x000016a6       0x90 obj_Minorca_lufa/protocol/lufa/lufa.o
                0x000016a6                main
 .text.hook_usb_wakeup
                0x00001736        0x4 obj_Minorca_lufa/protocol/lufa/lufa.o
                0x00001736                hook_usb_wakeup
 .text.EVENT_USB_Device_WakeUp
                0x0000173a        0xc obj_Minorca_lufa/protocol/lufa/lufa.o
                0x0000173a                EVENT_USB_Device_WakeUp
 .text.CALLBACK_USB_GetDescriptor
                0x00001746       0xb2 obj_Minorca_lufa/protocol/lufa/descriptor.o
                0x00001746                CALLBACK_USB_GetDescriptor
 .text.USB_Device_SendRemoteWakeup
                0x000017f8       0x2c obj_Minorca_lufa/protocol/lufa/LUFA-git/LUFA/Drivers/USB/Core/AVR8/Device_AVR8.o
                0x000017f8                USB_Device_SendRemoteWakeup
 .text.Endpoint_Write_Stream_LE
                0x00001824       0x92 obj_Minorca_lufa/protocol/lufa/LUFA-git/LUFA/Drivers/USB/Core/AVR8/EndpointStream_AVR8.o
                0x00001824                Endpoint_Write_Stream_LE
 .text.Endpoint_Write_Control_Stream_LE
                0x000018b6       0xc2 obj_Minorca_lufa/protocol/lufa/LUFA-git/LUFA/Drivers/USB/Core/AVR8/EndpointStream_AVR8.o
                0x000018b6                Endpoint_Write_Control_Stream_LE
 .text.Endpoint_Write_Control_PStream_LE
                0x00001978       0xc4 obj_Minorca_lufa/protocol/lufa/LUFA-git/LUFA/Drivers/USB/Core/AVR8/EndpointStream_AVR8.o
                0x00001978                Endpoint_Write_Control_PStream_LE
 .text.Endpoint_ConfigureEndpoint_Prv
                0x00001a3c       0x6a obj_Minorca_lufa/protocol/lufa/LUFA-git/LUFA/Drivers/USB/Core/AVR8/Endpoint_AVR8.o
                0x00001a3c                Endpoint_ConfigureEndpoint_Prv
 .text.Endpoint_ClearStatusStage
                0x00001aa6       0x42 obj_Minorca_lufa/protocol/lufa/LUFA-git/LUFA/Drivers/USB/Core/AVR8/Endpoint_AVR8.o
                0x00001aa6                Endpoint_ClearStatusStage
 .text.Endpoint_WaitUntilReady
                0x00001ae8       0x60 obj_Minorca_lufa/protocol/lufa/LUFA-git/LUFA/Drivers/USB/Core/AVR8/Endpoint_AVR8.o
                0x00001ae8                Endpoint_WaitUntilReady
 .text.USB_Disable
                0x00001b48       0x34 obj_Minorca_lufa/protocol/lufa/LUFA-git/LUFA/Drivers/USB/Core/AVR8/USBController_AVR8.o
                0x00001b48                USB_Disable
 .text.USB_ResetInterface
                0x00001b7c       0x86 obj_Minorca_lufa/protocol/lufa/LUFA-git/LUFA/Drivers/USB/Core/AVR8/USBController_AVR8.o
                0x00001b7c                USB_ResetInterface
 .text.USB_Init
                0x00001c02       0x22 obj_Minorca_lufa/protocol/lufa/LUFA-git/LUFA/Drivers/USB/Core/AVR8/USBController_AVR8.o
                0x00001c02                USB_Init
 .text.USB_INT_DisableAllInterrupts
                0x00001c24       0x10 obj_Minorca_lufa/protocol/lufa/LUFA-git/LUFA/Drivers/USB/Core/AVR8/USBInterrupt_AVR8.o
                0x00001c24                USB_INT_DisableAllInterrupts
 .text.USB_INT_ClearAllInterrupts
                0x00001c34        0xa obj_Minorca_lufa/protocol/lufa/LUFA-git/LUFA/Drivers/USB/Core/AVR8/USBInterrupt_AVR8.o
                0x00001c34                USB_INT_ClearAllInterrupts
 .text.__vector_10
                0x00001c3e      0x1a4 obj_Minorca_lufa/protocol/lufa/LUFA-git/LUFA/Drivers/USB/Core/AVR8/USBInterrupt_AVR8.o
                0x00001c3e                __vector_10
 .text.__vector_11
                0x00001de2       0x78 obj_Minorca_lufa/protocol/lufa/LUFA-git/LUFA/Drivers/USB/Core/AVR8/USBInterrupt_AVR8.o
                0x00001de2                __vector_11
 .text.USB_Device_ProcessControlRequest
                0x00001e5a      0x29c obj_Minorca_lufa/protocol/lufa/LUFA-git/LUFA/Drivers/USB/Core/DeviceStandardReq.o
                0x00001e5a                USB_Device_ProcessControlRequest
 .text.host_set_driver
                0x000020f6        0xa obj_Minorca_lufa/common/host.o
                0x000020f6                host_set_driver
 .text.host_keyboard_leds
                0x00002100       0x18 obj_Minorca_lufa/common/host.o
                0x00002100                host_keyboard_leds
 .text.host_keyboard_send
                0x00002118       0x8a obj_Minorca_lufa/common/host.o
                0x00002118                host_keyboard_send
 .text.host_mouse_send
                0x000021a2       0x16 obj_Minorca_lufa/common/host.o
                0x000021a2                host_mouse_send
 .text.host_system_send
                0x000021b8       0x2c obj_Minorca_lufa/common/host.o
                0x000021b8                host_system_send
 .text.host_consumer_send
                0x000021e4       0x2c obj_Minorca_lufa/common/host.o
                0x000021e4                host_consumer_send
 .text.matrix_setup
                0x00002210        0x2 obj_Minorca_lufa/common/keyboard.o
                0x00002210                matrix_setup
 .text.keyboard_setup
                0x00002212        0x4 obj_Minorca_lufa/common/keyboard.o
                0x00002212                keyboard_setup
 .text.keyboard_init
                0x00002216        0xc obj_Minorca_lufa/common/keyboard.o
                0x00002216                keyboard_init
 .text.keyboard_task
                0x00002222      0x1a2 obj_Minorca_lufa/common/keyboard.o
                0x00002222                keyboard_task
 .text.keyboard_set_leds
                0x000023c4        0x4 obj_Minorca_lufa/common/keyboard.o
                0x000023c4                keyboard_set_leds
 .text.action_exec
                0x000023c8       0x84 obj_Minorca_lufa/common/action.o
                0x000023c8                action_exec
 .text.register_code
                0x0000244c      0x1a6 obj_Minorca_lufa/common/action.o
                0x0000244c                register_code
 .text.unregister_code
                0x000025f2       0x9e obj_Minorca_lufa/common/action.o
                0x000025f2                unregister_code
 .text.register_mods
                0x00002690        0xe obj_Minorca_lufa/common/action.o
                0x00002690                register_mods
 .text.unregister_mods
                0x0000269e        0xe obj_Minorca_lufa/common/action.o
                0x0000269e                unregister_mods
 .text.process_action
                0x000026ac      0x61a obj_Minorca_lufa/common/action.o
                0x000026ac                process_action
 .text.clear_keyboard_but_mods
                0x00002cc6       0x24 obj_Minorca_lufa/common/action.o
                0x00002cc6                clear_keyboard_but_mods
 .text.clear_keyboard
                0x00002cea        0x8 obj_Minorca_lufa/common/action.o
                0x00002cea                clear_keyboard
 .text.is_tap_key
                0x00002cf2       0x4a obj_Minorca_lufa/common/action.o
                0x00002cf2                is_tap_key
 .text.debug_event
                0x00002d3c       0x1e obj_Minorca_lufa/common/action.o
                0x00002d3c                debug_event
 .text.debug_record
                0x00002d5a       0x20 obj_Minorca_lufa/common/action.o
                0x00002d5a                debug_record
 .text.debug_waiting_buffer
                0x00002d7a       0x42 obj_Minorca_lufa/common/action_tapping.o
 .text.debug_tapping_key
                0x00002dbc       0x1c obj_Minorca_lufa/common/action_tapping.o
 .text.waiting_buffer_scan_tap
                0x00002dd8       0xd0 obj_Minorca_lufa/common/action_tapping.o
 .text.process_tapping
                0x00002ea8      0x3da obj_Minorca_lufa/common/action_tapping.o
 .text.action_tapping_process
                0x00003282      0x15a obj_Minorca_lufa/common/action_tapping.o
                0x00003282                action_tapping_process
 .text.action_macro_play
                0x000033dc      0x13a obj_Minorca_lufa/common/action_macro.o
                0x000033dc                action_macro_play
 .text.default_layer_state_set
                0x00003516       0x18 obj_Minorca_lufa/common/action_layer.o
 .text.layer_state_set
                0x0000352e       0x18 obj_Minorca_lufa/common/action_layer.o
 .text.default_layer_debug
                0x00003546        0x2 obj_Minorca_lufa/common/action_layer.o
                0x00003546                default_layer_debug
 .text.default_layer_set
                0x00003548        0x4 obj_Minorca_lufa/common/action_layer.o
                0x00003548                default_layer_set
 .text.default_layer_or
                0x0000354c       0x24 obj_Minorca_lufa/common/action_layer.o
                0x0000354c                default_layer_or
 .text.default_layer_and
                0x00003570       0x24 obj_Minorca_lufa/common/action_layer.o
                0x00003570                default_layer_and
 .text.default_layer_xor
                0x00003594       0x24 obj_Minorca_lufa/common/action_layer.o
                0x00003594                default_layer_xor
 .text.layer_clear
                0x000035b8        0xa obj_Minorca_lufa/common/action_layer.o
                0x000035b8                layer_clear
 .text.layer_move
                0x000035c2       0x1e obj_Minorca_lufa/common/action_layer.o
                0x000035c2                layer_move
 .text.layer_on
                0x000035e0       0x36 obj_Minorca_lufa/common/action_layer.o
                0x000035e0                layer_on
 .text.layer_off
                0x00003616       0x3e obj_Minorca_lufa/common/action_layer.o
                0x00003616                layer_off
 .text.layer_invert
                0x00003654       0x36 obj_Minorca_lufa/common/action_layer.o
                0x00003654                layer_invert
 .text.layer_or
                0x0000368a       0x24 obj_Minorca_lufa/common/action_layer.o
                0x0000368a                layer_or
 .text.layer_and
                0x000036ae       0x24 obj_Minorca_lufa/common/action_layer.o
                0x000036ae                layer_and
 .text.layer_xor
                0x000036d2       0x24 obj_Minorca_lufa/common/action_layer.o
                0x000036d2                layer_xor
 .text.layer_debug
                0x000036f6        0x2 obj_Minorca_lufa/common/action_layer.o
                0x000036f6                layer_debug
 .text.layer_switch_get_action
                0x000036f8       0x84 obj_Minorca_lufa/common/action_layer.o
                0x000036f8                layer_switch_get_action
 .text.add_key  0x0000377c       0xa2 obj_Minorca_lufa/common/action_util.o
                0x0000377c                add_key
 .text.del_key  0x0000381e       0x88 obj_Minorca_lufa/common/action_util.o
                0x0000381e                del_key
 .text.clear_keys
                0x000038a6       0x1c obj_Minorca_lufa/common/action_util.o
                0x000038a6                clear_keys
 .text.get_mods
                0x000038c2        0x6 obj_Minorca_lufa/common/action_util.o
                0x000038c2                get_mods
 .text.add_mods
                0x000038c8        0xc obj_Minorca_lufa/common/action_util.o
                0x000038c8                add_mods
 .text.del_mods
                0x000038d4        0xe obj_Minorca_lufa/common/action_util.o
                0x000038d4                del_mods
 .text.set_mods
                0x000038e2        0x6 obj_Minorca_lufa/common/action_util.o
                0x000038e2                set_mods
 .text.clear_mods
                0x000038e8        0x6 obj_Minorca_lufa/common/action_util.o
                0x000038e8                clear_mods
 .text.add_weak_mods
                0x000038ee        0xc obj_Minorca_lufa/common/action_util.o
                0x000038ee                add_weak_mods
 .text.del_weak_mods
                0x000038fa        0xe obj_Minorca_lufa/common/action_util.o
                0x000038fa                del_weak_mods
 .text.clear_weak_mods
                0x00003908        0x6 obj_Minorca_lufa/common/action_util.o
                0x00003908                clear_weak_mods
 .text.set_oneshot_mods
                0x0000390e        0x6 obj_Minorca_lufa/common/action_util.o
                0x0000390e                set_oneshot_mods
 .text.clear_oneshot_mods
                0x00003914        0x6 obj_Minorca_lufa/common/action_util.o
                0x00003914                clear_oneshot_mods
 .text.has_anykey
                0x0000391a       0x26 obj_Minorca_lufa/common/action_util.o
                0x0000391a                has_anykey
 .text.send_keyboard_report
                0x00003940       0x4c obj_Minorca_lufa/common/action_util.o
                0x00003940                send_keyboard_report
 .text.print_set_sendchar
                0x0000398c        0xa obj_Minorca_lufa/common/print.o
                0x0000398c                print_set_sendchar
 .text.bitrev   0x00003996       0x24 obj_Minorca_lufa/common/util.o
                0x00003996                bitrev
 .text.bitrev16
                0x000039ba       0x34 obj_Minorca_lufa/common/util.o
                0x000039ba                bitrev16
 .text.hook_keyboard_loop
                0x000039ee        0x2 obj_Minorca_lufa/common/hook.o
                0x000039ee                hook_keyboard_loop
 .text.hook_matrix_change
                0x000039f0       0x1e obj_Minorca_lufa/common/hook.o
                0x000039f0                hook_matrix_change
 .text.hook_default_layer_change
                0x00003a0e        0x2 obj_Minorca_lufa/common/hook.o
                0x00003a0e                hook_default_layer_change
 .text.hook_layer_change
                0x00003a10        0x2 obj_Minorca_lufa/common/hook.o
                0x00003a10                hook_layer_change
 .text.hook_keyboard_leds_change
                0x00003a12        0x4 obj_Minorca_lufa/common/hook.o
                0x00003a12                hook_keyboard_leds_change
 .text.hook_bootmagic
                0x00003a16        0x2 obj_Minorca_lufa/common/hook.o
                0x00003a16                hook_bootmagic
 .text.suspend_power_down
                0x00003a18       0x4c obj_Minorca_lufa/common/avr/suspend.o
                0x00003a18                suspend_power_down
 .text.matrix_power_up
                0x00003a64        0x2 obj_Minorca_lufa/common/avr/suspend.o
                0x00003a64                matrix_power_up
 .text.matrix_power_down
                0x00003a66        0x2 obj_Minorca_lufa/common/avr/suspend.o
                0x00003a66                matrix_power_down
 .text.suspend_wakeup_condition
                0x00003a68       0x2a obj_Minorca_lufa/common/avr/suspend.o
                0x00003a68                suspend_wakeup_condition
 .text.suspend_wakeup_init
                0x00003a92        0x4 obj_Minorca_lufa/common/avr/suspend.o
                0x00003a92                suspend_wakeup_init
 .text.__vector_12
                0x00003a96       0x52 obj_Minorca_lufa/common/avr/suspend.o
                0x00003a96                __vector_12
 .text.timer_init
                0x00003ae8       0x12 obj_Minorca_lufa/common/avr/timer.o
                0x00003ae8                timer_init
 .text.timer_read
                0x00003afa       0x18 obj_Minorca_lufa/common/avr/timer.o
                0x00003afa                timer_read
 .text.timer_read32
                0x00003b12       0x18 obj_Minorca_lufa/common/avr/timer.o
                0x00003b12                timer_read32
 .text.timer_elapsed
                0x00003b2a       0x52 obj_Minorca_lufa/common/avr/timer.o
                0x00003b2a                timer_elapsed
 .text.__vector_21
                0x00003b7c       0x4a obj_Minorca_lufa/common/avr/timer.o
                0x00003b7c                __vector_21
 .text.bootloader_jump
                0x00003bc6       0x46 obj_Minorca_lufa/common/avr/bootloader.o
                0x00003bc6                bootloader_jump
 .text.keycode_to_action
                0x00003c0c      0x17c obj_Minorca_lufa/common/keymap.o
 .text.action_for_key
                0x00003d88       0xe6 obj_Minorca_lufa/common/keymap.o
                0x00003d88                action_for_key
 .text.action_get_macro
                0x00003e6e        0x6 obj_Minorca_lufa/common/keymap.o
                0x00003e6e                action_get_macro
 .text.action_function
                0x00003e74        0x2 obj_Minorca_lufa/common/keymap.o
                0x00003e74                action_function
 .text.scan_key
                0x00003e76       0x90 obj_Minorca_lufa/common/bootmagic.o
 .text.bootmagic_scan_key
                0x00003f06       0x24 obj_Minorca_lufa/common/bootmagic.o
                0x00003f06                bootmagic_scan_key
 .text.bootmagic
                0x00003f2a      0x298 obj_Minorca_lufa/common/bootmagic.o
                0x00003f2a                bootmagic
 .text.eeconfig_init
                0x000041c2       0x34 obj_Minorca_lufa/common/avr/eeconfig.o
                0x000041c2                eeconfig_init
 .text.eeconfig_is_enabled
                0x000041f6       0x16 obj_Minorca_lufa/common/avr/eeconfig.o
                0x000041f6                eeconfig_is_enabled
 .text.eeconfig_read_debug
                0x0000420c        0x8 obj_Minorca_lufa/common/avr/eeconfig.o
                0x0000420c                eeconfig_read_debug
 .text.eeconfig_write_debug
                0x00004214        0xa obj_Minorca_lufa/common/avr/eeconfig.o
                0x00004214                eeconfig_write_debug
 .text.eeconfig_read_default_layer
                0x0000421e        0x8 obj_Minorca_lufa/common/avr/eeconfig.o
                0x0000421e                eeconfig_read_default_layer
 .text.eeconfig_write_default_layer
                0x00004226        0xa obj_Minorca_lufa/common/avr/eeconfig.o
                0x00004226                eeconfig_write_default_layer
 .text.eeconfig_read_keymap
                0x00004230        0x8 obj_Minorca_lufa/common/avr/eeconfig.o
                0x00004230                eeconfig_read_keymap
 .text.eeconfig_write_keymap
                0x00004238        0xa obj_Minorca_lufa/common/avr/eeconfig.o
                0x00004238                eeconfig_write_keymap
 .text.move_unit
                0x00004242       0x90 obj_Minorca_lufa/common/mousekey.o
 .text.wheel_unit
                0x000042d2       0x72 obj_Minorca_lufa/common/mousekey.o
 .text.mousekey_on
                0x00004344       0xd0 obj_Minorca_lufa/common/mousekey.o
                0x00004344                mousekey_on
 .text.mousekey_off
                0x00004414      0x10a obj_Minorca_lufa/common/mousekey.o
                0x00004414                mousekey_off
 .text.mousekey_send
                0x0000451e      0x11a obj_Minorca_lufa/common/mousekey.o
                0x0000451e                mousekey_send
 .text.mousekey_task
                0x00004638      0x142 obj_Minorca_lufa/common/mousekey.o
                0x00004638                mousekey_task
 .text.mousekey_clear
                0x0000477a       0x18 obj_Minorca_lufa/common/mousekey.o
                0x0000477a                mousekey_clear
 .text.mousekey_console_help
                0x00004792       0x2e obj_Minorca_lufa/common/command.o
 .text.mousekey_param_inc
                0x000047c0      0x146 obj_Minorca_lufa/common/command.o
 .text.mousekey_param_dec
                0x00004906       0xfc obj_Minorca_lufa/common/command.o
 .text.switch_default_layer
                0x00004a02       0x3c obj_Minorca_lufa/common/command.o
 .text.command_common
                0x00004a3e      0x4e0 obj_Minorca_lufa/common/command.o
 .text.command_extra
                0x00004f1e        0x4 obj_Minorca_lufa/common/command.o
                0x00004f1e                command_extra
 .text.command_console_extra
                0x00004f22        0x4 obj_Minorca_lufa/common/command.o
                0x00004f22                command_console_extra
 .text.command_proc
                0x00004f26      0x2a4 obj_Minorca_lufa/common/command.o
                0x00004f26                command_proc
 .text.avr-libc.fplib
                0x000051ca        0xa /usr/local/CrossPack-AVR-20131216/lib/gcc/avr/4.8.1/../../../../avr/lib/avr5/libm.a(fixsfsi.o)
                0x000051ca                __fixsfsi
 .text.avr-libc.fplib
                0x000051d4       0x58 /usr/local/CrossPack-AVR-20131216/lib/gcc/avr/4.8.1/../../../../avr/lib/avr5/libm.a(fixunssfsi.o)
                0x000051d4                __fixunssfsi
 .text.avr-libc.fplib
                0x0000522c       0x7a /usr/local/CrossPack-AVR-20131216/lib/gcc/avr/4.8.1/../../../../avr/lib/avr5/libm.a(floatsisf.o)
                0x0000522c                __floatunsisf
                0x00005230                __floatsisf
 .text.avr-libc.fplib
                0x000052a6       0x44 /usr/local/CrossPack-AVR-20131216/lib/gcc/avr/4.8.1/../../../../avr/lib/avr5/libm.a(fp_split3.o)
                0x000052a6                __fp_split3
                0x000052b6                __fp_splitA
 .text.avr-libc.fplib
                0x000052ea        0xe /usr/local/CrossPack-AVR-20131216/lib/gcc/avr/4.8.1/../../../../avr/lib/avr5/libm.a(fp_zero.o)
                0x000052ea                __fp_zero
                0x000052ec                __fp_szero
 .text.avr-libc.fplib
                0x000052f8        0x4 /usr/local/CrossPack-AVR-20131216/lib/gcc/avr/4.8.1/../../../../avr/lib/avr5/libm.a(mulsf3.o)
                0x000052f8                __mulsf3
 .text.avr-libc.fplib
                0x000052fc       0xc2 /usr/local/CrossPack-AVR-20131216/lib/gcc/avr/4.8.1/../../../../avr/lib/avr5/libm.a(mulsf3x.o)
                0x00005310                __mulsf3x
                0x00005314                __mulsf3_pse
 .text.avr-libc.fplib
                0x000053be        0xc /usr/local/CrossPack-AVR-20131216/lib/gcc/avr/4.8.1/../../../../avr/lib/avr5/libm.a(fp_inf.o)
                0x000053be                __fp_inf
 .text.avr-libc.fplib
                0x000053ca        0x6 /usr/local/CrossPack-AVR-20131216/lib/gcc/avr/4.8.1/../../../../avr/lib/avr5/libm.a(fp_nan.o)
                0x000053ca                __fp_nan
 .text.avr-libc.fplib
                0x000053d0        0xe /usr/local/CrossPack-AVR-20131216/lib/gcc/avr/4.8.1/../../../../avr/lib/avr5/libm.a(fp_pscA.o)
                0x000053d0                __fp_pscA
 .text.avr-libc.fplib
                0x000053de        0xe /usr/local/CrossPack-AVR-20131216/lib/gcc/avr/4.8.1/../../../../avr/lib/avr5/libm.a(fp_pscB.o)
                0x000053de                __fp_pscB
 .text.avr-libc.fplib
                0x000053ec       0x22 /usr/local/CrossPack-AVR-20131216/lib/gcc/avr/4.8.1/../../../../avr/lib/avr5/libm.a(fp_round.o)
                0x000053ec                __fp_round
 .text.libgcc.div
                0x0000540e       0x18 /usr/local/CrossPack-AVR-20131216/lib/gcc/avr/4.8.1/avr5/libgcc.a(_udivmodqi4.o)
                0x0000540e                __udivmodqi4
 .text.libgcc.div
                0x00005426       0x28 /usr/local/CrossPack-AVR-20131216/lib/gcc/avr/4.8.1/avr5/libgcc.a(_divmodhi4.o)
                0x00005426                __divmodhi4
                0x00005426                _div
 .text.libgcc   0x0000544e        0xc /usr/local/CrossPack-AVR-20131216/lib/gcc/avr/4.8.1/avr5/libgcc.a(_tablejump.o)
                0x0000544e                __tablejump2__
                0x00005452                __tablejump__
 .text.libgcc.div
                0x0000545a       0x28 /usr/local/CrossPack-AVR-20131216/lib/gcc/avr/4.8.1/avr5/libgcc.a(_udivmodhi4.o)
                0x0000545a                __udivmodhi4
 .text.avr-libc
                0x00005482       0x10 /usr/local/CrossPack-AVR-20131216/lib/gcc/avr/4.8.1/../../../../avr/lib/avr5/libc.a(eerd_byte_atmega32u4.o)
                0x00005482                __eerd_byte_m32u4
 .text.avr-libc
                0x00005492        0xc /usr/local/CrossPack-AVR-20131216/lib/gcc/avr/4.8.1/../../../../avr/lib/avr5/libc.a(eerd_word_atmega32u4.o)
                0x00005492                __eerd_word_m32u4
 .text.avr-libc
                0x0000549e       0x1c /usr/local/CrossPack-AVR-20131216/lib/gcc/avr/4.8.1/../../../../avr/lib/avr5/libc.a(eewr_byte_atmega32u4.o)
                0x0000549e                __eewr_byte_m32u4
                0x000054a0                __eewr_r18_m32u4
 .text.avr-libc
                0x000054ba        0xa /usr/local/CrossPack-AVR-20131216/lib/gcc/avr/4.8.1/../../../../avr/lib/avr5/libc.a(eewr_word_atmega32u4.o)
                0x000054ba                __eewr_word_m32u4
 .text.avr-libc
                0x000054c4       0x20 /usr/local/CrossPack-AVR-20131216/lib/gcc/avr/4.8.1/../../../../avr/lib/avr5/libc.a(eerd_block_atmega32u4.o)
                0x000054c4                __eerd_block_m32u4
                0x000054c8                __eerd_blraw_m32u4
                0x000054e4                . = ALIGN (0x2)
 *(.fini9)
 .fini9         0x000054e4        0x0 /usr/local/CrossPack-AVR-20131216/lib/gcc/avr/4.8.1/avr5/libgcc.a(_exit.o)
                0x000054e4                exit
                0x000054e4                _exit
 *(.fini9)
 *(.fini8)
 *(.fini8)
 *(.fini7)
 *(.fini7)
 *(.fini6)
 *(.fini6)
 *(.fini5)
 *(.fini5)
 *(.fini4)
 *(.fini4)
 *(.fini3)
 *(.fini3)
 *(.fini2)
 *(.fini2)
 *(.fini1)
 *(.fini1)
 *(.fini0)
 .fini0         0x000054e4        0x4 /usr/local/CrossPack-AVR-20131216/lib/gcc/avr/4.8.1/avr5/libgcc.a(_exit.o)
 *(.fini0)
                0x000054e8                _etext = .

.data           0x00800100       0x38 load address 0x000054e8
                0x00800100                PROVIDE (__data_start, .)
 *(.data)
 .data          0x00800100        0x0 /usr/local/CrossPack-AVR-20131216/lib/gcc/avr/4.8.1/../../../../avr/lib/avr5/crtm32u4.o
 .data          0x00800100        0x0 obj_Minorca_lufa/keymap_minorca.o
 .data          0x00800100        0x0 obj_Minorca_lufa/keymap_common.o
 .data          0x00800100        0x0 obj_Minorca_lufa/matrix.o
 .data          0x00800100        0x0 obj_Minorca_lufa/led.o
 .data          0x00800100        0x0 obj_Minorca_lufa/protocol/lufa/lufa.o
 .data          0x00800100        0x0 obj_Minorca_lufa/protocol/lufa/descriptor.o
 .data          0x00800100        0x0 obj_Minorca_lufa/protocol/lufa/LUFA-git/LUFA/Drivers/USB/Class/Common/HIDParser.o
 .data          0x00800100        0x0 obj_Minorca_lufa/protocol/lufa/LUFA-git/LUFA/Drivers/USB/Core/AVR8/Device_AVR8.o
 .data          0x00800100        0x0 obj_Minorca_lufa/protocol/lufa/LUFA-git/LUFA/Drivers/USB/Core/AVR8/EndpointStream_AVR8.o
 .data          0x00800100        0x0 obj_Minorca_lufa/protocol/lufa/LUFA-git/LUFA/Drivers/USB/Core/AVR8/Endpoint_AVR8.o
 .data          0x00800100        0x0 obj_Minorca_lufa/protocol/lufa/LUFA-git/LUFA/Drivers/USB/Core/AVR8/Host_AVR8.o
 .data          0x00800100        0x0 obj_Minorca_lufa/protocol/lufa/LUFA-git/LUFA/Drivers/USB/Core/AVR8/PipeStream_AVR8.o
 .data          0x00800100        0x0 obj_Minorca_lufa/protocol/lufa/LUFA-git/LUFA/Drivers/USB/Core/AVR8/Pipe_AVR8.o
 .data          0x00800100        0x0 obj_Minorca_lufa/protocol/lufa/LUFA-git/LUFA/Drivers/USB/Core/AVR8/USBController_AVR8.o
 .data          0x00800100        0x0 obj_Minorca_lufa/protocol/lufa/LUFA-git/LUFA/Drivers/USB/Core/AVR8/USBInterrupt_AVR8.o
 .data          0x00800100        0x0 obj_Minorca_lufa/protocol/lufa/LUFA-git/LUFA/Drivers/USB/Core/ConfigDescriptors.o
 .data          0x00800100        0x0 obj_Minorca_lufa/protocol/lufa/LUFA-git/LUFA/Drivers/USB/Core/DeviceStandardReq.o
 .data          0x00800100        0x0 obj_Minorca_lufa/protocol/lufa/LUFA-git/LUFA/Drivers/USB/Core/Events.o
 .data          0x00800100        0x0 obj_Minorca_lufa/protocol/lufa/LUFA-git/LUFA/Drivers/USB/Core/HostStandardReq.o
 .data          0x00800100        0x0 obj_Minorca_lufa/protocol/lufa/LUFA-git/LUFA/Drivers/USB/Core/USBTask.o
 .data          0x00800100        0x0 obj_Minorca_lufa/common/host.o
 .data          0x00800100        0x0 obj_Minorca_lufa/common/keyboard.o
 .data          0x00800100        0x0 obj_Minorca_lufa/common/action.o
 .data          0x00800100        0x0 obj_Minorca_lufa/common/action_tapping.o
 .data          0x00800100        0x0 obj_Minorca_lufa/common/action_macro.o
 .data          0x00800100        0x0 obj_Minorca_lufa/common/action_layer.o
 .data          0x00800100        0x0 obj_Minorca_lufa/common/action_util.o
 .data          0x00800100        0x0 obj_Minorca_lufa/common/print.o
 .data          0x00800100        0x0 obj_Minorca_lufa/common/debug.o
 .data          0x00800100        0x0 obj_Minorca_lufa/common/util.o
 .data          0x00800100        0x0 obj_Minorca_lufa/common/hook.o
 .data          0x00800100        0x0 obj_Minorca_lufa/common/avr/suspend.o
 .data          0x00800100        0x0 obj_Minorca_lufa/common/avr/xprintf.o
 .data          0x00800100        0x0 obj_Minorca_lufa/common/avr/timer.o
 .data          0x00800100        0x0 obj_Minorca_lufa/common/avr/bootloader.o
 .data          0x00800100        0x0 obj_Minorca_lufa/common/keymap.o
 .data          0x00800100        0x0 obj_Minorca_lufa/common/bootmagic.o
 .data          0x00800100        0x0 obj_Minorca_lufa/common/avr/eeconfig.o
 .data          0x00800100        0x0 obj_Minorca_lufa/common/mousekey.o
 .data          0x00800100        0x0 obj_Minorca_lufa/common/command.o
 .data          0x00800100        0x0 /usr/local/CrossPack-AVR-20131216/lib/gcc/avr/4.8.1/../../../../avr/lib/avr5/libm.a(fixsfsi.o)
 .data          0x00800100        0x0 /usr/local/CrossPack-AVR-20131216/lib/gcc/avr/4.8.1/../../../../avr/lib/avr5/libm.a(fixunssfsi.o)
 .data          0x00800100        0x0 /usr/local/CrossPack-AVR-20131216/lib/gcc/avr/4.8.1/../../../../avr/lib/avr5/libm.a(floatsisf.o)
 .data          0x00800100        0x0 /usr/local/CrossPack-AVR-20131216/lib/gcc/avr/4.8.1/../../../../avr/lib/avr5/libm.a(fp_split3.o)
 .data          0x00800100        0x0 /usr/local/CrossPack-AVR-20131216/lib/gcc/avr/4.8.1/../../../../avr/lib/avr5/libm.a(fp_zero.o)
 .data          0x00800100        0x0 /usr/local/CrossPack-AVR-20131216/lib/gcc/avr/4.8.1/../../../../avr/lib/avr5/libm.a(mulsf3.o)
 .data          0x00800100        0x0 /usr/local/CrossPack-AVR-20131216/lib/gcc/avr/4.8.1/../../../../avr/lib/avr5/libm.a(mulsf3x.o)
 .data          0x00800100        0x0 /usr/local/CrossPack-AVR-20131216/lib/gcc/avr/4.8.1/../../../../avr/lib/avr5/libm.a(fp_inf.o)
 .data          0x00800100        0x0 /usr/local/CrossPack-AVR-20131216/lib/gcc/avr/4.8.1/../../../../avr/lib/avr5/libm.a(fp_nan.o)
 .data          0x00800100        0x0 /usr/local/CrossPack-AVR-20131216/lib/gcc/avr/4.8.1/../../../../avr/lib/avr5/libm.a(fp_pscA.o)
 .data          0x00800100        0x0 /usr/local/CrossPack-AVR-20131216/lib/gcc/avr/4.8.1/../../../../avr/lib/avr5/libm.a(fp_pscB.o)
 .data          0x00800100        0x0 /usr/local/CrossPack-AVR-20131216/lib/gcc/avr/4.8.1/../../../../avr/lib/avr5/libm.a(fp_round.o)
 .data          0x00800100        0x0 /usr/local/CrossPack-AVR-20131216/lib/gcc/avr/4.8.1/avr5/libgcc.a(_udivmodqi4.o)
 .data          0x00800100        0x0 /usr/local/CrossPack-AVR-20131216/lib/gcc/avr/4.8.1/avr5/libgcc.a(_divmodhi4.o)
 .data          0x00800100        0x0 /usr/local/CrossPack-AVR-20131216/lib/gcc/avr/4.8.1/avr5/libgcc.a(_exit.o)
 .data          0x00800100        0x0 /usr/local/CrossPack-AVR-20131216/lib/gcc/avr/4.8.1/avr5/libgcc.a(_tablejump.o)
 .data          0x00800100        0x0 /usr/local/CrossPack-AVR-20131216/lib/gcc/avr/4.8.1/avr5/libgcc.a(_copy_data.o)
 .data          0x00800100        0x0 /usr/local/CrossPack-AVR-20131216/lib/gcc/avr/4.8.1/avr5/libgcc.a(_clear_bss.o)
 .data          0x00800100        0x0 /usr/local/CrossPack-AVR-20131216/lib/gcc/avr/4.8.1/avr5/libgcc.a(_udivmodhi4.o)
 .data          0x00800100        0x0 /usr/local/CrossPack-AVR-20131216/lib/gcc/avr/4.8.1/../../../../avr/lib/avr5/libc.a(eerd_byte_atmega32u4.o)
 .data          0x00800100        0x0 /usr/local/CrossPack-AVR-20131216/lib/gcc/avr/4.8.1/../../../../avr/lib/avr5/libc.a(eerd_word_atmega32u4.o)
 .data          0x00800100        0x0 /usr/local/CrossPack-AVR-20131216/lib/gcc/avr/4.8.1/../../../../avr/lib/avr5/libc.a(eeupd_byte_atmega32u4.o)
 .data          0x00800100        0x0 /usr/local/CrossPack-AVR-20131216/lib/gcc/avr/4.8.1/../../../../avr/lib/avr5/libc.a(eewr_byte_atmega32u4.o)
 .data          0x00800100        0x0 /usr/local/CrossPack-AVR-20131216/lib/gcc/avr/4.8.1/../../../../avr/lib/avr5/libc.a(eewr_word_atmega32u4.o)
 .data          0x00800100        0x0 /usr/local/CrossPack-AVR-20131216/lib/gcc/avr/4.8.1/../../../../avr/lib/avr5/libc.a(eerd_block_atmega32u4.o)
 *(.data*)
 .data.debouncing
                0x00800100        0x1 obj_Minorca_lufa/matrix.o
 .data.lufa_driver
                0x00800101        0xa obj_Minorca_lufa/protocol/lufa/lufa.o
                0x00800101                lufa_driver
 .data.keyboard_protocol
                0x0080010b        0x1 obj_Minorca_lufa/protocol/lufa/lufa.o
                0x0080010b                keyboard_protocol
 .data.keyboard_nkro
                0x0080010c        0x1 obj_Minorca_lufa/common/host.o
                0x0080010c                keyboard_nkro
 .data.keyboard_report
                0x0080010d        0x2 obj_Minorca_lufa/common/action_util.o
                0x0080010d                keyboard_report
 .data.mk_wheel_time_to_max
                0x0080010f        0x1 obj_Minorca_lufa/common/mousekey.o
                0x0080010f                mk_wheel_time_to_max
 .data.mk_wheel_max_speed
                0x00800110        0x1 obj_Minorca_lufa/common/mousekey.o
                0x00800110                mk_wheel_max_speed
 .data.mk_time_to_max
                0x00800111        0x1 obj_Minorca_lufa/common/mousekey.o
                0x00800111                mk_time_to_max
 .data.mk_max_speed
                0x00800112        0x1 obj_Minorca_lufa/common/mousekey.o
                0x00800112                mk_max_speed
 .data.mk_interval
                0x00800113        0x1 obj_Minorca_lufa/common/mousekey.o
                0x00800113                mk_interval
 .data.mk_delay
                0x00800114        0x1 obj_Minorca_lufa/common/mousekey.o
                0x00800114                mk_delay
 *(.rodata)
 *(.rodata*)
 .rodata.CSWTCH.3
                0x00800115        0x5 obj_Minorca_lufa/protocol/lufa/descriptor.o
 .rodata.CSWTCH.2
                0x0080011a        0xa obj_Minorca_lufa/protocol/lufa/descriptor.o
 .rodata.CSWTCH.1
                0x00800124        0xa obj_Minorca_lufa/protocol/lufa/descriptor.o
 .rodata.CSWTCH.43
                0x0080012e        0xa obj_Minorca_lufa/common/command.o
 *(.gnu.linkonce.d*)
                0x00800138                . = ALIGN (0x2)
                0x00800138                _edata = .
                0x00800138                PROVIDE (__data_end, .)

.bss            0x00800138       0xa8
                0x00800138                PROVIDE (__bss_start, .)
 *(.bss)
 .bss           0x00800138        0x2 obj_Minorca_lufa/common/avr/xprintf.o
                0x00800138                xfunc_out
 *(.bss*)
 .bss.matrix_debouncing
                0x0080013a        0x8 obj_Minorca_lufa/matrix.o
 .bss.matrix    0x00800142        0x8 obj_Minorca_lufa/matrix.o
 .bss.timeouted.4740
                0x0080014a        0x1 obj_Minorca_lufa/protocol/lufa/lufa.o
 .bss.count.4670
                0x0080014b        0x1 obj_Minorca_lufa/protocol/lufa/lufa.o
 .bss.console_flush
                0x0080014c        0x1 obj_Minorca_lufa/protocol/lufa/lufa.o
 .bss.keyboard_report_sent
                0x0080014d       0x10 obj_Minorca_lufa/protocol/lufa/lufa.o
 .bss.keyboard_led_stats
                0x0080015d        0x1 obj_Minorca_lufa/protocol/lufa/lufa.o
 .bss.keyboard_idle
                0x0080015e        0x1 obj_Minorca_lufa/protocol/lufa/lufa.o
                0x0080015e                keyboard_idle
 .bss.last_consumer_report
                0x0080015f        0x2 obj_Minorca_lufa/common/host.o
 .bss.last_system_report
                0x00800161        0x2 obj_Minorca_lufa/common/host.o
 .bss.driver    0x00800163        0x2 obj_Minorca_lufa/common/host.o
 .bss.led_status.4734
                0x00800165        0x1 obj_Minorca_lufa/common/keyboard.o
 .bss.matrix_prev.4733
                0x00800166        0x8 obj_Minorca_lufa/common/keyboard.o
 .bss.waiting_buffer_tail
                0x0080016e        0x1 obj_Minorca_lufa/common/action_tapping.o
 .bss.waiting_buffer_head
                0x0080016f        0x1 obj_Minorca_lufa/common/action_tapping.o
 .bss.waiting_buffer
                0x00800170       0x30 obj_Minorca_lufa/common/action_tapping.o
 .bss.tapping_key
                0x008001a0        0x6 obj_Minorca_lufa/common/action_tapping.o
 .bss.layer_state
                0x008001a6        0x4 obj_Minorca_lufa/common/action_layer.o
                0x008001a6                layer_state
 .bss.default_layer_state
                0x008001aa        0x4 obj_Minorca_lufa/common/action_layer.o
                0x008001aa                default_layer_state
 .bss.oneshot_mods
                0x008001ae        0x1 obj_Minorca_lufa/common/action_util.o
 .bss.__compound_literal.0
                0x008001af       0x10 obj_Minorca_lufa/common/action_util.o
 .bss.weak_mods
                0x008001bf        0x1 obj_Minorca_lufa/common/action_util.o
 .bss.real_mods
                0x008001c0        0x1 obj_Minorca_lufa/common/action_util.o
 .bss.debug_config
                0x008001c1        0x1 obj_Minorca_lufa/common/debug.o
                0x008001c1                debug_config
 .bss.wdt_timeout
                0x008001c2        0x1 obj_Minorca_lufa/common/avr/suspend.o
 .bss.timer_count
                0x008001c3        0x4 obj_Minorca_lufa/common/avr/timer.o
                0x008001c3                timer_count
 .bss.last_timer
                0x008001c7        0x2 obj_Minorca_lufa/common/mousekey.o
 .bss.mousekey_accel
                0x008001c9        0x1 obj_Minorca_lufa/common/mousekey.o
 .bss.mousekey_repeat
                0x008001ca        0x1 obj_Minorca_lufa/common/mousekey.o
 .bss.mouse_report
                0x008001cb        0x5 obj_Minorca_lufa/common/mousekey.o
 .bss.mousekey_param
                0x008001d0        0x1 obj_Minorca_lufa/common/command.o
 .bss.command_state
                0x008001d1        0x1 obj_Minorca_lufa/common/command.o
                0x008001d1                command_state
 *(COMMON)
 COMMON         0x008001d2        0x3 obj_Minorca_lufa/protocol/lufa/LUFA-git/LUFA/Drivers/USB/Core/DeviceStandardReq.o
                0x008001d2                USB_Device_ConfigurationNumber
                0x008001d3                USB_Device_CurrentlySelfPowered
                0x008001d4                USB_Device_RemoteWakeupEnabled
 COMMON         0x008001d5        0xa obj_Minorca_lufa/protocol/lufa/LUFA-git/LUFA/Drivers/USB/Core/USBTask.o
                0x008001d5                USB_IsInitialized
                0x008001d6                USB_DeviceState
                0x008001d7                USB_ControlRequest
 COMMON         0x008001df        0x1 obj_Minorca_lufa/common/bootmagic.o
                0x008001df                keymap_config
                0x008001e0                PROVIDE (__bss_end, .)
                0x000054e8                __data_load_start = LOADADDR (.data)
                0x00005520                __data_load_end = (__data_load_start + SIZEOF (.data))

.noinit         0x008001e0        0x4
                0x008001e0                PROVIDE (__noinit_start, .)
 *(.noinit*)
 .noinit        0x008001e0        0x4 obj_Minorca_lufa/common/avr/bootloader.o
                0x008001e0                reset_key
                0x008001e4                PROVIDE (__noinit_end, .)
                0x008001e4                _end = .
                0x008001e4                PROVIDE (__heap_start, .)

.eeprom         0x00810000        0x0
 *(.eeprom*)
                0x00810000                __eeprom_end = .

.fuse
 *(.fuse)
 *(.lfuse)
 *(.hfuse)
 *(.efuse)

.lock
 *(.lock*)

.signature
 *(.signature*)

.user_signatures
 *(.user_signatures*)

.stab           0x00000000      0x8b8
 *(.stab)
 .stab          0x00000000      0x8b8 obj_Minorca_lufa/common/avr/xprintf.o

.stabstr        0x00000000       0x90
 *(.stabstr)
 .stabstr       0x00000000       0x90 obj_Minorca_lufa/common/avr/xprintf.o

.stab.excl
 *(.stab.excl)

.stab.exclstr
 *(.stab.exclstr)

.stab.index
 *(.stab.index)

.stab.indexstr
 *(.stab.indexstr)

.comment        0x00000000       0x11
 *(.comment)
 .comment       0x00000000       0x11 obj_Minorca_lufa/keymap_minorca.o
                                 0x12 (size before relaxing)
 .comment       0x00000000       0x12 obj_Minorca_lufa/keymap_common.o
 .comment       0x00000000       0x12 obj_Minorca_lufa/matrix.o
 .comment       0x00000000       0x12 obj_Minorca_lufa/led.o
 .comment       0x00000000       0x12 obj_Minorca_lufa/protocol/lufa/lufa.o
 .comment       0x00000000       0x12 obj_Minorca_lufa/protocol/lufa/descriptor.o
 .comment       0x00000000       0x12 obj_Minorca_lufa/protocol/lufa/LUFA-git/LUFA/Drivers/USB/Class/Common/HIDParser.o
 .comment       0x00000000       0x12 obj_Minorca_lufa/protocol/lufa/LUFA-git/LUFA/Drivers/USB/Core/AVR8/Device_AVR8.o
 .comment       0x00000000       0x12 obj_Minorca_lufa/protocol/lufa/LUFA-git/LUFA/Drivers/USB/Core/AVR8/EndpointStream_AVR8.o
 .comment       0x00000000       0x12 obj_Minorca_lufa/protocol/lufa/LUFA-git/LUFA/Drivers/USB/Core/AVR8/Endpoint_AVR8.o
 .comment       0x00000000       0x12 obj_Minorca_lufa/protocol/lufa/LUFA-git/LUFA/Drivers/USB/Core/AVR8/Host_AVR8.o
 .comment       0x00000000       0x12 obj_Minorca_lufa/protocol/lufa/LUFA-git/LUFA/Drivers/USB/Core/AVR8/PipeStream_AVR8.o
 .comment       0x00000000       0x12 obj_Minorca_lufa/protocol/lufa/LUFA-git/LUFA/Drivers/USB/Core/AVR8/Pipe_AVR8.o
 .comment       0x00000000       0x12 obj_Minorca_lufa/protocol/lufa/LUFA-git/LUFA/Drivers/USB/Core/AVR8/USBController_AVR8.o
 .comment       0x00000000       0x12 obj_Minorca_lufa/protocol/lufa/LUFA-git/LUFA/Drivers/USB/Core/AVR8/USBInterrupt_AVR8.o
 .comment       0x00000000       0x12 obj_Minorca_lufa/protocol/lufa/LUFA-git/LUFA/Drivers/USB/Core/ConfigDescriptors.o
 .comment       0x00000000       0x12 obj_Minorca_lufa/protocol/lufa/LUFA-git/LUFA/Drivers/USB/Core/DeviceStandardReq.o
 .comment       0x00000000       0x12 obj_Minorca_lufa/protocol/lufa/LUFA-git/LUFA/Drivers/USB/Core/Events.o
 .comment       0x00000000       0x12 obj_Minorca_lufa/protocol/lufa/LUFA-git/LUFA/Drivers/USB/Core/HostStandardReq.o
 .comment       0x00000000       0x12 obj_Minorca_lufa/protocol/lufa/LUFA-git/LUFA/Drivers/USB/Core/USBTask.o
 .comment       0x00000000       0x12 obj_Minorca_lufa/common/host.o
 .comment       0x00000000       0x12 obj_Minorca_lufa/common/keyboard.o
 .comment       0x00000000       0x12 obj_Minorca_lufa/common/action.o
 .comment       0x00000000       0x12 obj_Minorca_lufa/common/action_tapping.o
 .comment       0x00000000       0x12 obj_Minorca_lufa/common/action_macro.o
 .comment       0x00000000       0x12 obj_Minorca_lufa/common/action_layer.o
 .comment       0x00000000       0x12 obj_Minorca_lufa/common/action_util.o
 .comment       0x00000000       0x12 obj_Minorca_lufa/common/print.o
 .comment       0x00000000       0x12 obj_Minorca_lufa/common/debug.o
 .comment       0x00000000       0x12 obj_Minorca_lufa/common/util.o
 .comment       0x00000000       0x12 obj_Minorca_lufa/common/hook.o
 .comment       0x00000000       0x12 obj_Minorca_lufa/common/avr/suspend.o
 .comment       0x00000000       0x12 obj_Minorca_lufa/common/avr/timer.o
 .comment       0x00000000       0x12 obj_Minorca_lufa/common/avr/bootloader.o
 .comment       0x00000000       0x12 obj_Minorca_lufa/common/keymap.o
 .comment       0x00000000       0x12 obj_Minorca_lufa/common/bootmagic.o
 .comment       0x00000000       0x12 obj_Minorca_lufa/common/avr/eeconfig.o
 .comment       0x00000000       0x12 obj_Minorca_lufa/common/mousekey.o
 .comment       0x00000000       0x12 obj_Minorca_lufa/common/command.o

.debug
 *(.debug)

.line
 *(.line)

.debug_srcinfo
 *(.debug_srcinfo)

.debug_sfnames
 *(.debug_sfnames)

.debug_aranges  0x00000000      0xb30
 *(.debug_aranges)
 .debug_aranges
                0x00000000       0x18 obj_Minorca_lufa/keymap_minorca.o
 .debug_aranges
                0x00000018       0x28 obj_Minorca_lufa/keymap_common.o
 .debug_aranges
                0x00000040       0x68 obj_Minorca_lufa/matrix.o
 .debug_aranges
                0x000000a8       0x20 obj_Minorca_lufa/led.o
 .debug_aranges
                0x000000c8       0xb8 obj_Minorca_lufa/protocol/lufa/lufa.o
 .debug_aranges
                0x00000180       0x20 obj_Minorca_lufa/protocol/lufa/descriptor.o
 .debug_aranges
                0x000001a0       0x38 obj_Minorca_lufa/protocol/lufa/LUFA-git/LUFA/Drivers/USB/Class/Common/HIDParser.o
 .debug_aranges
                0x000001d8       0x20 obj_Minorca_lufa/protocol/lufa/LUFA-git/LUFA/Drivers/USB/Core/AVR8/Device_AVR8.o
 .debug_aranges
                0x000001f8       0xc8 obj_Minorca_lufa/protocol/lufa/LUFA-git/LUFA/Drivers/USB/Core/AVR8/EndpointStream_AVR8.o
 .debug_aranges
                0x000002c0       0x40 obj_Minorca_lufa/protocol/lufa/LUFA-git/LUFA/Drivers/USB/Core/AVR8/Endpoint_AVR8.o
 .debug_aranges
                0x00000300       0x18 obj_Minorca_lufa/protocol/lufa/LUFA-git/LUFA/Drivers/USB/Core/AVR8/Host_AVR8.o
 .debug_aranges
                0x00000318       0x18 obj_Minorca_lufa/protocol/lufa/LUFA-git/LUFA/Drivers/USB/Core/AVR8/PipeStream_AVR8.o
 .debug_aranges
                0x00000330       0x18 obj_Minorca_lufa/protocol/lufa/LUFA-git/LUFA/Drivers/USB/Core/AVR8/Pipe_AVR8.o
 .debug_aranges
                0x00000348       0x30 obj_Minorca_lufa/protocol/lufa/LUFA-git/LUFA/Drivers/USB/Core/AVR8/USBController_AVR8.o
 .debug_aranges
                0x00000378       0x38 obj_Minorca_lufa/protocol/lufa/LUFA-git/LUFA/Drivers/USB/Core/AVR8/USBInterrupt_AVR8.o
 .debug_aranges
                0x000003b0       0x40 obj_Minorca_lufa/protocol/lufa/LUFA-git/LUFA/Drivers/USB/Core/ConfigDescriptors.o
 .debug_aranges
                0x000003f0       0x20 obj_Minorca_lufa/protocol/lufa/LUFA-git/LUFA/Drivers/USB/Core/DeviceStandardReq.o
 .debug_aranges
                0x00000410       0x20 obj_Minorca_lufa/protocol/lufa/LUFA-git/LUFA/Drivers/USB/Core/Events.o
 .debug_aranges
                0x00000430       0x18 obj_Minorca_lufa/protocol/lufa/LUFA-git/LUFA/Drivers/USB/Core/HostStandardReq.o
 .debug_aranges
                0x00000448       0x20 obj_Minorca_lufa/protocol/lufa/LUFA-git/LUFA/Drivers/USB/Core/USBTask.o
 .debug_aranges
                0x00000468       0x60 obj_Minorca_lufa/common/host.o
 .debug_aranges
                0x000004c8       0x40 obj_Minorca_lufa/common/keyboard.o
 .debug_aranges
                0x00000508       0x78 obj_Minorca_lufa/common/action.o
 .debug_aranges
                0x00000580       0x40 obj_Minorca_lufa/common/action_tapping.o
 .debug_aranges
                0x000005c0       0x20 obj_Minorca_lufa/common/action_macro.o
 .debug_aranges
                0x000005e0       0xa0 obj_Minorca_lufa/common/action_layer.o
 .debug_aranges
                0x00000680       0xb0 obj_Minorca_lufa/common/action_util.o
 .debug_aranges
                0x00000730       0x20 obj_Minorca_lufa/common/print.o
 .debug_aranges
                0x00000750       0x18 obj_Minorca_lufa/common/debug.o
 .debug_aranges
                0x00000768       0x60 obj_Minorca_lufa/common/util.o
 .debug_aranges
                0x000007c8       0x48 obj_Minorca_lufa/common/hook.o
 .debug_aranges
                0x00000810       0x50 obj_Minorca_lufa/common/avr/suspend.o
 .debug_aranges
                0x00000860       0x50 obj_Minorca_lufa/common/avr/timer.o
 .debug_aranges
                0x000008b0       0x28 obj_Minorca_lufa/common/avr/bootloader.o
 .debug_aranges
                0x000008d8       0x38 obj_Minorca_lufa/common/keymap.o
 .debug_aranges
                0x00000910       0x30 obj_Minorca_lufa/common/bootmagic.o
 .debug_aranges
                0x00000940       0x68 obj_Minorca_lufa/common/avr/eeconfig.o
 .debug_aranges
                0x000009a8       0x50 obj_Minorca_lufa/common/mousekey.o
 .debug_aranges
                0x000009f8       0x58 obj_Minorca_lufa/common/command.o
 .debug_aranges
                0x00000a50       0x20 /usr/local/CrossPack-AVR-20131216/lib/gcc/avr/4.8.1/avr5/libgcc.a(_udivmodqi4.o)
 .debug_aranges
                0x00000a70       0x20 /usr/local/CrossPack-AVR-20131216/lib/gcc/avr/4.8.1/avr5/libgcc.a(_divmodhi4.o)
 .debug_aranges
                0x00000a90       0x20 /usr/local/CrossPack-AVR-20131216/lib/gcc/avr/4.8.1/avr5/libgcc.a(_exit.o)
 .debug_aranges
                0x00000ab0       0x20 /usr/local/CrossPack-AVR-20131216/lib/gcc/avr/4.8.1/avr5/libgcc.a(_tablejump.o)
 .debug_aranges
                0x00000ad0       0x20 /usr/local/CrossPack-AVR-20131216/lib/gcc/avr/4.8.1/avr5/libgcc.a(_copy_data.o)
 .debug_aranges
                0x00000af0       0x20 /usr/local/CrossPack-AVR-20131216/lib/gcc/avr/4.8.1/avr5/libgcc.a(_clear_bss.o)
 .debug_aranges
                0x00000b10       0x20 /usr/local/CrossPack-AVR-20131216/lib/gcc/avr/4.8.1/avr5/libgcc.a(_udivmodhi4.o)

.debug_pubnames
 *(.debug_pubnames)

.debug_info     0x00000000    0x10c28
 *(.debug_info)
 .debug_info    0x00000000      0x812 obj_Minorca_lufa/keymap_minorca.o
 .debug_info    0x00000812      0x66a obj_Minorca_lufa/keymap_common.o
 .debug_info    0x00000e7c      0x55b obj_Minorca_lufa/matrix.o
 .debug_info    0x000013d7       0x91 obj_Minorca_lufa/led.o
 .debug_info    0x00001468     0x15ed obj_Minorca_lufa/protocol/lufa/lufa.o
 .debug_info    0x00002a55      0x818 obj_Minorca_lufa/protocol/lufa/descriptor.o
 .debug_info    0x0000326d      0x73e obj_Minorca_lufa/protocol/lufa/LUFA-git/LUFA/Drivers/USB/Class/Common/HIDParser.o
 .debug_info    0x000039ab       0xd2 obj_Minorca_lufa/protocol/lufa/LUFA-git/LUFA/Drivers/USB/Core/AVR8/Device_AVR8.o
 .debug_info    0x00003a7d     0x17b4 obj_Minorca_lufa/protocol/lufa/LUFA-git/LUFA/Drivers/USB/Core/AVR8/EndpointStream_AVR8.o
 .debug_info    0x00005231      0x614 obj_Minorca_lufa/protocol/lufa/LUFA-git/LUFA/Drivers/USB/Core/AVR8/Endpoint_AVR8.o
 .debug_info    0x00005845       0x56 obj_Minorca_lufa/protocol/lufa/LUFA-git/LUFA/Drivers/USB/Core/AVR8/Host_AVR8.o
 .debug_info    0x0000589b       0x56 obj_Minorca_lufa/protocol/lufa/LUFA-git/LUFA/Drivers/USB/Core/AVR8/PipeStream_AVR8.o
 .debug_info    0x000058f1       0x56 obj_Minorca_lufa/protocol/lufa/LUFA-git/LUFA/Drivers/USB/Core/AVR8/Pipe_AVR8.o
 .debug_info    0x00005947      0x4cb obj_Minorca_lufa/protocol/lufa/LUFA-git/LUFA/Drivers/USB/Core/AVR8/USBController_AVR8.o
 .debug_info    0x00005e12      0x7c4 obj_Minorca_lufa/protocol/lufa/LUFA-git/LUFA/Drivers/USB/Core/AVR8/USBInterrupt_AVR8.o
 .debug_info    0x000065d6      0x3cd obj_Minorca_lufa/protocol/lufa/LUFA-git/LUFA/Drivers/USB/Core/ConfigDescriptors.o
 .debug_info    0x000069a3      0xa57 obj_Minorca_lufa/protocol/lufa/LUFA-git/LUFA/Drivers/USB/Core/DeviceStandardReq.o
 .debug_info    0x000073fa       0x78 obj_Minorca_lufa/protocol/lufa/LUFA-git/LUFA/Drivers/USB/Core/Events.o
 .debug_info    0x00007472       0x56 obj_Minorca_lufa/protocol/lufa/LUFA-git/LUFA/Drivers/USB/Core/HostStandardReq.o
 .debug_info    0x000074c8      0x26b obj_Minorca_lufa/protocol/lufa/LUFA-git/LUFA/Drivers/USB/Core/USBTask.o
 .debug_info    0x00007733      0x546 obj_Minorca_lufa/common/host.o
 .debug_info    0x00007c79      0x483 obj_Minorca_lufa/common/keyboard.o
 .debug_info    0x000080fc     0x1609 obj_Minorca_lufa/common/action.o
 .debug_info    0x00009705      0xe2e obj_Minorca_lufa/common/action_tapping.o
 .debug_info    0x0000a533      0x88b obj_Minorca_lufa/common/action_macro.o
 .debug_info    0x0000adbe      0x7d3 obj_Minorca_lufa/common/action_layer.o
 .debug_info    0x0000b591      0x719 obj_Minorca_lufa/common/action_util.o
 .debug_info    0x0000bcaa       0xda obj_Minorca_lufa/common/print.o
 .debug_info    0x0000bd84       0xfc obj_Minorca_lufa/common/debug.o
 .debug_info    0x0000be80      0x29b obj_Minorca_lufa/common/util.o
 .debug_info    0x0000c11b      0x1ff obj_Minorca_lufa/common/hook.o
 .debug_info    0x0000c31a      0x275 obj_Minorca_lufa/common/avr/suspend.o
 .debug_info    0x0000c58f      0x204 obj_Minorca_lufa/common/avr/timer.o
 .debug_info    0x0000c793      0x18a obj_Minorca_lufa/common/avr/bootloader.o
 .debug_info    0x0000c91d      0xe44 obj_Minorca_lufa/common/keymap.o
 .debug_info    0x0000d761      0xf7b obj_Minorca_lufa/common/bootmagic.o
 .debug_info    0x0000e6dc      0x3cf obj_Minorca_lufa/common/avr/eeconfig.o
 .debug_info    0x0000eaab      0x7c6 obj_Minorca_lufa/common/mousekey.o
 .debug_info    0x0000f271     0x1485 obj_Minorca_lufa/common/command.o
 .debug_info    0x000106f6       0xbe /usr/local/CrossPack-AVR-20131216/lib/gcc/avr/4.8.1/avr5/libgcc.a(_udivmodqi4.o)
 .debug_info    0x000107b4       0xbe /usr/local/CrossPack-AVR-20131216/lib/gcc/avr/4.8.1/avr5/libgcc.a(_divmodhi4.o)
 .debug_info    0x00010872       0xbe /usr/local/CrossPack-AVR-20131216/lib/gcc/avr/4.8.1/avr5/libgcc.a(_exit.o)
 .debug_info    0x00010930       0xbe /usr/local/CrossPack-AVR-20131216/lib/gcc/avr/4.8.1/avr5/libgcc.a(_tablejump.o)
 .debug_info    0x000109ee       0xbe /usr/local/CrossPack-AVR-20131216/lib/gcc/avr/4.8.1/avr5/libgcc.a(_copy_data.o)
 .debug_info    0x00010aac       0xbe /usr/local/CrossPack-AVR-20131216/lib/gcc/avr/4.8.1/avr5/libgcc.a(_clear_bss.o)
 .debug_info    0x00010b6a       0xbe /usr/local/CrossPack-AVR-20131216/lib/gcc/avr/4.8.1/avr5/libgcc.a(_udivmodhi4.o)
 *(.gnu.linkonce.wi.*)

.debug_abbrev   0x00000000     0x405f
 *(.debug_abbrev)
 .debug_abbrev  0x00000000       0x9c obj_Minorca_lufa/keymap_minorca.o
 .debug_abbrev  0x0000009c      0x171 obj_Minorca_lufa/keymap_common.o
 .debug_abbrev  0x0000020d      0x2f9 obj_Minorca_lufa/matrix.o
 .debug_abbrev  0x00000506       0x60 obj_Minorca_lufa/led.o
 .debug_abbrev  0x00000566      0x4ba obj_Minorca_lufa/protocol/lufa/lufa.o
 .debug_abbrev  0x00000a20      0x177 obj_Minorca_lufa/protocol/lufa/descriptor.o
 .debug_abbrev  0x00000b97      0x21e obj_Minorca_lufa/protocol/lufa/LUFA-git/LUFA/Drivers/USB/Class/Common/HIDParser.o
 .debug_abbrev  0x00000db5       0x80 obj_Minorca_lufa/protocol/lufa/LUFA-git/LUFA/Drivers/USB/Core/AVR8/Device_AVR8.o
 .debug_abbrev  0x00000e35      0x213 obj_Minorca_lufa/protocol/lufa/LUFA-git/LUFA/Drivers/USB/Core/AVR8/EndpointStream_AVR8.o
 .debug_abbrev  0x00001048      0x222 obj_Minorca_lufa/protocol/lufa/LUFA-git/LUFA/Drivers/USB/Core/AVR8/Endpoint_AVR8.o
 .debug_abbrev  0x0000126a       0x26 obj_Minorca_lufa/protocol/lufa/LUFA-git/LUFA/Drivers/USB/Core/AVR8/Host_AVR8.o
 .debug_abbrev  0x00001290       0x26 obj_Minorca_lufa/protocol/lufa/LUFA-git/LUFA/Drivers/USB/Core/AVR8/PipeStream_AVR8.o
 .debug_abbrev  0x000012b6       0x26 obj_Minorca_lufa/protocol/lufa/LUFA-git/LUFA/Drivers/USB/Core/AVR8/Pipe_AVR8.o
 .debug_abbrev  0x000012dc      0x196 obj_Minorca_lufa/protocol/lufa/LUFA-git/LUFA/Drivers/USB/Core/AVR8/USBController_AVR8.o
 .debug_abbrev  0x00001472      0x234 obj_Minorca_lufa/protocol/lufa/LUFA-git/LUFA/Drivers/USB/Core/AVR8/USBInterrupt_AVR8.o
 .debug_abbrev  0x000016a6      0x183 obj_Minorca_lufa/protocol/lufa/LUFA-git/LUFA/Drivers/USB/Core/ConfigDescriptors.o
 .debug_abbrev  0x00001829      0x2d8 obj_Minorca_lufa/protocol/lufa/LUFA-git/LUFA/Drivers/USB/Core/DeviceStandardReq.o
 .debug_abbrev  0x00001b01       0x44 obj_Minorca_lufa/protocol/lufa/LUFA-git/LUFA/Drivers/USB/Core/Events.o
 .debug_abbrev  0x00001b45       0x26 obj_Minorca_lufa/protocol/lufa/LUFA-git/LUFA/Drivers/USB/Core/HostStandardReq.o
 .debug_abbrev  0x00001b6b      0x168 obj_Minorca_lufa/protocol/lufa/LUFA-git/LUFA/Drivers/USB/Core/USBTask.o
 .debug_abbrev  0x00001cd3      0x229 obj_Minorca_lufa/common/host.o
 .debug_abbrev  0x00001efc      0x233 obj_Minorca_lufa/common/keyboard.o
 .debug_abbrev  0x0000212f      0x2ce obj_Minorca_lufa/common/action.o
 .debug_abbrev  0x000023fd      0x2ef obj_Minorca_lufa/common/action_tapping.o
 .debug_abbrev  0x000026ec      0x1a5 obj_Minorca_lufa/common/action_macro.o
 .debug_abbrev  0x00002891      0x20b obj_Minorca_lufa/common/action_layer.o
 .debug_abbrev  0x00002a9c      0x31c obj_Minorca_lufa/common/action_util.o
 .debug_abbrev  0x00002db8       0x97 obj_Minorca_lufa/common/print.o
 .debug_abbrev  0x00002e4f       0x87 obj_Minorca_lufa/common/debug.o
 .debug_abbrev  0x00002ed6       0xcb obj_Minorca_lufa/common/util.o
 .debug_abbrev  0x00002fa1      0x100 obj_Minorca_lufa/common/hook.o
 .debug_abbrev  0x000030a1      0x1ab obj_Minorca_lufa/common/avr/suspend.o
 .debug_abbrev  0x0000324c      0x11e obj_Minorca_lufa/common/avr/timer.o
 .debug_abbrev  0x0000336a      0x115 obj_Minorca_lufa/common/avr/bootloader.o
 .debug_abbrev  0x0000347f      0x281 obj_Minorca_lufa/common/keymap.o
 .debug_abbrev  0x00003700      0x2aa obj_Minorca_lufa/common/bootmagic.o
 .debug_abbrev  0x000039aa       0xef obj_Minorca_lufa/common/avr/eeconfig.o
 .debug_abbrev  0x00003a99      0x204 obj_Minorca_lufa/common/mousekey.o
 .debug_abbrev  0x00003c9d      0x336 obj_Minorca_lufa/common/command.o
 .debug_abbrev  0x00003fd3       0x14 /usr/local/CrossPack-AVR-20131216/lib/gcc/avr/4.8.1/avr5/libgcc.a(_udivmodqi4.o)
 .debug_abbrev  0x00003fe7       0x14 /usr/local/CrossPack-AVR-20131216/lib/gcc/avr/4.8.1/avr5/libgcc.a(_divmodhi4.o)
 .debug_abbrev  0x00003ffb       0x14 /usr/local/CrossPack-AVR-20131216/lib/gcc/avr/4.8.1/avr5/libgcc.a(_exit.o)
 .debug_abbrev  0x0000400f       0x14 /usr/local/CrossPack-AVR-20131216/lib/gcc/avr/4.8.1/avr5/libgcc.a(_tablejump.o)
 .debug_abbrev  0x00004023       0x14 /usr/local/CrossPack-AVR-20131216/lib/gcc/avr/4.8.1/avr5/libgcc.a(_copy_data.o)
 .debug_abbrev  0x00004037       0x14 /usr/local/CrossPack-AVR-20131216/lib/gcc/avr/4.8.1/avr5/libgcc.a(_clear_bss.o)
 .debug_abbrev  0x0000404b       0x14 /usr/local/CrossPack-AVR-20131216/lib/gcc/avr/4.8.1/avr5/libgcc.a(_udivmodhi4.o)

.debug_line     0x00000000     0x5b67
 *(.debug_line)
 .debug_line    0x00000000       0xe5 obj_Minorca_lufa/keymap_minorca.o
 .debug_line    0x000000e5      0x127 obj_Minorca_lufa/keymap_common.o
 .debug_line    0x0000020c      0x24f obj_Minorca_lufa/matrix.o
 .debug_line    0x0000045b       0x70 obj_Minorca_lufa/led.o
 .debug_line    0x000004cb      0x7ed obj_Minorca_lufa/protocol/lufa/lufa.o
 .debug_line    0x00000cb8      0x206 obj_Minorca_lufa/protocol/lufa/descriptor.o
 .debug_line    0x00000ebe      0x25c obj_Minorca_lufa/protocol/lufa/LUFA-git/LUFA/Drivers/USB/Class/Common/HIDParser.o
 .debug_line    0x0000111a      0x141 obj_Minorca_lufa/protocol/lufa/LUFA-git/LUFA/Drivers/USB/Core/AVR8/Device_AVR8.o
 .debug_line    0x0000125b      0xc93 obj_Minorca_lufa/protocol/lufa/LUFA-git/LUFA/Drivers/USB/Core/AVR8/EndpointStream_AVR8.o
 .debug_line    0x00001eee      0x400 obj_Minorca_lufa/protocol/lufa/LUFA-git/LUFA/Drivers/USB/Core/AVR8/Endpoint_AVR8.o
 .debug_line    0x000022ee       0x1a obj_Minorca_lufa/protocol/lufa/LUFA-git/LUFA/Drivers/USB/Core/AVR8/Host_AVR8.o
 .debug_line    0x00002308       0x1a obj_Minorca_lufa/protocol/lufa/LUFA-git/LUFA/Drivers/USB/Core/AVR8/PipeStream_AVR8.o
 .debug_line    0x00002322       0x1a obj_Minorca_lufa/protocol/lufa/LUFA-git/LUFA/Drivers/USB/Core/AVR8/Pipe_AVR8.o
 .debug_line    0x0000233c      0x30b obj_Minorca_lufa/protocol/lufa/LUFA-git/LUFA/Drivers/USB/Core/AVR8/USBController_AVR8.o
 .debug_line    0x00002647      0x4e0 obj_Minorca_lufa/protocol/lufa/LUFA-git/LUFA/Drivers/USB/Core/AVR8/USBInterrupt_AVR8.o
 .debug_line    0x00002b27      0x198 obj_Minorca_lufa/protocol/lufa/LUFA-git/LUFA/Drivers/USB/Core/ConfigDescriptors.o
 .debug_line    0x00002cbf      0x39c obj_Minorca_lufa/protocol/lufa/LUFA-git/LUFA/Drivers/USB/Core/DeviceStandardReq.o
 .debug_line    0x0000305b       0x71 obj_Minorca_lufa/protocol/lufa/LUFA-git/LUFA/Drivers/USB/Core/Events.o
 .debug_line    0x000030cc       0x1a obj_Minorca_lufa/protocol/lufa/LUFA-git/LUFA/Drivers/USB/Core/HostStandardReq.o
 .debug_line    0x000030e6      0x1ac obj_Minorca_lufa/protocol/lufa/LUFA-git/LUFA/Drivers/USB/Core/USBTask.o
 .debug_line    0x00003292      0x1da obj_Minorca_lufa/common/host.o
 .debug_line    0x0000346c      0x1f5 obj_Minorca_lufa/common/keyboard.o
 .debug_line    0x00003661      0x497 obj_Minorca_lufa/common/action.o
 .debug_line    0x00003af8      0x27c obj_Minorca_lufa/common/action_tapping.o
 .debug_line    0x00003d74      0x198 obj_Minorca_lufa/common/action_macro.o
 .debug_line    0x00003f0c      0x1e0 obj_Minorca_lufa/common/action_layer.o
 .debug_line    0x000040ec      0x2b5 obj_Minorca_lufa/common/action_util.o
 .debug_line    0x000043a1       0xac obj_Minorca_lufa/common/print.o
 .debug_line    0x0000444d       0x80 obj_Minorca_lufa/common/debug.o
 .debug_line    0x000044cd      0x195 obj_Minorca_lufa/common/util.o
 .debug_line    0x00004662       0xdf obj_Minorca_lufa/common/hook.o
 .debug_line    0x00004741      0x1dc obj_Minorca_lufa/common/avr/suspend.o
 .debug_line    0x0000491d      0x124 obj_Minorca_lufa/common/avr/timer.o
 .debug_line    0x00004a41      0x19a obj_Minorca_lufa/common/avr/bootloader.o
 .debug_line    0x00004bdb      0x266 obj_Minorca_lufa/common/keymap.o
 .debug_line    0x00004e41      0x297 obj_Minorca_lufa/common/bootmagic.o
 .debug_line    0x000050d8      0x15d obj_Minorca_lufa/common/avr/eeconfig.o
 .debug_line    0x00005235      0x31f obj_Minorca_lufa/common/mousekey.o
 .debug_line    0x00005554      0x36b obj_Minorca_lufa/common/command.o
 .debug_line    0x000058bf       0x62 /usr/local/CrossPack-AVR-20131216/lib/gcc/avr/4.8.1/avr5/libgcc.a(_udivmodqi4.o)
 .debug_line    0x00005921       0x69 /usr/local/CrossPack-AVR-20131216/lib/gcc/avr/4.8.1/avr5/libgcc.a(_divmodhi4.o)
 .debug_line    0x0000598a       0x58 /usr/local/CrossPack-AVR-20131216/lib/gcc/avr/4.8.1/avr5/libgcc.a(_exit.o)
 .debug_line    0x000059e2       0x5c /usr/local/CrossPack-AVR-20131216/lib/gcc/avr/4.8.1/avr5/libgcc.a(_tablejump.o)
 .debug_line    0x00005a3e       0x61 /usr/local/CrossPack-AVR-20131216/lib/gcc/avr/4.8.1/avr5/libgcc.a(_copy_data.o)
 .debug_line    0x00005a9f       0x5e /usr/local/CrossPack-AVR-20131216/lib/gcc/avr/4.8.1/avr5/libgcc.a(_clear_bss.o)
 .debug_line    0x00005afd       0x6a /usr/local/CrossPack-AVR-20131216/lib/gcc/avr/4.8.1/avr5/libgcc.a(_udivmodhi4.o)

.debug_frame    0x00000000     0x1c3c
 *(.debug_frame)
 .debug_frame   0x00000000       0x34 obj_Minorca_lufa/keymap_common.o
 .debug_frame   0x00000034      0x15c obj_Minorca_lufa/matrix.o
 .debug_frame   0x00000190       0x24 obj_Minorca_lufa/led.o
 .debug_frame   0x000001b4      0x188 obj_Minorca_lufa/protocol/lufa/lufa.o
 .debug_frame   0x0000033c       0x24 obj_Minorca_lufa/protocol/lufa/descriptor.o
 .debug_frame   0x00000360      0x134 obj_Minorca_lufa/protocol/lufa/LUFA-git/LUFA/Drivers/USB/Class/Common/HIDParser.o
 .debug_frame   0x00000494       0x24 obj_Minorca_lufa/protocol/lufa/LUFA-git/LUFA/Drivers/USB/Core/AVR8/Device_AVR8.o
 .debug_frame   0x000004b8      0x414 obj_Minorca_lufa/protocol/lufa/LUFA-git/LUFA/Drivers/USB/Core/AVR8/EndpointStream_AVR8.o
 .debug_frame   0x000008cc       0x7c obj_Minorca_lufa/protocol/lufa/LUFA-git/LUFA/Drivers/USB/Core/AVR8/Endpoint_AVR8.o
 .debug_frame   0x00000948       0x5c obj_Minorca_lufa/protocol/lufa/LUFA-git/LUFA/Drivers/USB/Core/AVR8/USBController_AVR8.o
 .debug_frame   0x000009a4      0x104 obj_Minorca_lufa/protocol/lufa/LUFA-git/LUFA/Drivers/USB/Core/AVR8/USBInterrupt_AVR8.o
 .debug_frame   0x00000aa8      0x124 obj_Minorca_lufa/protocol/lufa/LUFA-git/LUFA/Drivers/USB/Core/ConfigDescriptors.o
 .debug_frame   0x00000bcc       0x3c obj_Minorca_lufa/protocol/lufa/LUFA-git/LUFA/Drivers/USB/Core/DeviceStandardReq.o
 .debug_frame   0x00000c08       0x24 obj_Minorca_lufa/protocol/lufa/LUFA-git/LUFA/Drivers/USB/Core/Events.o
 .debug_frame   0x00000c2c       0x2c obj_Minorca_lufa/protocol/lufa/LUFA-git/LUFA/Drivers/USB/Core/USBTask.o
 .debug_frame   0x00000c58       0xd4 obj_Minorca_lufa/common/host.o
 .debug_frame   0x00000d2c       0xc4 obj_Minorca_lufa/common/keyboard.o
 .debug_frame   0x00000df0      0x150 obj_Minorca_lufa/common/action.o
 .debug_frame   0x00000f40       0xd0 obj_Minorca_lufa/common/action_tapping.o
 .debug_frame   0x00001010       0x50 obj_Minorca_lufa/common/action_macro.o
 .debug_frame   0x00001060      0x19c obj_Minorca_lufa/common/action_layer.o
 .debug_frame   0x000011fc      0x170 obj_Minorca_lufa/common/action_util.o
 .debug_frame   0x0000136c       0x24 obj_Minorca_lufa/common/print.o
 .debug_frame   0x00001390      0x110 obj_Minorca_lufa/common/util.o
 .debug_frame   0x000014a0       0x88 obj_Minorca_lufa/common/hook.o
 .debug_frame   0x00001528       0xb0 obj_Minorca_lufa/common/avr/suspend.o
 .debug_frame   0x000015d8       0xf0 obj_Minorca_lufa/common/avr/timer.o
 .debug_frame   0x000016c8       0x34 obj_Minorca_lufa/common/avr/bootloader.o