Archive member included because of file (symbol)

/usr/local/CrossPack-AVR-20131216/lib/gcc/avr/4.8.1/../../../../avr/lib/avr5/libm.a(fixsfsi.o)
                              obj_Minorca_lufa/common/mousekey.o (__fixsfsi)
/usr/local/CrossPack-AVR-20131216/lib/gcc/avr/4.8.1/../../../../avr/lib/avr5/libm.a(fixunssfsi.o)
                              /usr/local/CrossPack-AVR-20131216/lib/gcc/avr/4.8.1/../../../../avr/lib/avr5/libm.a(fixsfsi.o) (__fixunssfsi)
/usr/local/CrossPack-AVR-20131216/lib/gcc/avr/4.8.1/../../../../avr/lib/avr5/libm.a(floatsisf.o)
                              obj_Minorca_lufa/common/mousekey.o (__floatsisf)
/usr/local/CrossPack-AVR-20131216/lib/gcc/avr/4.8.1/../../../../avr/lib/avr5/libm.a(fp_split3.o)
                              /usr/local/CrossPack-AVR-20131216/lib/gcc/avr/4.8.1/../../../../avr/lib/avr5/libm.a(fixunssfsi.o) (__fp_splitA)
/usr/local/CrossPack-AVR-20131216/lib/gcc/avr/4.8.1/../../../../avr/lib/avr5/libm.a(fp_zero.o)
                              /usr/local/CrossPack-AVR-20131216/lib/gcc/avr/4.8.1/../../../../avr/lib/avr5/libm.a(fixunssfsi.o) (__fp_zero)
/usr/local/CrossPack-AVR-20131216/lib/gcc/avr/4.8.1/../../../../avr/lib/avr5/libm.a(mulsf3.o)
                              obj_Minorca_lufa/common/mousekey.o (__mulsf3)
/usr/local/CrossPack-AVR-20131216/lib/gcc/avr/4.8.1/../../../../avr/lib/avr5/libm.a(mulsf3x.o)
                              /usr/local/CrossPack-AVR-20131216/lib/gcc/avr/4.8.1/../../../../avr/lib/avr5/libm.a(mulsf3.o) (__mulsf3x)
/usr/local/CrossPack-AVR-20131216/lib/gcc/avr/4.8.1/../../../../avr/lib/avr5/libm.a(fp_inf.o)
                              /usr/local/CrossPack-AVR-20131216/lib/gcc/avr/4.8.1/../../../../avr/lib/avr5/libm.a(mulsf3x.o) (__fp_inf)
/usr/local/CrossPack-AVR-20131216/lib/gcc/avr/4.8.1/../../../../avr/lib/avr5/libm.a(fp_nan.o)
                              /usr/local/CrossPack-AVR-20131216/lib/gcc/avr/4.8.1/../../../../avr/lib/avr5/libm.a(mulsf3x.o) (__fp_nan)
/usr/local/CrossPack-AVR-20131216/lib/gcc/avr/4.8.1/../../../../avr/lib/avr5/libm.a(fp_pscA.o)
                              /usr/local/CrossPack-AVR-20131216/lib/gcc/avr/4.8.1/../../../../avr/lib/avr5/libm.a(mulsf3x.o) (__fp_pscA)
/usr/local/CrossPack-AVR-20131216/lib/gcc/avr/4.8.1/../../../../avr/lib/avr5/libm.a(fp_pscB.o)
                              /usr/local/CrossPack-AVR-20131216/lib/gcc/avr/4.8.1/../../../../avr/lib/avr5/libm.a(mulsf3x.o) (__fp_pscB)
/usr/local/CrossPack-AVR-20131216/lib/gcc/avr/4.8.1/../../../../avr/lib/avr5/libm.a(fp_round.o)
                              /usr/local/CrossPack-AVR-20131216/lib/gcc/avr/4.8.1/../../../../avr/lib/avr5/libm.a(mulsf3.o) (__fp_round)
/usr/local/CrossPack-AVR-20131216/lib/gcc/avr/4.8.1/avr5/libgcc.a(_udivmodqi4.o)
                              obj_Minorca_lufa/protocol/lufa/lufa.o (__udivmodqi4)
/usr/local/CrossPack-AVR-20131216/lib/gcc/avr/4.8.1/avr5/libgcc.a(_divmodhi4.o)
                              obj_Minorca_lufa/common/mousekey.o (__divmodhi4)
/usr/local/CrossPack-AVR-20131216/lib/gcc/avr/4.8.1/avr5/libgcc.a(_exit.o)
                              /usr/local/CrossPack-AVR-20131216/lib/gcc/avr/4.8.1/../../../../avr/lib/avr5/crtm32u4.o (exit)
/usr/local/CrossPack-AVR-20131216/lib/gcc/avr/4.8.1/avr5/libgcc.a(_tablejump.o)
                              obj_Minorca_lufa/protocol/lufa/LUFA-git/LUFA/Drivers/USB/Core/DeviceStandardReq.o (__tablejump2__)
/usr/local/CrossPack-AVR-20131216/lib/gcc/avr/4.8.1/avr5/libgcc.a(_copy_data.o)
                              obj_Minorca_lufa/matrix.o (__do_copy_data)
/usr/local/CrossPack-AVR-20131216/lib/gcc/avr/4.8.1/avr5/libgcc.a(_clear_bss.o)
                              obj_Minorca_lufa/matrix.o (__do_clear_bss)
/usr/local/CrossPack-AVR-20131216/lib/gcc/avr/4.8.1/avr5/libgcc.a(_udivmodhi4.o)
                              /usr/local/CrossPack-AVR-20131216/lib/gcc/avr/4.8.1/avr5/libgcc.a(_divmodhi4.o) (__udivmodhi4)
/usr/local/CrossPack-AVR-20131216/lib/gcc/avr/4.8.1/../../../../avr/lib/avr5/libc.a(eerd_byte_atmega32u4.o)
                              obj_Minorca_lufa/protocol/lufa/LUFA-git/LUFA/Drivers/USB/Core/AVR8/EndpointStream_AVR8.o (__eerd_byte_m32u4)
/usr/local/CrossPack-AVR-20131216/lib/gcc/avr/4.8.1/../../../../avr/lib/avr5/libc.a(eerd_word_atmega32u4.o)
                              obj_Minorca_lufa/common/avr/eeconfig.o (__eerd_word_m32u4)
/usr/local/CrossPack-AVR-20131216/lib/gcc/avr/4.8.1/../../../../avr/lib/avr5/libc.a(eeupd_byte_atmega32u4.o)
                              obj_Minorca_lufa/protocol/lufa/LUFA-git/LUFA/Drivers/USB/Core/AVR8/EndpointStream_AVR8.o (__eeupd_byte_m32u4)
/usr/local/CrossPack-AVR-20131216/lib/gcc/avr/4.8.1/../../../../avr/lib/avr5/libc.a(eewr_byte_atmega32u4.o)
                              obj_Minorca_lufa/common/avr/eeconfig.o (__eewr_byte_m32u4)
/usr/local/CrossPack-AVR-20131216/lib/gcc/avr/4.8.1/../../../../avr/lib/avr5/libc.a(eewr_word_atmega32u4.o)
                              obj_Minorca_lufa/common/avr/eeconfig.o (__eewr_word_m32u4)
[...]
Memory Configuration

Name             Origin             Length             Attributes
text             0x00000000         0x00020000         xr
data             0x00800060         0x0000ffa0         rw !x
eeprom           0x00810000         0x00010000         rw !x
fuse             0x00820000         0x00000400         rw !x
lock             0x00830000         0x00000400         rw !x
signature        0x00840000         0x00000400         rw !x
user_signatures  0x00850000         0x00000400         rw !x
*default*        0x00000000         0xffffffff

Linker script and memory map

Address of section .data set to 0x800100
LOAD /usr/local/CrossPack-AVR-20131216/lib/gcc/avr/4.8.1/../../../../avr/lib/avr5/crtm32u4.o
LOAD obj_Minorca_lufa/keymap_minorca.o
LOAD obj_Minorca_lufa/keymap_common.o
LOAD obj_Minorca_lufa/matrix.o
LOAD obj_Minorca_lufa/led.o
LOAD obj_Minorca_lufa/protocol/lufa/lufa.o
LOAD obj_Minorca_lufa/protocol/lufa/descriptor.o
LOAD obj_Minorca_lufa/protocol/lufa/LUFA-git/LUFA/Drivers/USB/Class/Common/HIDParser.o
LOAD obj_Minorca_lufa/protocol/lufa/LUFA-git/LUFA/Drivers/USB/Core/AVR8/Device_AVR8.o
LOAD obj_Minorca_lufa/protocol/lufa/LUFA-git/LUFA/Drivers/USB/Core/AVR8/EndpointStream_AVR8.o
LOAD obj_Minorca_lufa/protocol/lufa/LUFA-git/LUFA/Drivers/USB/Core/AVR8/Endpoint_AVR8.o
LOAD obj_Minorca_lufa/protocol/lufa/LUFA-git/LUFA/Drivers/USB/Core/AVR8/Host_AVR8.o
LOAD obj_Minorca_lufa/protocol/lufa/LUFA-git/LUFA/Drivers/USB/Core/AVR8/PipeStream_AVR8.o
LOAD obj_Minorca_lufa/protocol/lufa/LUFA-git/LUFA/Drivers/USB/Core/AVR8/Pipe_AVR8.o
LOAD obj_Minorca_lufa/protocol/lufa/LUFA-git/LUFA/Drivers/USB/Core/AVR8/USBController_AVR8.o
LOAD obj_Minorca_lufa/protocol/lufa/LUFA-git/LUFA/Drivers/USB/Core/AVR8/USBInterrupt_AVR8.o
LOAD obj_Minorca_lufa/protocol/lufa/LUFA-git/LUFA/Drivers/USB/Core/ConfigDescriptors.o
LOAD obj_Minorca_lufa/protocol/lufa/LUFA-git/LUFA/Drivers/USB/Core/DeviceStandardReq.o
LOAD obj_Minorca_lufa/protocol/lufa/LUFA-git/LUFA/Drivers/USB/Core/Events.o
LOAD obj_Minorca_lufa/protocol/lufa/LUFA-git/LUFA/Drivers/USB/Core/HostStandardReq.o
LOAD obj_Minorca_lufa/protocol/lufa/LUFA-git/LUFA/Drivers/USB/Core/USBTask.o
LOAD obj_Minorca_lufa/common/host.o
LOAD obj_Minorca_lufa/common/keyboard.o
LOAD obj_Minorca_lufa/common/action.o
LOAD obj_Minorca_lufa/common/action_tapping.o
LOAD obj_Minorca_lufa/common/action_macro.o
LOAD obj_Minorca_lufa/common/action_layer.o
LOAD obj_Minorca_lufa/common/action_util.o
LOAD obj_Minorca_lufa/common/print.o
LOAD obj_Minorca_lufa/common/debug.o
LOAD obj_Minorca_lufa/common/util.o
LOAD obj_Minorca_lufa/common/hook.o
LOAD obj_Minorca_lufa/common/avr/suspend.o
LOAD obj_Minorca_lufa/common/avr/xprintf.o
LOAD obj_Minorca_lufa/common/avr/timer.o
LOAD obj_Minorca_lufa/common/avr/bootloader.o
LOAD obj_Minorca_lufa/common/keymap.o
LOAD obj_Minorca_lufa/common/bootmagic.o
LOAD obj_Minorca_lufa/common/avr/eeconfig.o
LOAD obj_Minorca_lufa/common/mousekey.o
LOAD obj_Minorca_lufa/common/command.o
LOAD /usr/local/CrossPack-AVR-20131216/lib/gcc/avr/4.8.1/../../../../avr/lib/avr5/libm.a
START GROUP
LOAD /usr/local/CrossPack-AVR-20131216/lib/gcc/avr/4.8.1/avr5/libgcc.a
LOAD /usr/local/CrossPack-AVR-20131216/lib/gcc/avr/4.8.1/../../../../avr/lib/avr5/libm.a
LOAD /usr/local/CrossPack-AVR-20131216/lib/gcc/avr/4.8.1/../../../../avr/lib/avr5/libc.a
END GROUP

.hash
 *(.hash)

.dynsym
 *(.dynsym)

.dynstr
 *(.dynstr)

.gnu.version
 *(.gnu.version)

.gnu.version_d
 *(.gnu.version_d)

.gnu.version_r
 *(.gnu.version_r)

.rel.init
 *(.rel.init)

.rela.init
 *(.rela.init)

.rel.text
 *(.rel.text)
 *(.rel.text.*)
 *(.rel.gnu.linkonce.t*)

.rela.text
 *(.rela.text)
 *(.rela.text.*)
 *(.rela.gnu.linkonce.t*)

.rel.fini
 *(.rel.fini)

.rela.fini
 *(.rela.fini)

.rel.rodata
 *(.rel.rodata)
 *(.rel.rodata.*)
 *(.rel.gnu.linkonce.r*)

.rela.rodata
 *(.rela.rodata)
 *(.rela.rodata.*)
 *(.rela.gnu.linkonce.r*)

.rel.data
 *(.rel.data)
 *(.rel.data.*)
 *(.rel.gnu.linkonce.d*)

.rela.data
 *(.rela.data)
 *(.rela.data.*)
 *(.rela.gnu.linkonce.d*)

.rel.ctors
 *(.rel.ctors)

.rela.ctors
 *(.rela.ctors)

.rel.dtors
 *(.rel.dtors)

.rela.dtors
 *(.rela.dtors)

.rel.got
 *(.rel.got)

.rela.got
 *(.rela.got)

.rel.bss
 *(.rel.bss)

.rela.bss
 *(.rela.bss)

.rel.plt
 *(.rel.plt)

.rela.plt
 *(.rela.plt)

.text           0x00000000     0x54ea
 *(.vectors)
 .vectors       0x00000000       0xac /usr/local/CrossPack-AVR-20131216/lib/gcc/avr/4.8.1/../../../../avr/lib/avr5/crtm32u4.o
                0x00000000                __vectors
                0x00000000                __vector_default
 *(.vectors)
 *(.progmem.gcc*)
 .progmem.gcc_sw_table.USB_Device_ProcessControlRequest
                0x000000ac       0x14 obj_Minorca_lufa/protocol/lufa/LUFA-git/LUFA/Drivers/USB/Core/DeviceStandardReq.o
 .progmem.gcc_sw_table.process_action
                0x000000c0       0x20 obj_Minorca_lufa/common/action.o
                0x000000e0                . = ALIGN (0x2)
                0x000000e0                __trampolines_start = .
 *(.trampolines)
 .trampolines   0x000000e0        0x0 linker stubs
 *(.trampolines*)
                0x000000e0                __trampolines_end = .
 *(.progmem*)
 .progmem.data.fn_actions
                0x000000e0        0x8 obj_Minorca_lufa/keymap_minorca.o
                0x000000e0                fn_actions
 .progmem.data.keymaps
                0x000000e8       0xc0 obj_Minorca_lufa/keymap_minorca.o
                0x000000e8                keymaps
 .progmem.data.__c.1891
                0x000001a8        0x2 obj_Minorca_lufa/matrix.o
 .progmem.data.__c.1889
                0x000001aa        0x6 obj_Minorca_lufa/matrix.o
 .progmem.data.__c.1887
                0x000001b0        0x3 obj_Minorca_lufa/matrix.o
 .progmem.data.__c.1885
                0x000001b3        0x5 obj_Minorca_lufa/matrix.o
 .progmem.data.__c.1882
                0x000001b8       0x17 obj_Minorca_lufa/matrix.o
 .progmem.data.__c.1860
                0x000001cf        0x2 obj_Minorca_lufa/matrix.o
 .progmem.data.__c.1858
                0x000001d1        0x5 obj_Minorca_lufa/matrix.o
 .progmem.data.__c.1856
                0x000001d6        0xa obj_Minorca_lufa/matrix.o
 .progmem.data.__c.4770
                0x000001e0        0x4 obj_Minorca_lufa/protocol/lufa/lufa.o
 .progmem.data.__c.4768
                0x000001e4       0x11 obj_Minorca_lufa/protocol/lufa/lufa.o
 .progmem.data.__c.4766
                0x000001f5       0x11 obj_Minorca_lufa/protocol/lufa/lufa.o
 .progmem.data.__c.4664
                0x00000206        0x4 obj_Minorca_lufa/protocol/lufa/lufa.o
 .progmem.data.__c.4660
                0x0000020a        0x4 obj_Minorca_lufa/protocol/lufa/lufa.o
 .progmem.data.__c.4656
                0x0000020e        0x4 obj_Minorca_lufa/protocol/lufa/lufa.o
 .progmem.data.__c.4651
                0x00000212        0x4 obj_Minorca_lufa/protocol/lufa/lufa.o
 .progmem.data.__c.4646
                0x00000216        0x4 obj_Minorca_lufa/protocol/lufa/lufa.o
 .progmem.data.ProductString
                0x0000021a       0x12 obj_Minorca_lufa/protocol/lufa/descriptor.o
                0x0000021a                ProductString
 .progmem.data.ManufacturerString
                0x0000022c       0x24 obj_Minorca_lufa/protocol/lufa/descriptor.o
                0x0000022c                ManufacturerString
 .progmem.data.LanguageString
                0x00000250        0x4 obj_Minorca_lufa/protocol/lufa/descriptor.o
                0x00000250                LanguageString
 .progmem.data.ConfigurationDescriptor
                0x00000254       0x8d obj_Minorca_lufa/protocol/lufa/descriptor.o
                0x00000254                ConfigurationDescriptor
 .progmem.data.DeviceDescriptor
                0x000002e1       0x12 obj_Minorca_lufa/protocol/lufa/descriptor.o
                0x000002e1                DeviceDescriptor
 .progmem.data.NKROReport
                0x000002f3       0x39 obj_Minorca_lufa/protocol/lufa/descriptor.o
                0x000002f3                NKROReport
 .progmem.data.ConsoleReport
                0x0000032c       0x20 obj_Minorca_lufa/protocol/lufa/descriptor.o
                0x0000032c                ConsoleReport
 .progmem.data.ExtrakeyReport
                0x0000034c       0x36 obj_Minorca_lufa/protocol/lufa/descriptor.o
                0x0000034c                ExtrakeyReport
 .progmem.data.MouseReport
                0x00000382       0x4d obj_Minorca_lufa/protocol/lufa/descriptor.o
                0x00000382                MouseReport
 .progmem.data.KeyboardReport
                0x000003cf       0x3f obj_Minorca_lufa/protocol/lufa/descriptor.o
                0x000003cf                KeyboardReport
 .progmem.data.__c.4396
                0x0000040e        0x2 obj_Minorca_lufa/common/host.o
 .progmem.data.__c.4391
                0x00000410        0x6 obj_Minorca_lufa/common/host.o
 .progmem.data.__c.4388
                0x00000416       0x12 obj_Minorca_lufa/common/host.o
 .progmem.data.__c.4751
                0x00000428        0xb obj_Minorca_lufa/common/keyboard.o
 .progmem.data.__c.4536
                0x00000433       0x1e obj_Minorca_lufa/common/action_util.o
 .progmem.data.__c.4531
                0x00000451       0x1e obj_Minorca_lufa/common/action_util.o
 .progmem.data.__c.4701
                0x0000046f        0x7 obj_Minorca_lufa/common/bootmagic.o
 .progmem.data.__c.4695
                0x00000476       0x15 obj_Minorca_lufa/common/bootmagic.o
 .progmem.data.__c.4468
                0x0000048b        0x3 obj_Minorca_lufa/common/mousekey.o
 .progmem.data.__c.4466
                0x0000048e        0x3 obj_Minorca_lufa/common/mousekey.o
 .progmem.data.__c.4464
                0x00000491        0x2 obj_Minorca_lufa/common/mousekey.o
 .progmem.data.__c.4462
                0x00000493        0x3 obj_Minorca_lufa/common/mousekey.o
 .progmem.data.__c.4460
                0x00000496        0x3 obj_Minorca_lufa/common/mousekey.o
 .progmem.data.__c.4458
                0x00000499        0x3 obj_Minorca_lufa/common/mousekey.o
 .progmem.data.__c.4456
                0x0000049c        0x2 obj_Minorca_lufa/common/mousekey.o
 .progmem.data.__c.4454
                0x0000049e        0x3 obj_Minorca_lufa/common/mousekey.o
 .progmem.data.__c.4452
                0x000004a1        0x2 obj_Minorca_lufa/common/mousekey.o
 .progmem.data.__c.4450
                0x000004a3        0x3 obj_Minorca_lufa/common/mousekey.o
 .progmem.data.__c.4448
                0x000004a6        0x2 obj_Minorca_lufa/common/mousekey.o
 .progmem.data.__c.4446
                0x000004a8        0x3 obj_Minorca_lufa/common/mousekey.o
 .progmem.data.__c.4444
                0x000004ab        0x2 obj_Minorca_lufa/common/mousekey.o
 .progmem.data.__c.4442
                0x000004ad        0x5 obj_Minorca_lufa/common/mousekey.o
 .progmem.data.__c.4440
                0x000004b2       0x23 obj_Minorca_lufa/common/mousekey.o
 .progmem.data.__c.5065
                0x000004d5       0x1b obj_Minorca_lufa/common/command.o
 .progmem.data.__c.5062
                0x000004f0       0x19 obj_Minorca_lufa/common/command.o
 .progmem.data.__c.5059
                0x00000509       0x15 obj_Minorca_lufa/common/command.o
 .progmem.data.__c.5056
                0x0000051e       0x13 obj_Minorca_lufa/common/command.o
 .progmem.data.__c.5053
                0x00000531       0x12 obj_Minorca_lufa/common/command.o
 .progmem.data.__c.5049
                0x00000543        0xf obj_Minorca_lufa/common/command.o
 .progmem.data.__c.5042
                0x00000552       0x1b obj_Minorca_lufa/common/command.o
 .progmem.data.__c.5039
                0x0000056d       0x19 obj_Minorca_lufa/common/command.o
 .progmem.data.__c.5036
                0x00000586       0x15 obj_Minorca_lufa/common/command.o
 .progmem.data.__c.5033
                0x0000059b       0x13 obj_Minorca_lufa/common/command.o
 .progmem.data.__c.5030
                0x000005ae       0x12 obj_Minorca_lufa/common/command.o
 .progmem.data.__c.5026
                0x000005c0        0xf obj_Minorca_lufa/common/command.o
 .progmem.data.__c.5019
                0x000005cf        0x2 obj_Minorca_lufa/common/command.o
 .progmem.data.__c.5017
                0x000005d1        0x3 obj_Minorca_lufa/common/command.o
 .progmem.data.__c.5015
                0x000005d4       0x17 obj_Minorca_lufa/common/command.o
 .progmem.data.__c.5013
                0x000005eb        0x2 obj_Minorca_lufa/common/command.o
 .progmem.data.__c.5011
                0x000005ed        0x3 obj_Minorca_lufa/common/command.o
 .progmem.data.__c.5009
                0x000005f0       0x15 obj_Minorca_lufa/common/command.o
 .progmem.data.__c.5007
                0x00000605        0x2 obj_Minorca_lufa/common/command.o
 .progmem.data.__c.5005
                0x00000607        0x3 obj_Minorca_lufa/common/command.o
 .progmem.data.__c.5003
                0x0000060a       0x11 obj_Minorca_lufa/common/command.o
 .progmem.data.__c.5001
                0x0000061b        0x2 obj_Minorca_lufa/common/command.o
 .progmem.data.__c.4999
                0x0000061d        0x3 obj_Minorca_lufa/common/command.o
 .progmem.data.__c.4997
                0x00000620        0xf obj_Minorca_lufa/common/command.o
 .progmem.data.__c.4995
                0x0000062f        0x2 obj_Minorca_lufa/common/command.o
 .progmem.data.__c.4993
                0x00000631        0x3 obj_Minorca_lufa/common/command.o
 .progmem.data.__c.4991
                0x00000634       0x12 obj_Minorca_lufa/common/command.o
 .progmem.data.__c.4989
                0x00000646        0x2 obj_Minorca_lufa/common/command.o
 .progmem.data.__c.4987
                0x00000648        0x3 obj_Minorca_lufa/common/command.o
 .progmem.data.__c.4985
                0x0000064b       0x12 obj_Minorca_lufa/common/command.o
 .progmem.data.__c.4983
                0x0000065d        0xe obj_Minorca_lufa/common/command.o
 .progmem.data.__c.5103
                0x0000066b        0x3 obj_Minorca_lufa/common/command.o
 .progmem.data.__c.5101
                0x0000066e        0x6 obj_Minorca_lufa/common/command.o
 .progmem.data.__c.5099
                0x00000674        0x2 obj_Minorca_lufa/common/command.o
 .progmem.data.__c.5096
                0x00000676        0xd obj_Minorca_lufa/common/command.o
 .progmem.data.__c.5082
                0x00000683        0x4 obj_Minorca_lufa/common/command.o
 .progmem.data.__c.5072
                0x00000687       0x4e obj_Minorca_lufa/common/command.o
 .progmem.data.__c.5070
                0x000006d5       0xfb obj_Minorca_lufa/common/command.o
 .progmem.data.__c.4975
                0x000007d0        0x2 obj_Minorca_lufa/common/command.o
 .progmem.data.__c.4972
                0x000007d2        0x4 obj_Minorca_lufa/common/command.o
 .progmem.data.__c.4977
                0x000007d6        0x4 obj_Minorca_lufa/common/command.o
 .progmem.data.__c.5121
                0x000007da        0x5 obj_Minorca_lufa/common/command.o
 .progmem.data.__c.4961
                0x000007df       0x27 obj_Minorca_lufa/common/command.o
 .progmem.data.__c.4786
                0x00000806       0xa5 obj_Minorca_lufa/common/command.o
 .progmem.data.__c.4881
                0x000008ab        0x2 obj_Minorca_lufa/common/command.o
 .progmem.data.__c.4879
                0x000008ad        0x3 obj_Minorca_lufa/common/command.o
 .progmem.data.__c.4877
                0x000008b0        0x8 obj_Minorca_lufa/common/command.o
 .progmem.data.__c.4875
                0x000008b8        0x2 obj_Minorca_lufa/common/command.o
 .progmem.data.__c.4873
                0x000008ba        0x3 obj_Minorca_lufa/common/command.o
 .progmem.data.__c.4871
                0x000008bd       0x1c obj_Minorca_lufa/common/command.o
 .progmem.data.__c.4869
                0x000008d9        0x2 obj_Minorca_lufa/common/command.o
 .progmem.data.__c.4867
                0x000008db        0x3 obj_Minorca_lufa/common/command.o
 .progmem.data.__c.4865
                0x000008de       0x12 obj_Minorca_lufa/common/command.o
 .progmem.data.__c.4863
                0x000008f0        0x2 obj_Minorca_lufa/common/command.o
 .progmem.data.__c.4861
                0x000008f2        0x3 obj_Minorca_lufa/common/command.o
 .progmem.data.__c.4859
                0x000008f5        0xa obj_Minorca_lufa/common/command.o
 .progmem.data.__c.4857
                0x000008ff        0x2 obj_Minorca_lufa/common/command.o
 .progmem.data.__c.4855
                0x00000901        0x3 obj_Minorca_lufa/common/command.o
 .progmem.data.__c.4853
                0x00000904       0x12 obj_Minorca_lufa/common/command.o
 .progmem.data.__c.4851
                0x00000916        0x2 obj_Minorca_lufa/common/command.o
 .progmem.data.__c.4849
                0x00000918        0x3 obj_Minorca_lufa/common/command.o
 .progmem.data.__c.4847
                0x0000091b       0x12 obj_Minorca_lufa/common/command.o
 .progmem.data.__c.4845
                0x0000092d        0x2 obj_Minorca_lufa/common/command.o
 .progmem.data.__c.4843
                0x0000092f        0x3 obj_Minorca_lufa/common/command.o
 .progmem.data.__c.4841
                0x00000932       0x17 obj_Minorca_lufa/common/command.o
 .progmem.data.__c.4839
                0x00000949        0x2 obj_Minorca_lufa/common/command.o
 .progmem.data.__c.4837
                0x0000094b        0x3 obj_Minorca_lufa/common/command.o
 .progmem.data.__c.4835
                0x0000094e       0x19 obj_Minorca_lufa/common/command.o
 .progmem.data.__c.4833
                0x00000967        0x2 obj_Minorca_lufa/common/command.o
 .progmem.data.__c.4831
                0x00000969        0x5 obj_Minorca_lufa/common/command.o
 .progmem.data.__c.4829
                0x0000096e       0x14 obj_Minorca_lufa/common/command.o
 .progmem.data.__c.4826
                0x00000982        0x2 obj_Minorca_lufa/common/command.o
 .progmem.data.__c.4824
                0x00000984        0x3 obj_Minorca_lufa/common/command.o
 .progmem.data.__c.4822
                0x00000987        0x9 obj_Minorca_lufa/common/command.o
 .progmem.data.__c.4820
                0x00000990        0x2 obj_Minorca_lufa/common/command.o
 .progmem.data.__c.4818
                0x00000992        0x3 obj_Minorca_lufa/common/command.o
 .progmem.data.__c.4816
                0x00000995        0xc obj_Minorca_lufa/common/command.o
 .progmem.data.__c.4814
                0x000009a1        0x2 obj_Minorca_lufa/common/command.o
 .progmem.data.__c.4812
                0x000009a3        0x3 obj_Minorca_lufa/common/command.o
 .progmem.data.__c.4810
                0x000009a6        0xa obj_Minorca_lufa/common/command.o
 .progmem.data.__c.4808
                0x000009b0        0x2 obj_Minorca_lufa/common/command.o
 .progmem.data.__c.4806
                0x000009b2        0x3 obj_Minorca_lufa/common/command.o
 .progmem.data.__c.4804
                0x000009b5        0xa obj_Minorca_lufa/common/command.o
 .progmem.data.__c.4802
                0x000009bf        0x2 obj_Minorca_lufa/common/command.o
 .progmem.data.__c.4800
                0x000009c1        0x5 obj_Minorca_lufa/common/command.o
 .progmem.data.__c.4798
                0x000009c6       0x13 obj_Minorca_lufa/common/command.o
 .progmem.data.__c.4795
                0x000009d9        0x2 obj_Minorca_lufa/common/command.o
 .progmem.data.__c.4793
                0x000009db        0x3 obj_Minorca_lufa/common/command.o
 .progmem.data.__c.4791
                0x000009de       0x10 obj_Minorca_lufa/common/command.o
 .progmem.data.__c.4956
                0x000009ee        0x2 obj_Minorca_lufa/common/command.o
 .progmem.data.__c.4947
                0x000009f0        0xb obj_Minorca_lufa/common/command.o
 .progmem.data.__c.4945
                0x000009fb        0xa obj_Minorca_lufa/common/command.o
 .progmem.data.__c.4942
                0x00000a05       0x17 obj_Minorca_lufa/common/command.o
 .progmem.data.__c.4940
                0x00000a1c       0x13 obj_Minorca_lufa/common/command.o
 .progmem.data.__c.4938
                0x00000a2f       0x13 obj_Minorca_lufa/common/command.o
 .progmem.data.__c.4936
                0x00000a42       0x17 obj_Minorca_lufa/common/command.o
 .progmem.data.__c.4934
                0x00000a59       0x1a obj_Minorca_lufa/common/command.o
 .progmem.data.__c.4932
                0x00000a73        0xe obj_Minorca_lufa/common/command.o
 .progmem.data.__c.4929
                0x00000a81       0x2e obj_Minorca_lufa/common/command.o
 .progmem.data.__c.4927
                0x00000aaf       0x45 obj_Minorca_lufa/common/command.o
 .progmem.data.__c.4925
                0x00000af4       0x2d obj_Minorca_lufa/common/command.o
 .progmem.data.__c.4923
                0x00000b21       0x40 obj_Minorca_lufa/common/command.o
 .progmem.data.__c.4921
                0x00000b61       0x2c obj_Minorca_lufa/common/command.o
 .progmem.data.__c.4919
                0x00000b8d        0xf obj_Minorca_lufa/common/command.o
 .progmem.data.__c.4916
                0x00000b9c        0xd obj_Minorca_lufa/common/command.o
 .progmem.data.__c.4914
                0x00000ba9        0xc obj_Minorca_lufa/common/command.o
 .progmem.data.__c.4911
                0x00000bb5       0x10 obj_Minorca_lufa/common/command.o
 .progmem.data.__c.4909
                0x00000bc5        0xf obj_Minorca_lufa/common/command.o
 .progmem.data.__c.4906
                0x00000bd4        0xe obj_Minorca_lufa/common/command.o
 .progmem.data.__c.4904
                0x00000be2        0xd obj_Minorca_lufa/common/command.o
 .progmem.data.__c.4901
                0x00000bef        0xc obj_Minorca_lufa/common/command.o
 .progmem.data.__c.4899
                0x00000bfb        0xd obj_Minorca_lufa/common/command.o
 .progmem.data.__c.4896
                0x00000c08       0x11 obj_Minorca_lufa/common/command.o
 .progmem.data.__c.4893
                0x00000c19        0x4 obj_Minorca_lufa/common/command.o
 .progmem.data.__c.4887
                0x00000c1d        0xb obj_Minorca_lufa/common/command.o
                0x00000c28                . = ALIGN (0x2)
 *(.jumptables)
 *(.jumptables*)
 *(.lowtext)
 *(.lowtext*)
                0x00000c28                __ctors_start = .
 *(.ctors)
                0x00000c28                __ctors_end = .
                0x00000c28                __dtors_start = .
 *(.dtors)
                0x00000c28                __dtors_end = .
 SORT(*)(.ctors)
 SORT(*)(.dtors)
 *(.init0)
 .init0         0x00000c28        0x0 /usr/local/CrossPack-AVR-20131216/lib/gcc/avr/4.8.1/../../../../avr/lib/avr5/crtm32u4.o
                0x00000c28                __init
 *(.init0)
 *(.init1)
 *(.init1)
 *(.init2)
 .init2         0x00000c28        0xc /usr/local/CrossPack-AVR-20131216/lib/gcc/avr/4.8.1/../../../../avr/lib/avr5/crtm32u4.o
 *(.init2)
 *(.init3)
 .init3         0x00000c34       0x4e obj_Minorca_lufa/common/avr/bootloader.o
                0x00000c34                bootloader_jump_after_watchdog_reset
 *(.init3)
 *(.init4)
 .init4         0x00000c82       0x16 /usr/local/CrossPack-AVR-20131216/lib/gcc/avr/4.8.1/avr5/libgcc.a(_copy_data.o)
                0x00000c82                __do_copy_data
 .init4         0x00000c98       0x10 /usr/local/CrossPack-AVR-20131216/lib/gcc/avr/4.8.1/avr5/libgcc.a(_clear_bss.o)
                0x00000c98                __do_clear_bss
 *(.init4)
 *(.init5)
 *(.init5)
 *(.init6)
 *(.init6)
 *(.init7)
 *(.init7)
 *(.init8)
 *(.init8)
 *(.init9)
 .init9         0x00000ca8        0x8 /usr/local/CrossPack-AVR-20131216/lib/gcc/avr/4.8.1/../../../../avr/lib/avr5/crtm32u4.o
 *(.init9)
 *(.text)
 .text          0x00000cb0        0x4 /usr/local/CrossPack-AVR-20131216/lib/gcc/avr/4.8.1/../../../../avr/lib/avr5/crtm32u4.o
                0x00000cb0                __vector_42
                0x00000cb0                __vector_22
                0x00000cb0                __vector_28
                0x00000cb0                __vector_1
                0x00000cb0                __vector_32
                0x00000cb0                __vector_34
                0x00000cb0                __vector_24
                0x00000cb0                __bad_interrupt
                0x00000cb0                __vector_6
                0x00000cb0                __vector_31
                0x00000cb0                __vector_35
                0x00000cb0                __vector_39
                0x00000cb0                __vector_3
                0x00000cb0                __vector_23
                0x00000cb0                __vector_30
                0x00000cb0                __vector_25
                0x00000cb0                __vector_13
                0x00000cb0                __vector_17
                0x00000cb0                __vector_19
                0x00000cb0                __vector_7
                0x00000cb0                __vector_41
                0x00000cb0                __vector_27
                0x00000cb0                __vector_5
                0x00000cb0                __vector_33
                0x00000cb0                __vector_37
                0x00000cb0                __vector_4
                0x00000cb0                __vector_9
                0x00000cb0                __vector_2
                0x00000cb0                __vector_15
                0x00000cb0                __vector_36
                0x00000cb0                __vector_29
                0x00000cb0                __vector_40
                0x00000cb0                __vector_8
                0x00000cb0                __vector_26
                0x00000cb0                __vector_14
                0x00000cb0                __vector_16
                0x00000cb0                __vector_18
                0x00000cb0                __vector_20
                0x00000cb0                __vector_38
 .text          0x00000cb4      0x15c obj_Minorca_lufa/common/avr/xprintf.o
                0x00000cb4                xputc
                0x00000ccc                xputs
                0x00000cda                xitoa
                0x00000dfe                __xprintf
                0x00000e10                . = ALIGN (0x2)
 *(.text.*)
 .text.keymap_key_to_keycode
                0x00000e10       0x1e obj_Minorca_lufa/keymap_common.o
                0x00000e10                keymap_key_to_keycode
 .text.keymap_fn_to_action
                0x00000e2e       0x12 obj_Minorca_lufa/keymap_common.o
                0x00000e2e                keymap_fn_to_action
 .text.unselect_rows
                0x00000e40        0xe obj_Minorca_lufa/matrix.o
 .text.matrix_init
                0x00000e4e       0x76 obj_Minorca_lufa/matrix.o
                0x00000e4e                matrix_init
 .text.matrix_scan
                0x00000ec4      0x236 obj_Minorca_lufa/matrix.o
                0x00000ec4                matrix_scan
 .text.matrix_get_row
                0x000010fa       0x12 obj_Minorca_lufa/matrix.o
                0x000010fa                matrix_get_row
 .text.matrix_print
                0x0000110c       0x8e obj_Minorca_lufa/matrix.o
                0x0000110c                matrix_print
 .text.led_set  0x0000119a        0xe obj_Minorca_lufa/led.o
                0x0000119a                led_set
 .text.keyboard_leds
                0x000011a8        0x6 obj_Minorca_lufa/protocol/lufa/lufa.o
 .text.sendchar
                0x000011ae       0xc8 obj_Minorca_lufa/protocol/lufa/lufa.o
                0x000011ae                sendchar
 .text.send_consumer
                0x00001276       0x66 obj_Minorca_lufa/protocol/lufa/lufa.o
 .text.send_system
                0x000012dc       0x68 obj_Minorca_lufa/protocol/lufa/lufa.o
 .text.send_mouse
                0x00001344       0x46 obj_Minorca_lufa/protocol/lufa/lufa.o
 .text.send_keyboard
                0x0000138a       0xa4 obj_Minorca_lufa/protocol/lufa/lufa.o
 .text.EVENT_USB_Device_Connect
                0x0000142e       0x24 obj_Minorca_lufa/protocol/lufa/lufa.o
                0x0000142e                EVENT_USB_Device_Connect
 .text.EVENT_USB_Device_Disconnect
                0x00001452        0xe obj_Minorca_lufa/protocol/lufa/lufa.o
                0x00001452                EVENT_USB_Device_Disconnect
 .text.EVENT_USB_Device_Reset
                0x00001460        0x8 obj_Minorca_lufa/protocol/lufa/lufa.o
                0x00001460                EVENT_USB_Device_Reset
 .text.EVENT_USB_Device_StartOfFrame
                0x00001468       0x80 obj_Minorca_lufa/protocol/lufa/lufa.o
                0x00001468                EVENT_USB_Device_StartOfFrame
 .text.EVENT_USB_Device_ConfigurationChanged
                0x000014e8       0x32 obj_Minorca_lufa/protocol/lufa/lufa.o
                0x000014e8                EVENT_USB_Device_ConfigurationChanged
 .text.EVENT_USB_Device_ControlRequest
                0x0000151a      0x164 obj_Minorca_lufa/protocol/lufa/lufa.o
                0x0000151a                EVENT_USB_Device_ControlRequest
 .text.hook_early_init
                0x0000167e        0x2 obj_Minorca_lufa/protocol/lufa/lufa.o
                0x0000167e                hook_early_init
 .text.hook_late_init
                0x00001680        0x2 obj_Minorca_lufa/protocol/lufa/lufa.o
                0x00001680                hook_late_init
 .text.hook_usb_suspend_entry
                0x00001682        0x2 obj_Minorca_lufa/protocol/lufa/lufa.o
                0x00001682                hook_usb_suspend_entry
 .text.EVENT_USB_Device_Suspend
                0x00001684        0xc obj_Minorca_lufa/protocol/lufa/lufa.o
                0x00001684                EVENT_USB_Device_Suspend
 .text.hook_usb_suspend_loop
                0x00001690       0x18 obj_Minorca_lufa/protocol/lufa/lufa.o
                0x00001690                hook_usb_suspend_loop
 .text.startup.main
                0x000016a8       0x90 obj_Minorca_lufa/protocol/lufa/lufa.o
                0x000016a8                main
 .text.hook_usb_wakeup
                0x00001738        0x4 obj_Minorca_lufa/protocol/lufa/lufa.o
                0x00001738                hook_usb_wakeup
 .text.EVENT_USB_Device_WakeUp
                0x0000173c        0xc obj_Minorca_lufa/protocol/lufa/lufa.o
                0x0000173c                EVENT_USB_Device_WakeUp
 .text.CALLBACK_USB_GetDescriptor
                0x00001748       0xb2 obj_Minorca_lufa/protocol/lufa/descriptor.o
                0x00001748                CALLBACK_USB_GetDescriptor
 .text.USB_Device_SendRemoteWakeup
                0x000017fa       0x2c obj_Minorca_lufa/protocol/lufa/LUFA-git/LUFA/Drivers/USB/Core/AVR8/Device_AVR8.o
                0x000017fa                USB_Device_SendRemoteWakeup
 .text.Endpoint_Write_Stream_LE
                0x00001826       0x92 obj_Minorca_lufa/protocol/lufa/LUFA-git/LUFA/Drivers/USB/Core/AVR8/EndpointStream_AVR8.o
                0x00001826                Endpoint_Write_Stream_LE
 .text.Endpoint_Write_Control_Stream_LE
                0x000018b8       0xc2 obj_Minorca_lufa/protocol/lufa/LUFA-git/LUFA/Drivers/USB/Core/AVR8/EndpointStream_AVR8.o
                0x000018b8                Endpoint_Write_Control_Stream_LE
 .text.Endpoint_Write_Control_PStream_LE
                0x0000197a       0xc4 obj_Minorca_lufa/protocol/lufa/LUFA-git/LUFA/Drivers/USB/Core/AVR8/EndpointStream_AVR8.o
                0x0000197a                Endpoint_Write_Control_PStream_LE
 .text.Endpoint_ConfigureEndpoint_Prv
                0x00001a3e       0x6a obj_Minorca_lufa/protocol/lufa/LUFA-git/LUFA/Drivers/USB/Core/AVR8/Endpoint_AVR8.o
                0x00001a3e                Endpoint_ConfigureEndpoint_Prv
 .text.Endpoint_ClearStatusStage
                0x00001aa8       0x42 obj_Minorca_lufa/protocol/lufa/LUFA-git/LUFA/Drivers/USB/Core/AVR8/Endpoint_AVR8.o
                0x00001aa8                Endpoint_ClearStatusStage
 .text.Endpoint_WaitUntilReady
                0x00001aea       0x60 obj_Minorca_lufa/protocol/lufa/LUFA-git/LUFA/Drivers/USB/Core/AVR8/Endpoint_AVR8.o
                0x00001aea                Endpoint_WaitUntilReady
 .text.USB_Disable
                0x00001b4a       0x34 obj_Minorca_lufa/protocol/lufa/LUFA-git/LUFA/Drivers/USB/Core/AVR8/USBController_AVR8.o
                0x00001b4a                USB_Disable
 .text.USB_ResetInterface
                0x00001b7e       0x86 obj_Minorca_lufa/protocol/lufa/LUFA-git/LUFA/Drivers/USB/Core/AVR8/USBController_AVR8.o
                0x00001b7e                USB_ResetInterface
 .text.USB_Init
                0x00001c04       0x22 obj_Minorca_lufa/protocol/lufa/LUFA-git/LUFA/Drivers/USB/Core/AVR8/USBController_AVR8.o
                0x00001c04                USB_Init
 .text.USB_INT_DisableAllInterrupts
                0x00001c26       0x10 obj_Minorca_lufa/protocol/lufa/LUFA-git/LUFA/Drivers/USB/Core/AVR8/USBInterrupt_AVR8.o
                0x00001c26                USB_INT_DisableAllInterrupts
 .text.USB_INT_ClearAllInterrupts
                0x00001c36        0xa obj_Minorca_lufa/protocol/lufa/LUFA-git/LUFA/Drivers/USB/Core/AVR8/USBInterrupt_AVR8.o
                0x00001c36                USB_INT_ClearAllInterrupts
 .text.__vector_10
                0x00001c40      0x1a4 obj_Minorca_lufa/protocol/lufa/LUFA-git/LUFA/Drivers/USB/Core/AVR8/USBInterrupt_AVR8.o
                0x00001c40                __vector_10
 .text.__vector_11
                0x00001de4       0x78 obj_Minorca_lufa/protocol/lufa/LUFA-git/LUFA/Drivers/USB/Core/AVR8/USBInterrupt_AVR8.o
                0x00001de4                __vector_11
 .text.USB_Device_ProcessControlRequest
                0x00001e5c      0x29c obj_Minorca_lufa/protocol/lufa/LUFA-git/LUFA/Drivers/USB/Core/DeviceStandardReq.o
                0x00001e5c                USB_Device_ProcessControlRequest
 .text.host_set_driver
                0x000020f8        0xa obj_Minorca_lufa/common/host.o
                0x000020f8                host_set_driver
 .text.host_keyboard_leds
                0x00002102       0x18 obj_Minorca_lufa/common/host.o
                0x00002102                host_keyboard_leds
 .text.host_keyboard_send
                0x0000211a       0x8a obj_Minorca_lufa/common/host.o
                0x0000211a                host_keyboard_send
 .text.host_mouse_send
                0x000021a4       0x16 obj_Minorca_lufa/common/host.o
                0x000021a4                host_mouse_send
 .text.host_system_send
                0x000021ba       0x2c obj_Minorca_lufa/common/host.o
                0x000021ba                host_system_send
 .text.host_consumer_send
                0x000021e6       0x2c obj_Minorca_lufa/common/host.o
                0x000021e6                host_consumer_send
 .text.matrix_setup
                0x00002212        0x2 obj_Minorca_lufa/common/keyboard.o
                0x00002212                matrix_setup
 .text.keyboard_setup
                0x00002214        0x4 obj_Minorca_lufa/common/keyboard.o
                0x00002214                keyboard_setup
 .text.keyboard_init
                0x00002218        0xc obj_Minorca_lufa/common/keyboard.o
                0x00002218                keyboard_init
 .text.keyboard_task
                0x00002224      0x1a2 obj_Minorca_lufa/common/keyboard.o
                0x00002224                keyboard_task
 .text.keyboard_set_leds
                0x000023c6        0x4 obj_Minorca_lufa/common/keyboard.o
                0x000023c6                keyboard_set_leds
 .text.action_exec
                0x000023ca       0x84 obj_Minorca_lufa/common/action.o
                0x000023ca                action_exec
 .text.register_code
                0x0000244e      0x1a6 obj_Minorca_lufa/common/action.o
                0x0000244e                register_code
 .text.unregister_code
                0x000025f4       0x9e obj_Minorca_lufa/common/action.o
                0x000025f4                unregister_code
 .text.register_mods
                0x00002692        0xe obj_Minorca_lufa/common/action.o
                0x00002692                register_mods
 .text.unregister_mods
                0x000026a0        0xe obj_Minorca_lufa/common/action.o
                0x000026a0                unregister_mods
 .text.process_action
                0x000026ae      0x61a obj_Minorca_lufa/common/action.o
                0x000026ae                process_action
 .text.clear_keyboard_but_mods
                0x00002cc8       0x24 obj_Minorca_lufa/common/action.o
                0x00002cc8                clear_keyboard_but_mods
 .text.clear_keyboard
                0x00002cec        0x8 obj_Minorca_lufa/common/action.o
                0x00002cec                clear_keyboard
 .text.is_tap_key
                0x00002cf4       0x4a obj_Minorca_lufa/common/action.o
                0x00002cf4                is_tap_key
 .text.debug_event
                0x00002d3e       0x1e obj_Minorca_lufa/common/action.o
                0x00002d3e                debug_event
 .text.debug_record
                0x00002d5c       0x20 obj_Minorca_lufa/common/action.o
                0x00002d5c                debug_record
 .text.debug_waiting_buffer
                0x00002d7c       0x42 obj_Minorca_lufa/common/action_tapping.o
 .text.debug_tapping_key
                0x00002dbe       0x1c obj_Minorca_lufa/common/action_tapping.o
 .text.waiting_buffer_scan_tap
                0x00002dda       0xd0 obj_Minorca_lufa/common/action_tapping.o
 .text.process_tapping
                0x00002eaa      0x3da obj_Minorca_lufa/common/action_tapping.o
 .text.action_tapping_process
                0x00003284      0x15a obj_Minorca_lufa/common/action_tapping.o
                0x00003284                action_tapping_process
 .text.action_macro_play
                0x000033de      0x13a obj_Minorca_lufa/common/action_macro.o
                0x000033de                action_macro_play
 .text.default_layer_state_set
                0x00003518       0x18 obj_Minorca_lufa/common/action_layer.o
 .text.layer_state_set
                0x00003530       0x18 obj_Minorca_lufa/common/action_layer.o
 .text.default_layer_debug
                0x00003548        0x2 obj_Minorca_lufa/common/action_layer.o
                0x00003548                default_layer_debug
 .text.default_layer_set
                0x0000354a        0x4 obj_Minorca_lufa/common/action_layer.o
                0x0000354a                default_layer_set
 .text.default_layer_or
                0x0000354e       0x24 obj_Minorca_lufa/common/action_layer.o
                0x0000354e                default_layer_or
 .text.default_layer_and
                0x00003572       0x24 obj_Minorca_lufa/common/action_layer.o
                0x00003572                default_layer_and
 .text.default_layer_xor
                0x00003596       0x24 obj_Minorca_lufa/common/action_layer.o
                0x00003596                default_layer_xor
 .text.layer_clear
                0x000035ba        0xa obj_Minorca_lufa/common/action_layer.o
                0x000035ba                layer_clear
 .text.layer_move
                0x000035c4       0x1e obj_Minorca_lufa/common/action_layer.o
                0x000035c4                layer_move
 .text.layer_on
                0x000035e2       0x36 obj_Minorca_lufa/common/action_layer.o
                0x000035e2                layer_on
 .text.layer_off
                0x00003618       0x3e obj_Minorca_lufa/common/action_layer.o
                0x00003618                layer_off
 .text.layer_invert
                0x00003656       0x36 obj_Minorca_lufa/common/action_layer.o
                0x00003656                layer_invert
 .text.layer_or
                0x0000368c       0x24 obj_Minorca_lufa/common/action_layer.o
                0x0000368c                layer_or
 .text.layer_and
                0x000036b0       0x24 obj_Minorca_lufa/common/action_layer.o
                0x000036b0                layer_and
 .text.layer_xor
                0x000036d4       0x24 obj_Minorca_lufa/common/action_layer.o
                0x000036d4                layer_xor
 .text.layer_debug
                0x000036f8        0x2 obj_Minorca_lufa/common/action_layer.o
                0x000036f8                layer_debug
 .text.layer_switch_get_action
                0x000036fa       0x84 obj_Minorca_lufa/common/action_layer.o
                0x000036fa                layer_switch_get_action
 .text.add_key  0x0000377e       0xa2 obj_Minorca_lufa/common/action_util.o
                0x0000377e                add_key
 .text.del_key  0x00003820       0x88 obj_Minorca_lufa/common/action_util.o
                0x00003820                del_key
 .text.clear_keys
                0x000038a8       0x1c obj_Minorca_lufa/common/action_util.o
                0x000038a8                clear_keys
 .text.get_mods
                0x000038c4        0x6 obj_Minorca_lufa/common/action_util.o
                0x000038c4                get_mods
 .text.add_mods
                0x000038ca        0xc obj_Minorca_lufa/common/action_util.o
                0x000038ca                add_mods
 .text.del_mods
                0x000038d6        0xe obj_Minorca_lufa/common/action_util.o
                0x000038d6                del_mods
 .text.set_mods
                0x000038e4        0x6 obj_Minorca_lufa/common/action_util.o
                0x000038e4                set_mods
 .text.clear_mods
                0x000038ea        0x6 obj_Minorca_lufa/common/action_util.o
                0x000038ea                clear_mods
 .text.add_weak_mods
                0x000038f0        0xc obj_Minorca_lufa/common/action_util.o
                0x000038f0                add_weak_mods
 .text.del_weak_mods
                0x000038fc        0xe obj_Minorca_lufa/common/action_util.o
                0x000038fc                del_weak_mods
 .text.clear_weak_mods
                0x0000390a        0x6 obj_Minorca_lufa/common/action_util.o
                0x0000390a                clear_weak_mods
 .text.set_oneshot_mods
                0x00003910        0x6 obj_Minorca_lufa/common/action_util.o
                0x00003910                set_oneshot_mods
 .text.clear_oneshot_mods
                0x00003916        0x6 obj_Minorca_lufa/common/action_util.o
                0x00003916                clear_oneshot_mods
 .text.has_anykey
                0x0000391c       0x26 obj_Minorca_lufa/common/action_util.o
                0x0000391c                has_anykey
 .text.send_keyboard_report
                0x00003942       0x4c obj_Minorca_lufa/common/action_util.o
                0x00003942                send_keyboard_report
 .text.print_set_sendchar
                0x0000398e        0xa obj_Minorca_lufa/common/print.o
                0x0000398e                print_set_sendchar
 .text.bitrev   0x00003998       0x24 obj_Minorca_lufa/common/util.o
                0x00003998                bitrev
 .text.bitrev16
                0x000039bc       0x34 obj_Minorca_lufa/common/util.o
                0x000039bc                bitrev16
 .text.hook_keyboard_loop
                0x000039f0        0x2 obj_Minorca_lufa/common/hook.o
                0x000039f0                hook_keyboard_loop
 .text.hook_matrix_change
                0x000039f2       0x1e obj_Minorca_lufa/common/hook.o
                0x000039f2                hook_matrix_change
 .text.hook_default_layer_change
                0x00003a10        0x2 obj_Minorca_lufa/common/hook.o
                0x00003a10                hook_default_layer_change
 .text.hook_layer_change
                0x00003a12        0x2 obj_Minorca_lufa/common/hook.o
                0x00003a12                hook_layer_change
 .text.hook_keyboard_leds_change
                0x00003a14        0x4 obj_Minorca_lufa/common/hook.o
                0x00003a14                hook_keyboard_leds_change
 .text.hook_bootmagic
                0x00003a18        0x2 obj_Minorca_lufa/common/hook.o
                0x00003a18                hook_bootmagic
 .text.suspend_power_down
                0x00003a1a       0x4c obj_Minorca_lufa/common/avr/suspend.o
                0x00003a1a                suspend_power_down
 .text.matrix_power_up
                0x00003a66        0x2 obj_Minorca_lufa/common/avr/suspend.o
                0x00003a66                matrix_power_up
 .text.matrix_power_down
                0x00003a68        0x2 obj_Minorca_lufa/common/avr/suspend.o
                0x00003a68                matrix_power_down
 .text.suspend_wakeup_condition
                0x00003a6a       0x2a obj_Minorca_lufa/common/avr/suspend.o
                0x00003a6a                suspend_wakeup_condition
 .text.suspend_wakeup_init
                0x00003a94        0x4 obj_Minorca_lufa/common/avr/suspend.o
                0x00003a94                suspend_wakeup_init
 .text.__vector_12
                0x00003a98       0x52 obj_Minorca_lufa/common/avr/suspend.o
                0x00003a98                __vector_12
 .text.timer_init
                0x00003aea       0x12 obj_Minorca_lufa/common/avr/timer.o
                0x00003aea                timer_init
 .text.timer_read
                0x00003afc       0x18 obj_Minorca_lufa/common/avr/timer.o
                0x00003afc                timer_read
 .text.timer_read32
                0x00003b14       0x18 obj_Minorca_lufa/common/avr/timer.o
                0x00003b14                timer_read32
 .text.timer_elapsed
                0x00003b2c       0x52 obj_Minorca_lufa/common/avr/timer.o
                0x00003b2c                timer_elapsed
 .text.__vector_21
                0x00003b7e       0x4a obj_Minorca_lufa/common/avr/timer.o
                0x00003b7e                __vector_21
 .text.bootloader_jump
                0x00003bc8       0x46 obj_Minorca_lufa/common/avr/bootloader.o
                0x00003bc8                bootloader_jump
 .text.keycode_to_action
                0x00003c0e      0x17c obj_Minorca_lufa/common/keymap.o
 .text.action_for_key
                0x00003d8a       0xe6 obj_Minorca_lufa/common/keymap.o
                0x00003d8a                action_for_key
 .text.action_get_macro
                0x00003e70        0x6 obj_Minorca_lufa/common/keymap.o
                0x00003e70                action_get_macro
 .text.action_function
                0x00003e76        0x2 obj_Minorca_lufa/common/keymap.o
                0x00003e76                action_function
 .text.scan_key
                0x00003e78       0x90 obj_Minorca_lufa/common/bootmagic.o
 .text.bootmagic_scan_key
                0x00003f08       0x24 obj_Minorca_lufa/common/bootmagic.o
                0x00003f08                bootmagic_scan_key
 .text.bootmagic
                0x00003f2c      0x298 obj_Minorca_lufa/common/bootmagic.o
                0x00003f2c                bootmagic
 .text.eeconfig_init
                0x000041c4       0x34 obj_Minorca_lufa/common/avr/eeconfig.o
                0x000041c4                eeconfig_init
 .text.eeconfig_is_enabled
                0x000041f8       0x16 obj_Minorca_lufa/common/avr/eeconfig.o
                0x000041f8                eeconfig_is_enabled
 .text.eeconfig_read_debug
                0x0000420e        0x8 obj_Minorca_lufa/common/avr/eeconfig.o
                0x0000420e                eeconfig_read_debug
 .text.eeconfig_write_debug
                0x00004216        0xa obj_Minorca_lufa/common/avr/eeconfig.o
                0x00004216                eeconfig_write_debug
 .text.eeconfig_read_default_layer
                0x00004220        0x8 obj_Minorca_lufa/common/avr/eeconfig.o
                0x00004220                eeconfig_read_default_layer
 .text.eeconfig_write_default_layer
                0x00004228        0xa obj_Minorca_lufa/common/avr/eeconfig.o
                0x00004228                eeconfig_write_default_layer
 .text.eeconfig_read_keymap
                0x00004232        0x8 obj_Minorca_lufa/common/avr/eeconfig.o
                0x00004232                eeconfig_read_keymap
 .text.eeconfig_write_keymap
                0x0000423a        0xa obj_Minorca_lufa/common/avr/eeconfig.o
                0x0000423a                eeconfig_write_keymap
 .text.move_unit
                0x00004244       0x90 obj_Minorca_lufa/common/mousekey.o
 .text.wheel_unit
                0x000042d4       0x72 obj_Minorca_lufa/common/mousekey.o
 .text.mousekey_on
                0x00004346       0xd0 obj_Minorca_lufa/common/mousekey.o
                0x00004346                mousekey_on
 .text.mousekey_off
                0x00004416      0x10a obj_Minorca_lufa/common/mousekey.o
                0x00004416                mousekey_off
 .text.mousekey_send
                0x00004520      0x11a obj_Minorca_lufa/common/mousekey.o
                0x00004520                mousekey_send
 .text.mousekey_task
                0x0000463a      0x142 obj_Minorca_lufa/common/mousekey.o
                0x0000463a                mousekey_task
 .text.mousekey_clear
                0x0000477c       0x18 obj_Minorca_lufa/common/mousekey.o
                0x0000477c                mousekey_clear
 .text.mousekey_console_help
                0x00004794       0x2e obj_Minorca_lufa/common/command.o
 .text.mousekey_param_inc
                0x000047c2      0x146 obj_Minorca_lufa/common/command.o
 .text.mousekey_param_dec
                0x00004908       0xfc obj_Minorca_lufa/common/command.o
 .text.switch_default_layer
                0x00004a04       0x3c obj_Minorca_lufa/common/command.o
 .text.command_common
                0x00004a40      0x4e0 obj_Minorca_lufa/common/command.o
 .text.command_extra
                0x00004f20        0x4 obj_Minorca_lufa/common/command.o
                0x00004f20                command_extra
 .text.command_console_extra
                0x00004f24        0x4 obj_Minorca_lufa/common/command.o
                0x00004f24                command_console_extra
 .text.command_proc
                0x00004f28      0x2a4 obj_Minorca_lufa/common/command.o
                0x00004f28                command_proc
 .text.avr-libc.fplib
                0x000051cc        0xa /usr/local/CrossPack-AVR-20131216/lib/gcc/avr/4.8.1/../../../../avr/lib/avr5/libm.a(fixsfsi.o)
                0x000051cc                __fixsfsi
 .text.avr-libc.fplib
                0x000051d6       0x58 /usr/local/CrossPack-AVR-20131216/lib/gcc/avr/4.8.1/../../../../avr/lib/avr5/libm.a(fixunssfsi.o)
                0x000051d6                __fixunssfsi
 .text.avr-libc.fplib
                0x0000522e       0x7a /usr/local/CrossPack-AVR-20131216/lib/gcc/avr/4.8.1/../../../../avr/lib/avr5/libm.a(floatsisf.o)
                0x0000522e                __floatunsisf
                0x00005232                __floatsisf
 .text.avr-libc.fplib
                0x000052a8       0x44 /usr/local/CrossPack-AVR-20131216/lib/gcc/avr/4.8.1/../../../../avr/lib/avr5/libm.a(fp_split3.o)
                0x000052a8                __fp_split3
                0x000052b8                __fp_splitA
 .text.avr-libc.fplib
                0x000052ec        0xe /usr/local/CrossPack-AVR-20131216/lib/gcc/avr/4.8.1/../../../../avr/lib/avr5/libm.a(fp_zero.o)
                0x000052ec                __fp_zero
                0x000052ee                __fp_szero
 .text.avr-libc.fplib
                0x000052fa        0x4 /usr/local/CrossPack-AVR-20131216/lib/gcc/avr/4.8.1/../../../../avr/lib/avr5/libm.a(mulsf3.o)
                0x000052fa                __mulsf3
 .text.avr-libc.fplib
                0x000052fe       0xc2 /usr/local/CrossPack-AVR-20131216/lib/gcc/avr/4.8.1/../../../../avr/lib/avr5/libm.a(mulsf3x.o)
                0x00005312                __mulsf3x
                0x00005316                __mulsf3_pse
 .text.avr-libc.fplib
                0x000053c0        0xc /usr/local/CrossPack-AVR-20131216/lib/gcc/avr/4.8.1/../../../../avr/lib/avr5/libm.a(fp_inf.o)
                0x000053c0                __fp_inf
 .text.avr-libc.fplib
                0x000053cc        0x6 /usr/local/CrossPack-AVR-20131216/lib/gcc/avr/4.8.1/../../../../avr/lib/avr5/libm.a(fp_nan.o)
                0x000053cc                __fp_nan
 .text.avr-libc.fplib
                0x000053d2        0xe /usr/local/CrossPack-AVR-20131216/lib/gcc/avr/4.8.1/../../../../avr/lib/avr5/libm.a(fp_pscA.o)
                0x000053d2                __fp_pscA
 .text.avr-libc.fplib
                0x000053e0        0xe /usr/local/CrossPack-AVR-20131216/lib/gcc/avr/4.8.1/../../../../avr/lib/avr5/libm.a(fp_pscB.o)
                0x000053e0                __fp_pscB
 .text.avr-libc.fplib
                0x000053ee       0x22 /usr/local/CrossPack-AVR-20131216/lib/gcc/avr/4.8.1/../../../../avr/lib/avr5/libm.a(fp_round.o)
                0x000053ee                __fp_round
 .text.libgcc.div
                0x00005410       0x18 /usr/local/CrossPack-AVR-20131216/lib/gcc/avr/4.8.1/avr5/libgcc.a(_udivmodqi4.o)
                0x00005410                __udivmodqi4
 .text.libgcc.div
                0x00005428       0x28 /usr/local/CrossPack-AVR-20131216/lib/gcc/avr/4.8.1/avr5/libgcc.a(_divmodhi4.o)
                0x00005428                __divmodhi4
                0x00005428                _div
 .text.libgcc   0x00005450        0xc /usr/local/CrossPack-AVR-20131216/lib/gcc/avr/4.8.1/avr5/libgcc.a(_tablejump.o)
                0x00005450                __tablejump2__
                0x00005454                __tablejump__
 .text.libgcc.div
                0x0000545c       0x28 /usr/local/CrossPack-AVR-20131216/lib/gcc/avr/4.8.1/avr5/libgcc.a(_udivmodhi4.o)
                0x0000545c                __udivmodhi4
 .text.avr-libc
                0x00005484       0x10 /usr/local/CrossPack-AVR-20131216/lib/gcc/avr/4.8.1/../../../../avr/lib/avr5/libc.a(eerd_byte_atmega32u4.o)
                0x00005484                __eerd_byte_m32u4
 .text.avr-libc
                0x00005494        0xc /usr/local/CrossPack-AVR-20131216/lib/gcc/avr/4.8.1/../../../../avr/lib/avr5/libc.a(eerd_word_atmega32u4.o)
                0x00005494                __eerd_word_m32u4
 .text.avr-libc
                0x000054a0       0x1c /usr/local/CrossPack-AVR-20131216/lib/gcc/avr/4.8.1/../../../../avr/lib/avr5/libc.a(eewr_byte_atmega32u4.o)
                0x000054a0                __eewr_byte_m32u4
                0x000054a2                __eewr_r18_m32u4
 .text.avr-libc
                0x000054bc        0xa /usr/local/CrossPack-AVR-20131216/lib/gcc/avr/4.8.1/../../../../avr/lib/avr5/libc.a(eewr_word_atmega32u4.o)
                0x000054bc                __eewr_word_m32u4
 .text.avr-libc
                0x000054c6       0x20 /usr/local/CrossPack-AVR-20131216/lib/gcc/avr/4.8.1/../../../../avr/lib/avr5/libc.a(eerd_block_atmega32u4.o)
                0x000054c6                __eerd_block_m32u4
                0x000054ca                __eerd_blraw_m32u4
                0x000054e6                . = ALIGN (0x2)
 *(.fini9)
 .fini9         0x000054e6        0x0 /usr/local/CrossPack-AVR-20131216/lib/gcc/avr/4.8.1/avr5/libgcc.a(_exit.o)
                0x000054e6                exit
                0x000054e6                _exit
 *(.fini9)
 *(.fini8)
 *(.fini8)
 *(.fini7)
 *(.fini7)
 *(.fini6)
 *(.fini6)
 *(.fini5)
 *(.fini5)
 *(.fini4)
 *(.fini4)
 *(.fini3)
 *(.fini3)
 *(.fini2)
 *(.fini2)
 *(.fini1)
 *(.fini1)
 *(.fini0)
 .fini0         0x000054e6        0x4 /usr/local/CrossPack-AVR-20131216/lib/gcc/avr/4.8.1/avr5/libgcc.a(_exit.o)
 *(.fini0)
                0x000054ea                _etext = .

.data           0x00800100       0x38 load address 0x000054ea
                0x00800100                PROVIDE (__data_start, .)
 *(.data)
 .data          0x00800100        0x0 /usr/local/CrossPack-AVR-20131216/lib/gcc/avr/4.8.1/../../../../avr/lib/avr5/crtm32u4.o
 .data          0x00800100        0x0 obj_Minorca_lufa/keymap_minorca.o
 .data          0x00800100        0x0 obj_Minorca_lufa/keymap_common.o
 .data          0x00800100        0x0 obj_Minorca_lufa/matrix.o
 .data          0x00800100        0x0 obj_Minorca_lufa/led.o
 .data          0x00800100        0x0 obj_Minorca_lufa/protocol/lufa/lufa.o
 .data          0x00800100        0x0 obj_Minorca_lufa/protocol/lufa/descriptor.o
 .data          0x00800100        0x0 obj_Minorca_lufa/protocol/lufa/LUFA-git/LUFA/Drivers/USB/Class/Common/HIDParser.o
 .data          0x00800100        0x0 obj_Minorca_lufa/protocol/lufa/LUFA-git/LUFA/Drivers/USB/Core/AVR8/Device_AVR8.o
 .data          0x00800100        0x0 obj_Minorca_lufa/protocol/lufa/LUFA-git/LUFA/Drivers/USB/Core/AVR8/EndpointStream_AVR8.o
 .data          0x00800100        0x0 obj_Minorca_lufa/protocol/lufa/LUFA-git/LUFA/Drivers/USB/Core/AVR8/Endpoint_AVR8.o
 .data          0x00800100        0x0 obj_Minorca_lufa/protocol/lufa/LUFA-git/LUFA/Drivers/USB/Core/AVR8/Host_AVR8.o
 .data          0x00800100        0x0 obj_Minorca_lufa/protocol/lufa/LUFA-git/LUFA/Drivers/USB/Core/AVR8/PipeStream_AVR8.o
 .data          0x00800100        0x0 obj_Minorca_lufa/protocol/lufa/LUFA-git/LUFA/Drivers/USB/Core/AVR8/Pipe_AVR8.o
 .data          0x00800100        0x0 obj_Minorca_lufa/protocol/lufa/LUFA-git/LUFA/Drivers/USB/Core/AVR8/USBController_AVR8.o
 .data          0x00800100        0x0 obj_Minorca_lufa/protocol/lufa/LUFA-git/LUFA/Drivers/USB/Core/AVR8/USBInterrupt_AVR8.o
 .data          0x00800100        0x0 obj_Minorca_lufa/protocol/lufa/LUFA-git/LUFA/Drivers/USB/Core/ConfigDescriptors.o
 .data          0x00800100        0x0 obj_Minorca_lufa/protocol/lufa/LUFA-git/LUFA/Drivers/USB/Core/DeviceStandardReq.o
 .data          0x00800100        0x0 obj_Minorca_lufa/protocol/lufa/LUFA-git/LUFA/Drivers/USB/Core/Events.o
 .data          0x00800100        0x0 obj_Minorca_lufa/protocol/lufa/LUFA-git/LUFA/Drivers/USB/Core/HostStandardReq.o
 .data          0x00800100        0x0 obj_Minorca_lufa/protocol/lufa/LUFA-git/LUFA/Drivers/USB/Core/USBTask.o
 .data          0x00800100        0x0 obj_Minorca_lufa/common/host.o
 .data          0x00800100        0x0 obj_Minorca_lufa/common/keyboard.o
 .data          0x00800100        0x0 obj_Minorca_lufa/common/action.o
 .data          0x00800100        0x0 obj_Minorca_lufa/common/action_tapping.o
 .data          0x00800100        0x0 obj_Minorca_lufa/common/action_macro.o
 .data          0x00800100        0x0 obj_Minorca_lufa/common/action_layer.o
 .data          0x00800100        0x0 obj_Minorca_lufa/common/action_util.o
 .data          0x00800100        0x0 obj_Minorca_lufa/common/print.o
 .data          0x00800100        0x0 obj_Minorca_lufa/common/debug.o
 .data          0x00800100        0x0 obj_Minorca_lufa/common/util.o
 .data          0x00800100        0x0 obj_Minorca_lufa/common/hook.o
 .data          0x00800100        0x0 obj_Minorca_lufa/common/avr/suspend.o
 .data          0x00800100        0x0 obj_Minorca_lufa/common/avr/xprintf.o
 .data          0x00800100        0x0 obj_Minorca_lufa/common/avr/timer.o
 .data          0x00800100        0x0 obj_Minorca_lufa/common/avr/bootloader.o
 .data          0x00800100        0x0 obj_Minorca_lufa/common/keymap.o
 .data          0x00800100        0x0 obj_Minorca_lufa/common/bootmagic.o
 .data          0x00800100        0x0 obj_Minorca_lufa/common/avr/eeconfig.o
 .data          0x00800100        0x0 obj_Minorca_lufa/common/mousekey.o
 .data          0x00800100        0x0 obj_Minorca_lufa/common/command.o
 .data          0x00800100        0x0 /usr/local/CrossPack-AVR-20131216/lib/gcc/avr/4.8.1/../../../../avr/lib/avr5/libm.a(fixsfsi.o)
 .data          0x00800100        0x0 /usr/local/CrossPack-AVR-20131216/lib/gcc/avr/4.8.1/../../../../avr/lib/avr5/libm.a(fixunssfsi.o)
 .data          0x00800100        0x0 /usr/local/CrossPack-AVR-20131216/lib/gcc/avr/4.8.1/../../../../avr/lib/avr5/libm.a(floatsisf.o)
 .data          0x00800100        0x0 /usr/local/CrossPack-AVR-20131216/lib/gcc/avr/4.8.1/../../../../avr/lib/avr5/libm.a(fp_split3.o)
 .data          0x00800100        0x0 /usr/local/CrossPack-AVR-20131216/lib/gcc/avr/4.8.1/../../../../avr/lib/avr5/libm.a(fp_zero.o)
 .data          0x00800100        0x0 /usr/local/CrossPack-AVR-20131216/lib/gcc/avr/4.8.1/../../../../avr/lib/avr5/libm.a(mulsf3.o)
 .data          0x00800100        0x0 /usr/local/CrossPack-AVR-20131216/lib/gcc/avr/4.8.1/../../../../avr/lib/avr5/libm.a(mulsf3x.o)
 .data          0x00800100        0x0 /usr/local/CrossPack-AVR-20131216/lib/gcc/avr/4.8.1/../../../../avr/lib/avr5/libm.a(fp_inf.o)
 .data          0x00800100        0x0 /usr/local/CrossPack-AVR-20131216/lib/gcc/avr/4.8.1/../../../../avr/lib/avr5/libm.a(fp_nan.o)
 .data          0x00800100        0x0 /usr/local/CrossPack-AVR-20131216/lib/gcc/avr/4.8.1/../../../../avr/lib/avr5/libm.a(fp_pscA.o)
 .data          0x00800100        0x0 /usr/local/CrossPack-AVR-20131216/lib/gcc/avr/4.8.1/../../../../avr/lib/avr5/libm.a(fp_pscB.o)
 .data          0x00800100        0x0 /usr/local/CrossPack-AVR-20131216/lib/gcc/avr/4.8.1/../../../../avr/lib/avr5/libm.a(fp_round.o)
 .data          0x00800100        0x0 /usr/local/CrossPack-AVR-20131216/lib/gcc/avr/4.8.1/avr5/libgcc.a(_udivmodqi4.o)
 .data          0x00800100        0x0 /usr/local/CrossPack-AVR-20131216/lib/gcc/avr/4.8.1/avr5/libgcc.a(_divmodhi4.o)
 .data          0x00800100        0x0 /usr/local/CrossPack-AVR-20131216/lib/gcc/avr/4.8.1/avr5/libgcc.a(_exit.o)
 .data          0x00800100        0x0 /usr/local/CrossPack-AVR-20131216/lib/gcc/avr/4.8.1/avr5/libgcc.a(_tablejump.o)
 .data          0x00800100        0x0 /usr/local/CrossPack-AVR-20131216/lib/gcc/avr/4.8.1/avr5/libgcc.a(_copy_data.o)
 .data          0x00800100        0x0 /usr/local/CrossPack-AVR-20131216/lib/gcc/avr/4.8.1/avr5/libgcc.a(_clear_bss.o)
 .data          0x00800100        0x0 /usr/local/CrossPack-AVR-20131216/lib/gcc/avr/4.8.1/avr5/libgcc.a(_udivmodhi4.o)
 .data          0x00800100        0x0 /usr/local/CrossPack-AVR-20131216/lib/gcc/avr/4.8.1/../../../../avr/lib/avr5/libc.a(eerd_byte_atmega32u4.o)
 .data          0x00800100        0x0 /usr/local/CrossPack-AVR-20131216/lib/gcc/avr/4.8.1/../../../../avr/lib/avr5/libc.a(eerd_word_atmega32u4.o)
 .data          0x00800100        0x0 /usr/local/CrossPack-AVR-20131216/lib/gcc/avr/4.8.1/../../../../avr/lib/avr5/libc.a(eeupd_byte_atmega32u4.o)
 .data          0x00800100        0x0 /usr/local/CrossPack-AVR-20131216/lib/gcc/avr/4.8.1/../../../../avr/lib/avr5/libc.a(eewr_byte_atmega32u4.o)
 .data          0x00800100        0x0 /usr/local/CrossPack-AVR-20131216/lib/gcc/avr/4.8.1/../../../../avr/lib/avr5/libc.a(eewr_word_atmega32u4.o)
 .data          0x00800100        0x0 /usr/local/CrossPack-AVR-20131216/lib/gcc/avr/4.8.1/../../../../avr/lib/avr5/libc.a(eerd_block_atmega32u4.o)
 *(.data*)
 .data.debouncing
                0x00800100        0x1 obj_Minorca_lufa/matrix.o
 .data.lufa_driver
                0x00800101        0xa obj_Minorca_lufa/protocol/lufa/lufa.o
                0x00800101                lufa_driver
 .data.keyboard_protocol
                0x0080010b        0x1 obj_Minorca_lufa/protocol/lufa/lufa.o
                0x0080010b                keyboard_protocol
 .data.keyboard_nkro
                0x0080010c        0x1 obj_Minorca_lufa/common/host.o
                0x0080010c                keyboard_nkro
 .data.keyboard_report
                0x0080010d        0x2 obj_Minorca_lufa/common/action_util.o
                0x0080010d                keyboard_report
 .data.mk_wheel_time_to_max
                0x0080010f        0x1 obj_Minorca_lufa/common/mousekey.o
                0x0080010f                mk_wheel_time_to_max
 .data.mk_wheel_max_speed
                0x00800110        0x1 obj_Minorca_lufa/common/mousekey.o
                0x00800110                mk_wheel_max_speed
 .data.mk_time_to_max
                0x00800111        0x1 obj_Minorca_lufa/common/mousekey.o
                0x00800111                mk_time_to_max
 .data.mk_max_speed
                0x00800112        0x1 obj_Minorca_lufa/common/mousekey.o
                0x00800112                mk_max_speed
 .data.mk_interval
                0x00800113        0x1 obj_Minorca_lufa/common/mousekey.o
                0x00800113                mk_interval
 .data.mk_delay
                0x00800114        0x1 obj_Minorca_lufa/common/mousekey.o
                0x00800114                mk_delay
 *(.rodata)
 *(.rodata*)
 .rodata.CSWTCH.3
                0x00800115        0x5 obj_Minorca_lufa/protocol/lufa/descriptor.o
 .rodata.CSWTCH.2
                0x0080011a        0xa obj_Minorca_lufa/protocol/lufa/descriptor.o
 .rodata.CSWTCH.1
                0x00800124        0xa obj_Minorca_lufa/protocol/lufa/descriptor.o
 .rodata.CSWTCH.43
                0x0080012e        0xa obj_Minorca_lufa/common/command.o
 *(.gnu.linkonce.d*)
                0x00800138                . = ALIGN (0x2)
                0x00800138                _edata = .
                0x00800138                PROVIDE (__data_end, .)

.bss            0x00800138       0xa8
                0x00800138                PROVIDE (__bss_start, .)
 *(.bss)
 .bss           0x00800138        0x2 obj_Minorca_lufa/common/avr/xprintf.o
                0x00800138                xfunc_out
 *(.bss*)
 .bss.matrix_debouncing
                0x0080013a        0x8 obj_Minorca_lufa/matrix.o
 .bss.matrix    0x00800142        0x8 obj_Minorca_lufa/matrix.o
 .bss.timeouted.4740
                0x0080014a        0x1 obj_Minorca_lufa/protocol/lufa/lufa.o
 .bss.count.4670
                0x0080014b        0x1 obj_Minorca_lufa/protocol/lufa/lufa.o
 .bss.console_flush
                0x0080014c        0x1 obj_Minorca_lufa/protocol/lufa/lufa.o
 .bss.keyboard_report_sent
                0x0080014d       0x10 obj_Minorca_lufa/protocol/lufa/lufa.o
 .bss.keyboard_led_stats
                0x0080015d        0x1 obj_Minorca_lufa/protocol/lufa/lufa.o
 .bss.keyboard_idle
                0x0080015e        0x1 obj_Minorca_lufa/protocol/lufa/lufa.o
                0x0080015e                keyboard_idle
 .bss.last_consumer_report
                0x0080015f        0x2 obj_Minorca_lufa/common/host.o
 .bss.last_system_report
                0x00800161        0x2 obj_Minorca_lufa/common/host.o
 .bss.driver    0x00800163        0x2 obj_Minorca_lufa/common/host.o
 .bss.led_status.4734
                0x00800165        0x1 obj_Minorca_lufa/common/keyboard.o
 .bss.matrix_prev.4733
                0x00800166        0x8 obj_Minorca_lufa/common/keyboard.o
 .bss.waiting_buffer_tail
                0x0080016e        0x1 obj_Minorca_lufa/common/action_tapping.o
 .bss.waiting_buffer_head
                0x0080016f        0x1 obj_Minorca_lufa/common/action_tapping.o
 .bss.waiting_buffer
                0x00800170       0x30 obj_Minorca_lufa/common/action_tapping.o
 .bss.tapping_key
                0x008001a0        0x6 obj_Minorca_lufa/common/action_tapping.o
 .bss.layer_state
                0x008001a6        0x4 obj_Minorca_lufa/common/action_layer.o
                0x008001a6                layer_state
 .bss.default_layer_state
                0x008001aa        0x4 obj_Minorca_lufa/common/action_layer.o
                0x008001aa                default_layer_state
 .bss.oneshot_mods
                0x008001ae        0x1 obj_Minorca_lufa/common/action_util.o
 .bss.__compound_literal.0
                0x008001af       0x10 obj_Minorca_lufa/common/action_util.o
 .bss.weak_mods
                0x008001bf        0x1 obj_Minorca_lufa/common/action_util.o
 .bss.real_mods
                0x008001c0        0x1 obj_Minorca_lufa/common/action_util.o
 .bss.debug_config
                0x008001c1        0x1 obj_Minorca_lufa/common/debug.o
                0x008001c1                debug_config
 .bss.wdt_timeout
                0x008001c2        0x1 obj_Minorca_lufa/common/avr/suspend.o
 .bss.timer_count
                0x008001c3        0x4 obj_Minorca_lufa/common/avr/timer.o
                0x008001c3                timer_count
 .bss.last_timer
                0x008001c7        0x2 obj_Minorca_lufa/common/mousekey.o
 .bss.mousekey_accel
                0x008001c9        0x1 obj_Minorca_lufa/common/mousekey.o
 .bss.mousekey_repeat
                0x008001ca        0x1 obj_Minorca_lufa/common/mousekey.o
 .bss.mouse_report
                0x008001cb        0x5 obj_Minorca_lufa/common/mousekey.o
 .bss.mousekey_param
                0x008001d0        0x1 obj_Minorca_lufa/common/command.o
 .bss.command_state
                0x008001d1        0x1 obj_Minorca_lufa/common/command.o
                0x008001d1                command_state
 *(COMMON)
 COMMON         0x008001d2        0x3 obj_Minorca_lufa/protocol/lufa/LUFA-git/LUFA/Drivers/USB/Core/DeviceStandardReq.o
                0x008001d2                USB_Device_ConfigurationNumber
                0x008001d3                USB_Device_CurrentlySelfPowered
                0x008001d4                USB_Device_RemoteWakeupEnabled
 COMMON         0x008001d5        0xa obj_Minorca_lufa/protocol/lufa/LUFA-git/LUFA/Drivers/USB/Core/USBTask.o
                0x008001d5                USB_IsInitialized
                0x008001d6                USB_DeviceState
                0x008001d7                USB_ControlRequest
 COMMON         0x008001df        0x1 obj_Minorca_lufa/common/bootmagic.o
                0x008001df                keymap_config
                0x008001e0                PROVIDE (__bss_end, .)
                0x000054ea                __data_load_start = LOADADDR (.data)
                0x00005522                __data_load_end = (__data_load_start + SIZEOF (.data))

.noinit         0x008001e0        0x4
                0x008001e0                PROVIDE (__noinit_start, .)
 *(.noinit*)
 .noinit        0x008001e0        0x4 obj_Minorca_lufa/common/avr/bootloader.o
                0x008001e0                reset_key
                0x008001e4                PROVIDE (__noinit_end, .)
                0x008001e4                _end = .
                0x008001e4                PROVIDE (__heap_start, .)

.eeprom         0x00810000        0x0
 *(.eeprom*)
                0x00810000                __eeprom_end = .

.fuse
 *(.fuse)
 *(.lfuse)
 *(.hfuse)
 *(.efuse)

.lock
 *(.lock*)

.signature
 *(.signature*)

.user_signatures
 *(.user_signatures*)

.stab           0x00000000      0x8b8
 *(.stab)
 .stab          0x00000000      0x8b8 obj_Minorca_lufa/common/avr/xprintf.o

.stabstr        0x00000000       0x90
 *(.stabstr)
 .stabstr       0x00000000       0x90 obj_Minorca_lufa/common/avr/xprintf.o

.stab.excl
 *(.stab.excl)

.stab.exclstr
 *(.stab.exclstr)

.stab.index
 *(.stab.index)

.stab.indexstr
 *(.stab.indexstr)

.comment        0x00000000       0x11
 *(.comment)
 .comment       0x00000000       0x11 obj_Minorca_lufa/keymap_minorca.o
                                 0x12 (size before relaxing)
 .comment       0x00000000       0x12 obj_Minorca_lufa/keymap_common.o
 .comment       0x00000000       0x12 obj_Minorca_lufa/matrix.o
 .comment       0x00000000       0x12 obj_Minorca_lufa/led.o
 .comment       0x00000000       0x12 obj_Minorca_lufa/protocol/lufa/lufa.o
 .comment       0x00000000       0x12 obj_Minorca_lufa/protocol/lufa/descriptor.o
 .comment       0x00000000       0x12 obj_Minorca_lufa/protocol/lufa/LUFA-git/LUFA/Drivers/USB/Class/Common/HIDParser.o
 .comment       0x00000000       0x12 obj_Minorca_lufa/protocol/lufa/LUFA-git/LUFA/Drivers/USB/Core/AVR8/Device_AVR8.o
 .comment       0x00000000       0x12 obj_Minorca_lufa/protocol/lufa/LUFA-git/LUFA/Drivers/USB/Core/AVR8/EndpointStream_AVR8.o
 .comment       0x00000000       0x12 obj_Minorca_lufa/protocol/lufa/LUFA-git/LUFA/Drivers/USB/Core/AVR8/Endpoint_AVR8.o
 .comment       0x00000000       0x12 obj_Minorca_lufa/protocol/lufa/LUFA-git/LUFA/Drivers/USB/Core/AVR8/Host_AVR8.o
 .comment       0x00000000       0x12 obj_Minorca_lufa/protocol/lufa/LUFA-git/LUFA/Drivers/USB/Core/AVR8/PipeStream_AVR8.o
 .comment       0x00000000       0x12 obj_Minorca_lufa/protocol/lufa/LUFA-git/LUFA/Drivers/USB/Core/AVR8/Pipe_AVR8.o
 .comment       0x00000000       0x12 obj_Minorca_lufa/protocol/lufa/LUFA-git/LUFA/Drivers/USB/Core/AVR8/USBController_AVR8.o
 .comment       0x00000000       0x12 obj_Minorca_lufa/protocol/lufa/LUFA-git/LUFA/Drivers/USB/Core/AVR8/USBInterrupt_AVR8.o
 .comment       0x00000000       0x12 obj_Minorca_lufa/protocol/lufa/LUFA-git/LUFA/Drivers/USB/Core/ConfigDescriptors.o
 .comment       0x00000000       0x12 obj_Minorca_lufa/protocol/lufa/LUFA-git/LUFA/Drivers/USB/Core/DeviceStandardReq.o
 .comment       0x00000000       0x12 obj_Minorca_lufa/protocol/lufa/LUFA-git/LUFA/Drivers/USB/Core/Events.o
 .comment       0x00000000       0x12 obj_Minorca_lufa/protocol/lufa/LUFA-git/LUFA/Drivers/USB/Core/HostStandardReq.o
 .comment       0x00000000       0x12 obj_Minorca_lufa/protocol/lufa/LUFA-git/LUFA/Drivers/USB/Core/USBTask.o
 .comment       0x00000000       0x12 obj_Minorca_lufa/common/host.o
 .comment       0x00000000       0x12 obj_Minorca_lufa/common/keyboard.o
 .comment       0x00000000       0x12 obj_Minorca_lufa/common/action.o
 .comment       0x00000000       0x12 obj_Minorca_lufa/common/action_tapping.o
 .comment       0x00000000       0x12 obj_Minorca_lufa/common/action_macro.o
 .comment       0x00000000       0x12 obj_Minorca_lufa/common/action_layer.o
 .comment       0x00000000       0x12 obj_Minorca_lufa/common/action_util.o
 .comment       0x00000000       0x12 obj_Minorca_lufa/common/print.o
 .comment       0x00000000       0x12 obj_Minorca_lufa/common/debug.o
 .comment       0x00000000       0x12 obj_Minorca_lufa/common/util.o
 .comment       0x00000000       0x12 obj_Minorca_lufa/common/hook.o
 .comment       0x00000000       0x12 obj_Minorca_lufa/common/avr/suspend.o
 .comment       0x00000000       0x12 obj_Minorca_lufa/common/avr/timer.o
 .comment       0x00000000       0x12 obj_Minorca_lufa/common/avr/bootloader.o
 .comment       0x00000000       0x12 obj_Minorca_lufa/common/keymap.o
 .comment       0x00000000       0x12 obj_Minorca_lufa/common/bootmagic.o
 .comment       0x00000000       0x12 obj_Minorca_lufa/common/avr/eeconfig.o
 .comment       0x00000000       0x12 obj_Minorca_lufa/common/mousekey.o
 .comment       0x00000000       0x12 obj_Minorca_lufa/common/command.o

.debug
 *(.debug)

.line
 *(.line)

.debug_srcinfo
 *(.debug_srcinfo)

.debug_sfnames
 *(.debug_sfnames)

.debug_aranges  0x00000000      0xb30
 *(.debug_aranges)
 .debug_aranges
                0x00000000       0x18 obj_Minorca_lufa/keymap_minorca.o
 .debug_aranges
                0x00000018       0x28 obj_Minorca_lufa/keymap_common.o
 .debug_aranges
                0x00000040       0x68 obj_Minorca_lufa/matrix.o
 .debug_aranges
                0x000000a8       0x20 obj_Minorca_lufa/led.o
 .debug_aranges
                0x000000c8       0xb8 obj_Minorca_lufa/protocol/lufa/lufa.o
 .debug_aranges
                0x00000180       0x20 obj_Minorca_lufa/protocol/lufa/descriptor.o
 .debug_aranges
                0x000001a0       0x38 obj_Minorca_lufa/protocol/lufa/LUFA-git/LUFA/Drivers/USB/Class/Common/HIDParser.o
 .debug_aranges
                0x000001d8       0x20 obj_Minorca_lufa/protocol/lufa/LUFA-git/LUFA/Drivers/USB/Core/AVR8/Device_AVR8.o
 .debug_aranges
                0x000001f8       0xc8 obj_Minorca_lufa/protocol/lufa/LUFA-git/LUFA/Drivers/USB/Core/AVR8/EndpointStream_AVR8.o
 .debug_aranges
                0x000002c0       0x40 obj_Minorca_lufa/protocol/lufa/LUFA-git/LUFA/Drivers/USB/Core/AVR8/Endpoint_AVR8.o
 .debug_aranges
                0x00000300       0x18 obj_Minorca_lufa/protocol/lufa/LUFA-git/LUFA/Drivers/USB/Core/AVR8/Host_AVR8.o
 .debug_aranges
                0x00000318       0x18 obj_Minorca_lufa/protocol/lufa/LUFA-git/LUFA/Drivers/USB/Core/AVR8/PipeStream_AVR8.o
 .debug_aranges
                0x00000330       0x18 obj_Minorca_lufa/protocol/lufa/LUFA-git/LUFA/Drivers/USB/Core/AVR8/Pipe_AVR8.o
 .debug_aranges
                0x00000348       0x30 obj_Minorca_lufa/protocol/lufa/LUFA-git/LUFA/Drivers/USB/Core/AVR8/USBController_AVR8.o
 .debug_aranges
                0x00000378       0x38 obj_Minorca_lufa/protocol/lufa/LUFA-git/LUFA/Drivers/USB/Core/AVR8/USBInterrupt_AVR8.o
 .debug_aranges
                0x000003b0       0x40 obj_Minorca_lufa/protocol/lufa/LUFA-git/LUFA/Drivers/USB/Core/ConfigDescriptors.o
 .debug_aranges
                0x000003f0       0x20 obj_Minorca_lufa/protocol/lufa/LUFA-git/LUFA/Drivers/USB/Core/DeviceStandardReq.o
 .debug_aranges
                0x00000410       0x20 obj_Minorca_lufa/protocol/lufa/LUFA-git/LUFA/Drivers/USB/Core/Events.o
 .debug_aranges
                0x00000430       0x18 obj_Minorca_lufa/protocol/lufa/LUFA-git/LUFA/Drivers/USB/Core/HostStandardReq.o
 .debug_aranges
                0x00000448       0x20 obj_Minorca_lufa/protocol/lufa/LUFA-git/LUFA/Drivers/USB/Core/USBTask.o
 .debug_aranges
                0x00000468       0x60 obj_Minorca_lufa/common/host.o
 .debug_aranges
                0x000004c8       0x40 obj_Minorca_lufa/common/keyboard.o
 .debug_aranges
                0x00000508       0x78 obj_Minorca_lufa/common/action.o
 .debug_aranges
                0x00000580       0x40 obj_Minorca_lufa/common/action_tapping.o
 .debug_aranges
                0x000005c0       0x20 obj_Minorca_lufa/common/action_macro.o
 .debug_aranges
                0x000005e0       0xa0 obj_Minorca_lufa/common/action_layer.o
 .debug_aranges
                0x00000680       0xb0 obj_Minorca_lufa/common/action_util.o
 .debug_aranges
                0x00000730       0x20 obj_Minorca_lufa/common/print.o
 .debug_aranges
                0x00000750       0x18 obj_Minorca_lufa/common/debug.o
 .debug_aranges
                0x00000768       0x60 obj_Minorca_lufa/common/util.o
 .debug_aranges
                0x000007c8       0x48 obj_Minorca_lufa/common/hook.o
 .debug_aranges
                0x00000810       0x50 obj_Minorca_lufa/common/avr/suspend.o
 .debug_aranges
                0x00000860       0x50 obj_Minorca_lufa/common/avr/timer.o
 .debug_aranges
                0x000008b0       0x28 obj_Minorca_lufa/common/avr/bootloader.o
 .debug_aranges
                0x000008d8       0x38 obj_Minorca_lufa/common/keymap.o
 .debug_aranges
                0x00000910       0x30 obj_Minorca_lufa/common/bootmagic.o
 .debug_aranges
                0x00000940       0x68 obj_Minorca_lufa/common/avr/eeconfig.o
 .debug_aranges
                0x000009a8       0x50 obj_Minorca_lufa/common/mousekey.o
 .debug_aranges
                0x000009f8       0x58 obj_Minorca_lufa/common/command.o
 .debug_aranges
                0x00000a50       0x20 /usr/local/CrossPack-AVR-20131216/lib/gcc/avr/4.8.1/avr5/libgcc.a(_udivmodqi4.o)
 .debug_aranges
                0x00000a70       0x20 /usr/local/CrossPack-AVR-20131216/lib/gcc/avr/4.8.1/avr5/libgcc.a(_divmodhi4.o)
 .debug_aranges
                0x00000a90       0x20 /usr/local/CrossPack-AVR-20131216/lib/gcc/avr/4.8.1/avr5/libgcc.a(_exit.o)
 .debug_aranges
                0x00000ab0       0x20 /usr/local/CrossPack-AVR-20131216/lib/gcc/avr/4.8.1/avr5/libgcc.a(_tablejump.o)
 .debug_aranges
                0x00000ad0       0x20 /usr/local/CrossPack-AVR-20131216/lib/gcc/avr/4.8.1/avr5/libgcc.a(_copy_data.o)
 .debug_aranges
                0x00000af0       0x20 /usr/local/CrossPack-AVR-20131216/lib/gcc/avr/4.8.1/avr5/libgcc.a(_clear_bss.o)
 .debug_aranges
                0x00000b10       0x20 /usr/local/CrossPack-AVR-20131216/lib/gcc/avr/4.8.1/avr5/libgcc.a(_udivmodhi4.o)

.debug_pubnames
 *(.debug_pubnames)

.debug_info     0x00000000    0x10c65
 *(.debug_info)
 .debug_info    0x00000000      0x84f obj_Minorca_lufa/keymap_minorca.o
 .debug_info    0x0000084f      0x66a obj_Minorca_lufa/keymap_common.o
 .debug_info    0x00000eb9      0x55b obj_Minorca_lufa/matrix.o
 .debug_info    0x00001414       0x91 obj_Minorca_lufa/led.o
 .debug_info    0x000014a5     0x15ed obj_Minorca_lufa/protocol/lufa/lufa.o
 .debug_info    0x00002a92      0x818 obj_Minorca_lufa/protocol/lufa/descriptor.o
 .debug_info    0x000032aa      0x73e obj_Minorca_lufa/protocol/lufa/LUFA-git/LUFA/Drivers/USB/Class/Common/HIDParser.o
 .debug_info    0x000039e8       0xd2 obj_Minorca_lufa/protocol/lufa/LUFA-git/LUFA/Drivers/USB/Core/AVR8/Device_AVR8.o
 .debug_info    0x00003aba     0x17b4 obj_Minorca_lufa/protocol/lufa/LUFA-git/LUFA/Drivers/USB/Core/AVR8/EndpointStream_AVR8.o
 .debug_info    0x0000526e      0x614 obj_Minorca_lufa/protocol/lufa/LUFA-git/LUFA/Drivers/USB/Core/AVR8/Endpoint_AVR8.o
 .debug_info    0x00005882       0x56 obj_Minorca_lufa/protocol/lufa/LUFA-git/LUFA/Drivers/USB/Core/AVR8/Host_AVR8.o
 .debug_info    0x000058d8       0x56 obj_Minorca_lufa/protocol/lufa/LUFA-git/LUFA/Drivers/USB/Core/AVR8/PipeStream_AVR8.o
 .debug_info    0x0000592e       0x56 obj_Minorca_lufa/protocol/lufa/LUFA-git/LUFA/Drivers/USB/Core/AVR8/Pipe_AVR8.o
 .debug_info    0x00005984      0x4cb obj_Minorca_lufa/protocol/lufa/LUFA-git/LUFA/Drivers/USB/Core/AVR8/USBController_AVR8.o
 .debug_info    0x00005e4f      0x7c4 obj_Minorca_lufa/protocol/lufa/LUFA-git/LUFA/Drivers/USB/Core/AVR8/USBInterrupt_AVR8.o
 .debug_info    0x00006613      0x3cd obj_Minorca_lufa/protocol/lufa/LUFA-git/LUFA/Drivers/USB/Core/ConfigDescriptors.o
 .debug_info    0x000069e0      0xa57 obj_Minorca_lufa/protocol/lufa/LUFA-git/LUFA/Drivers/USB/Core/DeviceStandardReq.o
 .debug_info    0x00007437       0x78 obj_Minorca_lufa/protocol/lufa/LUFA-git/LUFA/Drivers/USB/Core/Events.o
 .debug_info    0x000074af       0x56 obj_Minorca_lufa/protocol/lufa/LUFA-git/LUFA/Drivers/USB/Core/HostStandardReq.o
 .debug_info    0x00007505      0x26b obj_Minorca_lufa/protocol/lufa/LUFA-git/LUFA/Drivers/USB/Core/USBTask.o
 .debug_info    0x00007770      0x546 obj_Minorca_lufa/common/host.o
 .debug_info    0x00007cb6      0x483 obj_Minorca_lufa/common/keyboard.o
 .debug_info    0x00008139     0x1609 obj_Minorca_lufa/common/action.o
 .debug_info    0x00009742      0xe2e obj_Minorca_lufa/common/action_tapping.o
 .debug_info    0x0000a570      0x88b obj_Minorca_lufa/common/action_macro.o
 .debug_info    0x0000adfb      0x7d3 obj_Minorca_lufa/common/action_layer.o
 .debug_info    0x0000b5ce      0x719 obj_Minorca_lufa/common/action_util.o
 .debug_info    0x0000bce7       0xda obj_Minorca_lufa/common/print.o
 .debug_info    0x0000bdc1       0xfc obj_Minorca_lufa/common/debug.o
 .debug_info    0x0000bebd      0x29b obj_Minorca_lufa/common/util.o
 .debug_info    0x0000c158      0x1ff obj_Minorca_lufa/common/hook.o
 .debug_info    0x0000c357      0x275 obj_Minorca_lufa/common/avr/suspend.o
 .debug_info    0x0000c5cc      0x204 obj_Minorca_lufa/common/avr/timer.o
 .debug_info    0x0000c7d0      0x18a obj_Minorca_lufa/common/avr/bootloader.o
 .debug_info    0x0000c95a      0xe44 obj_Minorca_lufa/common/keymap.o
 .debug_info    0x0000d79e      0xf7b obj_Minorca_lufa/common/bootmagic.o
 .debug_info    0x0000e719      0x3cf obj_Minorca_lufa/common/avr/eeconfig.o
 .debug_info    0x0000eae8      0x7c6 obj_Minorca_lufa/common/mousekey.o
 .debug_info    0x0000f2ae     0x1485 obj_Minorca_lufa/common/command.o
 .debug_info    0x00010733       0xbe /usr/local/CrossPack-AVR-20131216/lib/gcc/avr/4.8.1/avr5/libgcc.a(_udivmodqi4.o)
 .debug_info    0x000107f1       0xbe /usr/local/CrossPack-AVR-20131216/lib/gcc/avr/4.8.1/avr5/libgcc.a(_divmodhi4.o)
 .debug_info    0x000108af       0xbe /usr/local/CrossPack-AVR-20131216/lib/gcc/avr/4.8.1/avr5/libgcc.a(_exit.o)
 .debug_info    0x0001096d       0xbe /usr/local/CrossPack-AVR-20131216/lib/gcc/avr/4.8.1/avr5/libgcc.a(_tablejump.o)
 .debug_info    0x00010a2b       0xbe /usr/local/CrossPack-AVR-20131216/lib/gcc/avr/4.8.1/avr5/libgcc.a(_copy_data.o)
 .debug_info    0x00010ae9       0xbe /usr/local/CrossPack-AVR-20131216/lib/gcc/avr/4.8.1/avr5/libgcc.a(_clear_bss.o)
 .debug_info    0x00010ba7       0xbe /usr/local/CrossPack-AVR-20131216/lib/gcc/avr/4.8.1/avr5/libgcc.a(_udivmodhi4.o)
 *(.gnu.linkonce.wi.*)

.debug_abbrev   0x00000000     0x405f
 *(.debug_abbrev)
 .debug_abbrev  0x00000000       0x9c obj_Minorca_lufa/keymap_minorca.o
 .debug_abbrev  0x0000009c      0x171 obj_Minorca_lufa/keymap_common.o
 .debug_abbrev  0x0000020d      0x2f9 obj_Minorca_lufa/matrix.o
 .debug_abbrev  0x00000506       0x60 obj_Minorca_lufa/led.o
 .debug_abbrev  0x00000566      0x4ba obj_Minorca_lufa/protocol/lufa/lufa.o
 .debug_abbrev  0x00000a20      0x177 obj_Minorca_lufa/protocol/lufa/descriptor.o
 .debug_abbrev  0x00000b97      0x21e obj_Minorca_lufa/protocol/lufa/LUFA-git/LUFA/Drivers/USB/Class/Common/HIDParser.o
 .debug_abbrev  0x00000db5       0x80 obj_Minorca_lufa/protocol/lufa/LUFA-git/LUFA/Drivers/USB/Core/AVR8/Device_AVR8.o
 .debug_abbrev  0x00000e35      0x213 obj_Minorca_lufa/protocol/lufa/LUFA-git/LUFA/Drivers/USB/Core/AVR8/EndpointStream_AVR8.o
 .debug_abbrev  0x00001048      0x222 obj_Minorca_lufa/protocol/lufa/LUFA-git/LUFA/Drivers/USB/Core/AVR8/Endpoint_AVR8.o
 .debug_abbrev  0x0000126a       0x26 obj_Minorca_lufa/protocol/lufa/LUFA-git/LUFA/Drivers/USB/Core/AVR8/Host_AVR8.o
 .debug_abbrev  0x00001290       0x26 obj_Minorca_lufa/protocol/lufa/LUFA-git/LUFA/Drivers/USB/Core/AVR8/PipeStream_AVR8.o
 .debug_abbrev  0x000012b6       0x26 obj_Minorca_lufa/protocol/lufa/LUFA-git/LUFA/Drivers/USB/Core/AVR8/Pipe_AVR8.o
 .debug_abbrev  0x000012dc      0x196 obj_Minorca_lufa/protocol/lufa/LUFA-git/LUFA/Drivers/USB/Core/AVR8/USBController_AVR8.o
 .debug_abbrev  0x00001472      0x234 obj_Minorca_lufa/protocol/lufa/LUFA-git/LUFA/Drivers/USB/Core/AVR8/USBInterrupt_AVR8.o
 .debug_abbrev  0x000016a6      0x183 obj_Minorca_lufa/protocol/lufa/LUFA-git/LUFA/Drivers/USB/Core/ConfigDescriptors.o
 .debug_abbrev  0x00001829      0x2d8 obj_Minorca_lufa/protocol/lufa/LUFA-git/LUFA/Drivers/USB/Core/DeviceStandardReq.o
 .debug_abbrev  0x00001b01       0x44 obj_Minorca_lufa/protocol/lufa/LUFA-git/LUFA/Drivers/USB/Core/Events.o
 .debug_abbrev  0x00001b45       0x26 obj_Minorca_lufa/protocol/lufa/LUFA-git/LUFA/Drivers/USB/Core/HostStandardReq.o
 .debug_abbrev  0x00001b6b      0x168 obj_Minorca_lufa/protocol/lufa/LUFA-git/LUFA/Drivers/USB/Core/USBTask.o
 .debug_abbrev  0x00001cd3      0x229 obj_Minorca_lufa/common/host.o
 .debug_abbrev  0x00001efc      0x233 obj_Minorca_lufa/common/keyboard.o
 .debug_abbrev  0x0000212f      0x2ce obj_Minorca_lufa/common/action.o
 .debug_abbrev  0x000023fd      0x2ef obj_Minorca_lufa/common/action_tapping.o
 .debug_abbrev  0x000026ec      0x1a5 obj_Minorca_lufa/common/action_macro.o
 .debug_abbrev  0x00002891      0x20b obj_Minorca_lufa/common/action_layer.o
 .debug_abbrev  0x00002a9c      0x31c obj_Minorca_lufa/common/action_util.o
 .debug_abbrev  0x00002db8       0x97 obj_Minorca_lufa/common/print.o
 .debug_abbrev  0x00002e4f       0x87 obj_Minorca_lufa/common/debug.o
 .debug_abbrev  0x00002ed6       0xcb obj_Minorca_lufa/common/util.o
 .debug_abbrev  0x00002fa1      0x100 obj_Minorca_lufa/common/hook.o
 .debug_abbrev  0x000030a1      0x1ab obj_Minorca_lufa/common/avr/suspend.o
 .debug_abbrev  0x0000324c      0x11e obj_Minorca_lufa/common/avr/timer.o
 .debug_abbrev  0x0000336a      0x115 obj_Minorca_lufa/common/avr/bootloader.o
 .debug_abbrev  0x0000347f      0x281 obj_Minorca_lufa/common/keymap.o
 .debug_abbrev  0x00003700      0x2aa obj_Minorca_lufa/common/bootmagic.o
 .debug_abbrev  0x000039aa       0xef obj_Minorca_lufa/common/avr/eeconfig.o
 .debug_abbrev  0x00003a99      0x204 obj_Minorca_lufa/common/mousekey.o
 .debug_abbrev  0x00003c9d      0x336 obj_Minorca_lufa/common/command.o
 .debug_abbrev  0x00003fd3       0x14 /usr/local/CrossPack-AVR-20131216/lib/gcc/avr/4.8.1/avr5/libgcc.a(_udivmodqi4.o)
 .debug_abbrev  0x00003fe7       0x14 /usr/local/CrossPack-AVR-20131216/lib/gcc/avr/4.8.1/avr5/libgcc.a(_divmodhi4.o)
 .debug_abbrev  0x00003ffb       0x14 /usr/local/CrossPack-AVR-20131216/lib/gcc/avr/4.8.1/avr5/libgcc.a(_exit.o)
 .debug_abbrev  0x0000400f       0x14 /usr/local/CrossPack-AVR-20131216/lib/gcc/avr/4.8.1/avr5/libgcc.a(_tablejump.o)
 .debug_abbrev  0x00004023       0x14 /usr/local/CrossPack-AVR-20131216/lib/gcc/avr/4.8.1/avr5/libgcc.a(_copy_data.o)
 .debug_abbrev  0x00004037       0x14 /usr/local/CrossPack-AVR-20131216/lib/gcc/avr/4.8.1/avr5/libgcc.a(_clear_bss.o)
 .debug_abbrev  0x0000404b       0x14 /usr/local/CrossPack-AVR-20131216/lib/gcc/avr/4.8.1/avr5/libgcc.a(_udivmodhi4.o)

.debug_line     0x00000000     0x5b67
 *(.debug_line)
 .debug_line    0x00000000       0xe5 obj_Minorca_lufa/keymap_minorca.o
 .debug_line    0x000000e5      0x127 obj_Minorca_lufa/keymap_common.o
 .debug_line    0x0000020c      0x24f obj_Minorca_lufa/matrix.o
 .debug_line    0x0000045b       0x70 obj_Minorca_lufa/led.o
 .debug_line    0x000004cb      0x7ed obj_Minorca_lufa/protocol/lufa/lufa.o
 .debug_line    0x00000cb8      0x206 obj_Minorca_lufa/protocol/lufa/descriptor.o
 .debug_line    0x00000ebe      0x25c obj_Minorca_lufa/protocol/lufa/LUFA-git/LUFA/Drivers/USB/Class/Common/HIDParser.o
 .debug_line    0x0000111a      0x141 obj_Minorca_lufa/protocol/lufa/LUFA-git/LUFA/Drivers/USB/Core/AVR8/Device_AVR8.o
 .debug_line    0x0000125b      0xc93 obj_Minorca_lufa/protocol/lufa/LUFA-git/LUFA/Drivers/USB/Core/AVR8/EndpointStream_AVR8.o
 .debug_line    0x00001eee      0x400 obj_Minorca_lufa/protocol/lufa/LUFA-git/LUFA/Drivers/USB/Core/AVR8/Endpoint_AVR8.o
 .debug_line    0x000022ee       0x1a obj_Minorca_lufa/protocol/lufa/LUFA-git/LUFA/Drivers/USB/Core/AVR8/Host_AVR8.o
 .debug_line    0x00002308       0x1a obj_Minorca_lufa/protocol/lufa/LUFA-git/LUFA/Drivers/USB/Core/AVR8/PipeStream_AVR8.o
 .debug_line    0x00002322       0x1a obj_Minorca_lufa/protocol/lufa/LUFA-git/LUFA/Drivers/USB/Core/AVR8/Pipe_AVR8.o
 .debug_line    0x0000233c      0x30b obj_Minorca_lufa/protocol/lufa/LUFA-git/LUFA/Drivers/USB/Core/AVR8/USBController_AVR8.o
 .debug_line    0x00002647      0x4e0 obj_Minorca_lufa/protocol/lufa/LUFA-git/LUFA/Drivers/USB/Core/AVR8/USBInterrupt_AVR8.o
 .debug_line    0x00002b27      0x198 obj_Minorca_lufa/protocol/lufa/LUFA-git/LUFA/Drivers/USB/Core/ConfigDescriptors.o
 .debug_line    0x00002cbf      0x39c obj_Minorca_lufa/protocol/lufa/LUFA-git/LUFA/Drivers/USB/Core/DeviceStandardReq.o
 .debug_line    0x0000305b       0x71 obj_Minorca_lufa/protocol/lufa/LUFA-git/LUFA/Drivers/USB/Core/Events.o
 .debug_line    0x000030cc       0x1a obj_Minorca_lufa/protocol/lufa/LUFA-git/LUFA/Drivers/USB/Core/HostStandardReq.o
 .debug_line    0x000030e6      0x1ac obj_Minorca_lufa/protocol/lufa/LUFA-git/LUFA/Drivers/USB/Core/USBTask.o
 .debug_line    0x00003292      0x1da obj_Minorca_lufa/common/host.o
 .debug_line    0x0000346c      0x1f5 obj_Minorca_lufa/common/keyboard.o
 .debug_line    0x00003661      0x497 obj_Minorca_lufa/common/action.o
 .debug_line    0x00003af8      0x27c obj_Minorca_lufa/common/action_tapping.o
 .debug_line    0x00003d74      0x198 obj_Minorca_lufa/common/action_macro.o
 .debug_line    0x00003f0c      0x1e0 obj_Minorca_lufa/common/action_layer.o
 .debug_line    0x000040ec      0x2b5 obj_Minorca_lufa/common/action_util.o
 .debug_line    0x000043a1       0xac obj_Minorca_lufa/common/print.o
 .debug_line    0x0000444d       0x80 obj_Minorca_lufa/common/debug.o
 .debug_line    0x000044cd      0x195 obj_Minorca_lufa/common/util.o
 .debug_line    0x00004662       0xdf obj_Minorca_lufa/common/hook.o
 .debug_line    0x00004741      0x1dc obj_Minorca_lufa/common/avr/suspend.o
 .debug_line    0x0000491d      0x124 obj_Minorca_lufa/common/avr/timer.o
 .debug_line    0x00004a41      0x19a obj_Minorca_lufa/common/avr/bootloader.o
 .debug_line    0x00004bdb      0x266 obj_Minorca_lufa/common/keymap.o
 .debug_line    0x00004e41      0x297 obj_Minorca_lufa/common/bootmagic.o
 .debug_line    0x000050d8      0x15d obj_Minorca_lufa/common/avr/eeconfig.o
 .debug_line    0x00005235      0x31f obj_Minorca_lufa/common/mousekey.o
 .debug_line    0x00005554      0x36b obj_Minorca_lufa/common/command.o
 .debug_line    0x000058bf       0x62 /usr/local/CrossPack-AVR-20131216/lib/gcc/avr/4.8.1/avr5/libgcc.a(_udivmodqi4.o)
 .debug_line    0x00005921       0x69 /usr/local/CrossPack-AVR-20131216/lib/gcc/avr/4.8.1/avr5/libgcc.a(_divmodhi4.o)
 .debug_line    0x0000598a       0x58 /usr/local/CrossPack-AVR-20131216/lib/gcc/avr/4.8.1/avr5/libgcc.a(_exit.o)
 .debug_line    0x000059e2       0x5c /usr/local/CrossPack-AVR-20131216/lib/gcc/avr/4.8.1/avr5/libgcc.a(_tablejump.o)
 .debug_line    0x00005a3e       0x61 /usr/local/CrossPack-AVR-20131216/lib/gcc/avr/4.8.1/avr5/libgcc.a(_copy_data.o)
 .debug_line    0x00005a9f       0x5e /usr/local/CrossPack-AVR-20131216/lib/gcc/avr/4.8.1/avr5/libgcc.a(_clear_bss.o)
 .debug_line    0x00005afd       0x6a /usr/local/CrossPack-AVR-20131216/lib/gcc/avr/4.8.1/avr5/libgcc.a(_udivmodhi4.o)

.debug_frame    0x00000000     0x1c3c
 *(.debug_frame)
 .debug_frame   0x00000000       0x34 obj_Minorca_lufa/keymap_common.o
 .debug_frame   0x00000034      0x15c obj_Minorca_lufa/matrix.o
 .debug_frame   0x00000190       0x24 obj_Minorca_lufa/led.o
 .debug_frame   0x000001b4      0x188 obj_Minorca_lufa/protocol/lufa/lufa.o
 .debug_frame   0x0000033c       0x24 obj_Minorca_lufa/protocol/lufa/descriptor.o
 .debug_frame   0x00000360      0x134 obj_Minorca_lufa/protocol/lufa/LUFA-git/LUFA/Drivers/USB/Class/Common/HIDParser.o
 .debug_frame   0x00000494       0x24 obj_Minorca_lufa/protocol/lufa/LUFA-git/LUFA/Drivers/USB/Core/AVR8/Device_AVR8.o
 .debug_frame   0x000004b8      0x414 obj_Minorca_lufa/protocol/lufa/LUFA-git/LUFA/Drivers/USB/Core/AVR8/EndpointStream_AVR8.o
 .debug_frame   0x000008cc       0x7c obj_Minorca_lufa/protocol/lufa/LUFA-git/LUFA/Drivers/USB/Core/AVR8/Endpoint_AVR8.o
 .debug_frame   0x00000948       0x5c obj_Minorca_lufa/protocol/lufa/LUFA-git/LUFA/Drivers/USB/Core/AVR8/USBController_AVR8.o
 .debug_frame   0x000009a4      0x104 obj_Minorca_lufa/protocol/lufa/LUFA-git/LUFA/Drivers/USB/Core/AVR8/USBInterrupt_AVR8.o
 .debug_frame   0x00000aa8      0x124 obj_Minorca_lufa/protocol/lufa/LUFA-git/LUFA/Drivers/USB/Core/ConfigDescriptors.o
 .debug_frame   0x00000bcc       0x3c obj_Minorca_lufa/protocol/lufa/LUFA-git/LUFA/Drivers/USB/Core/DeviceStandardReq.o
 .debug_frame   0x00000c08       0x24 obj_Minorca_lufa/protocol/lufa/LUFA-git/LUFA/Drivers/USB/Core/Events.o
 .debug_frame   0x00000c2c       0x2c obj_Minorca_lufa/protocol/lufa/LUFA-git/LUFA/Drivers/USB/Core/USBTask.o
 .debug_frame   0x00000c58       0xd4 obj_Minorca_lufa/common/host.o
 .debug_frame   0x00000d2c       0xc4 obj_Minorca_lufa/common/keyboard.o
 .debug_frame   0x00000df0      0x150 obj_Minorca_lufa/common/action.o
 .debug_frame   0x00000f40       0xd0 obj_Minorca_lufa/common/action_tapping.o
 .debug_frame   0x00001010       0x50 obj_Minorca_lufa/common/action_macro.o
 .debug_frame   0x00001060      0x19c obj_Minorca_lufa/common/action_layer.o
 .debug_frame   0x000011fc      0x170 obj_Minorca_lufa/common/action_util.o
 .debug_frame   0x0000136c       0x24 obj_Minorca_lufa/common/print.o
 .debug_frame   0x00001390      0x110 obj_Minorca_lufa/common/util.o
 .debug_frame   0x000014a0       0x88 obj_Minorca_lufa/common/hook.o
 .debug_frame   0x00001528       0xb0 obj_Minorca_lufa/common/avr/suspend.o
 .debug_frame   0x000015d8       0xf0 obj_Minorca_lufa/common/avr/timer.o
 .debug_frame   0x000016c8       0x34 obj_Minorca_lufa/common/avr/bootloader.o