Archive member included because of file (symbol)

c:/winavr-20100110/bin/../lib/gcc/avr/4.3.3/../../../../avr/lib/avr5\libm.a(fixsfsi.o)
                              obj_sebright_lufa/common/mousekey.o (__fixsfsi)
c:/winavr-20100110/bin/../lib/gcc/avr/4.3.3/../../../../avr/lib/avr5\libm.a(fixunssfsi.o)
                              c:/winavr-20100110/bin/../lib/gcc/avr/4.3.3/../../../../avr/lib/avr5\libm.a(fixsfsi.o) (__fixunssfsi)
c:/winavr-20100110/bin/../lib/gcc/avr/4.3.3/../../../../avr/lib/avr5\libm.a(floatsisf.o)
                              obj_sebright_lufa/common/mousekey.o (__floatsisf)
c:/winavr-20100110/bin/../lib/gcc/avr/4.3.3/../../../../avr/lib/avr5\libm.a(fp_split3.o)
                              c:/winavr-20100110/bin/../lib/gcc/avr/4.3.3/../../../../avr/lib/avr5\libm.a(fixunssfsi.o) (__fp_splitA)
c:/winavr-20100110/bin/../lib/gcc/avr/4.3.3/../../../../avr/lib/avr5\libm.a(fp_zero.o)
                              c:/winavr-20100110/bin/../lib/gcc/avr/4.3.3/../../../../avr/lib/avr5\libm.a(fixunssfsi.o) (__fp_zero)
c:/winavr-20100110/bin/../lib/gcc/avr/4.3.3/../../../../avr/lib/avr5\libm.a(mulsf3.o)
                              obj_sebright_lufa/common/mousekey.o (__mulsf3)
c:/winavr-20100110/bin/../lib/gcc/avr/4.3.3/../../../../avr/lib/avr5\libm.a(mulsf3x.o)
                              c:/winavr-20100110/bin/../lib/gcc/avr/4.3.3/../../../../avr/lib/avr5\libm.a(mulsf3.o) (__mulsf3x)
c:/winavr-20100110/bin/../lib/gcc/avr/4.3.3/../../../../avr/lib/avr5\libm.a(fp_inf.o)
                              c:/winavr-20100110/bin/../lib/gcc/avr/4.3.3/../../../../avr/lib/avr5\libm.a(mulsf3x.o) (__fp_inf)
c:/winavr-20100110/bin/../lib/gcc/avr/4.3.3/../../../../avr/lib/avr5\libm.a(fp_nan.o)
                              c:/winavr-20100110/bin/../lib/gcc/avr/4.3.3/../../../../avr/lib/avr5\libm.a(mulsf3x.o) (__fp_nan)
c:/winavr-20100110/bin/../lib/gcc/avr/4.3.3/../../../../avr/lib/avr5\libm.a(fp_pscA.o)
                              c:/winavr-20100110/bin/../lib/gcc/avr/4.3.3/../../../../avr/lib/avr5\libm.a(mulsf3x.o) (__fp_pscA)
c:/winavr-20100110/bin/../lib/gcc/avr/4.3.3/../../../../avr/lib/avr5\libm.a(fp_pscB.o)
                              c:/winavr-20100110/bin/../lib/gcc/avr/4.3.3/../../../../avr/lib/avr5\libm.a(mulsf3x.o) (__fp_pscB)
c:/winavr-20100110/bin/../lib/gcc/avr/4.3.3/../../../../avr/lib/avr5\libm.a(fp_round.o)
                              c:/winavr-20100110/bin/../lib/gcc/avr/4.3.3/../../../../avr/lib/avr5\libm.a(mulsf3.o) (__fp_round)
c:/winavr-20100110/bin/../lib/gcc/avr/4.3.3/avr5\libgcc.a(_udivmodqi4.o)
                              obj_sebright_lufa/protocol/lufa/lufa.o (__udivmodqi4)
c:/winavr-20100110/bin/../lib/gcc/avr/4.3.3/avr5\libgcc.a(_divmodhi4.o)
                              obj_sebright_lufa/common/mousekey.o (__divmodhi4)
c:/winavr-20100110/bin/../lib/gcc/avr/4.3.3/avr5\libgcc.a(_exit.o)
                              c:/winavr-20100110/bin/../lib/gcc/avr/4.3.3/../../../../avr/lib/avr5/crtm32u4.o (exit)
c:/winavr-20100110/bin/../lib/gcc/avr/4.3.3/avr5\libgcc.a(_copy_data.o)
                              obj_sebright_lufa/matrix.o (__do_copy_data)
c:/winavr-20100110/bin/../lib/gcc/avr/4.3.3/avr5\libgcc.a(_clear_bss.o)
                              obj_sebright_lufa/matrix.o (__do_clear_bss)
c:/winavr-20100110/bin/../lib/gcc/avr/4.3.3/avr5\libgcc.a(_udivmodhi4.o)
                              c:/winavr-20100110/bin/../lib/gcc/avr/4.3.3/avr5\libgcc.a(_divmodhi4.o) (__udivmodhi4)
c:/winavr-20100110/bin/../lib/gcc/avr/4.3.3/../../../../avr/lib/avr5\libc.a(eerd_byte_atmega32u4.o)
                              obj_sebright_lufa/protocol/lufa/LUFA-git/LUFA/Drivers/USB/Core/AVR8/EndpointStream_AVR8.o (__eerd_byte_m32u4)
c:/winavr-20100110/bin/../lib/gcc/avr/4.3.3/../../../../avr/lib/avr5\libc.a(eerd_word_atmega32u4.o)
                              obj_sebright_lufa/common/avr/eeconfig.o (__eerd_word_m32u4)
c:/winavr-20100110/bin/../lib/gcc/avr/4.3.3/../../../../avr/lib/avr5\libc.a(eeupd_byte_atmega32u4.o)
                              obj_sebright_lufa/protocol/lufa/LUFA-git/LUFA/Drivers/USB/Core/AVR8/EndpointStream_AVR8.o (__eeupd_byte_m32u4)
c:/winavr-20100110/bin/../lib/gcc/avr/4.3.3/../../../../avr/lib/avr5\libc.a(eewr_byte_atmega32u4.o)
                              obj_sebright_lufa/common/avr/eeconfig.o (__eewr_byte_m32u4)
c:/winavr-20100110/bin/../lib/gcc/avr/4.3.3/../../../../avr/lib/avr5\libc.a(eewr_word_atmega32u4.o)
                              obj_sebright_lufa/common/avr/eeconfig.o (__eewr_word_m32u4)
c:/winavr-20100110/bin/../lib/gcc/avr/4.3.3/../../../../avr/lib/avr5\libc.a(eerd_block_atmega32u4.o)
                              c:/winavr-20100110/bin/../lib/gcc/avr/4.3.3/../../../../avr/lib/avr5\libc.a(eerd_word_atmega32u4.o) (__eerd_blraw_m32u4)

Allocating common symbols
Common symbol       size              file

[...]
Memory Configuration

Name             Origin             Length             Attributes
text             0x00000000         0x00020000         xr
data             0x00800060         0x0000ffa0         rw !x
eeprom           0x00810000         0x00010000         rw !x
fuse             0x00820000         0x00000400         rw !x
lock             0x00830000         0x00000400         rw !x
signature        0x00840000         0x00000400         rw !x
*default*        0x00000000         0xffffffff

Linker script and memory map

Address of section .data set to 0x800100
LOAD c:/winavr-20100110/bin/../lib/gcc/avr/4.3.3/../../../../avr/lib/avr5/crtm32u4.o
LOAD obj_sebright_lufa/keymap_sebright.o
LOAD obj_sebright_lufa/keymap_common.o
LOAD obj_sebright_lufa/matrix.o
LOAD obj_sebright_lufa/led.o
LOAD obj_sebright_lufa/protocol/lufa/lufa.o
LOAD obj_sebright_lufa/protocol/lufa/descriptor.o
LOAD obj_sebright_lufa/protocol/lufa/LUFA-git/LUFA/Drivers/USB/Class/Common/HIDParser.o
LOAD obj_sebright_lufa/protocol/lufa/LUFA-git/LUFA/Drivers/USB/Core/AVR8/Device_AVR8.o
LOAD obj_sebright_lufa/protocol/lufa/LUFA-git/LUFA/Drivers/USB/Core/AVR8/EndpointStream_AVR8.o
LOAD obj_sebright_lufa/protocol/lufa/LUFA-git/LUFA/Drivers/USB/Core/AVR8/Endpoint_AVR8.o
LOAD obj_sebright_lufa/protocol/lufa/LUFA-git/LUFA/Drivers/USB/Core/AVR8/Host_AVR8.o
LOAD obj_sebright_lufa/protocol/lufa/LUFA-git/LUFA/Drivers/USB/Core/AVR8/PipeStream_AVR8.o
LOAD obj_sebright_lufa/protocol/lufa/LUFA-git/LUFA/Drivers/USB/Core/AVR8/Pipe_AVR8.o
LOAD obj_sebright_lufa/protocol/lufa/LUFA-git/LUFA/Drivers/USB/Core/AVR8/USBController_AVR8.o
LOAD obj_sebright_lufa/protocol/lufa/LUFA-git/LUFA/Drivers/USB/Core/AVR8/USBInterrupt_AVR8.o
LOAD obj_sebright_lufa/protocol/lufa/LUFA-git/LUFA/Drivers/USB/Core/ConfigDescriptors.o
LOAD obj_sebright_lufa/protocol/lufa/LUFA-git/LUFA/Drivers/USB/Core/DeviceStandardReq.o
LOAD obj_sebright_lufa/protocol/lufa/LUFA-git/LUFA/Drivers/USB/Core/Events.o
LOAD obj_sebright_lufa/protocol/lufa/LUFA-git/LUFA/Drivers/USB/Core/HostStandardReq.o
LOAD obj_sebright_lufa/protocol/lufa/LUFA-git/LUFA/Drivers/USB/Core/USBTask.o
LOAD obj_sebright_lufa/common/host.o
LOAD obj_sebright_lufa/common/keyboard.o
LOAD obj_sebright_lufa/common/action.o
LOAD obj_sebright_lufa/common/action_tapping.o
LOAD obj_sebright_lufa/common/action_macro.o
LOAD obj_sebright_lufa/common/action_layer.o
LOAD obj_sebright_lufa/common/action_util.o
LOAD obj_sebright_lufa/common/print.o
LOAD obj_sebright_lufa/common/debug.o
LOAD obj_sebright_lufa/common/util.o
LOAD obj_sebright_lufa/common/avr/suspend.o
LOAD obj_sebright_lufa/common/avr/xprintf.o
LOAD obj_sebright_lufa/common/avr/timer.o
LOAD obj_sebright_lufa/common/avr/bootloader.o
LOAD obj_sebright_lufa/common/keymap.o
LOAD obj_sebright_lufa/common/bootmagic.o
LOAD obj_sebright_lufa/common/avr/eeconfig.o
LOAD obj_sebright_lufa/common/mousekey.o
LOAD obj_sebright_lufa/common/command.o
LOAD c:/winavr-20100110/bin/../lib/gcc/avr/4.3.3/../../../../avr/lib/avr5\libm.a
LOAD c:/winavr-20100110/bin/../lib/gcc/avr/4.3.3/avr5\libgcc.a
LOAD c:/winavr-20100110/bin/../lib/gcc/avr/4.3.3/../../../../avr/lib/avr5\libc.a
LOAD c:/winavr-20100110/bin/../lib/gcc/avr/4.3.3/avr5\libgcc.a

.hash
 *(.hash)

.dynsym
 *(.dynsym)

.dynstr
 *(.dynstr)

.gnu.version
 *(.gnu.version)

.gnu.version_d
 *(.gnu.version_d)

.gnu.version_r
 *(.gnu.version_r)

.rel.init
 *(.rel.init)

.rela.init
 *(.rela.init)

.rel.text
 *(.rel.text)
 *(.rel.text.*)
 *(.rel.gnu.linkonce.t*)

.rela.text
 *(.rela.text)
 *(.rela.text.*)
 *(.rela.gnu.linkonce.t*)

.rel.fini
 *(.rel.fini)

.rela.fini
 *(.rela.fini)

.rel.rodata
 *(.rel.rodata)
 *(.rel.rodata.*)
 *(.rel.gnu.linkonce.r*)

.rela.rodata
 *(.rela.rodata)
 *(.rela.rodata.*)
 *(.rela.gnu.linkonce.r*)

.rel.data
 *(.rel.data)
 *(.rel.data.*)
 *(.rel.gnu.linkonce.d*)

.rela.data
 *(.rela.data)
 *(.rela.data.*)
 *(.rela.gnu.linkonce.d*)

.rel.ctors
 *(.rel.ctors)

.rela.ctors
 *(.rela.ctors)

.rel.dtors
 *(.rel.dtors)

.rela.dtors
 *(.rela.dtors)

.rel.got
 *(.rel.got)

.rela.got
 *(.rela.got)

.rel.bss
 *(.rel.bss)

.rela.bss
 *(.rela.bss)

.rel.plt
 *(.rel.plt)

.rela.plt
 *(.rela.plt)

.text           0x00000000     0x5aac
 *(.vectors)
 .vectors       0x00000000       0xac c:/winavr-20100110/bin/../lib/gcc/avr/4.3.3/../../../../avr/lib/avr5/crtm32u4.o
                0x00000000                __vectors
                0x00000000                __vector_default
 *(.vectors)
 *(.progmem.gcc*)
 *(.progmem*)
 .progmem.data  0x000000ac      0x130 obj_sebright_lufa/keymap_sebright.o
                0x000000ac                keymaps
                0x000001cc                fn_actions
 .progmem.data  0x000001dc       0x38 obj_sebright_lufa/matrix.o
 .progmem.data  0x00000214       0x3a obj_sebright_lufa/protocol/lufa/lufa.o
 .progmem.data  0x0000024e      0x1f6 obj_sebright_lufa/protocol/lufa/descriptor.o
                0x0000024e                KeyboardReport
                0x00000330                NKROReport
                0x00000310                ConsoleReport
                0x0000040c                ManufacturerString
                0x0000028d                MouseReport
                0x000002da                ExtrakeyReport
                0x00000408                LanguageString
                0x00000369                DeviceDescriptor
                0x00000430                ProductString
                0x0000037b                ConfigurationDescriptor
 .progmem.data  0x00000444       0x1a obj_sebright_lufa/common/host.o
 .progmem.data  0x0000045e       0x1a obj_sebright_lufa/common/keyboard.o
 .progmem.data  0x00000478       0x3c obj_sebright_lufa/common/action_util.o
 .progmem.data  0x000004b4       0x1c obj_sebright_lufa/common/bootmagic.o
 .progmem.data  0x000004d0       0x4a obj_sebright_lufa/common/mousekey.o
 .progmem.data  0x0000051a      0x74c obj_sebright_lufa/common/command.o
                0x00000c66                . = ALIGN (0x2)
                0x00000c66                __trampolines_start = .
 *(.trampolines)
 .trampolines   0x00000c66        0x0 linker stubs
 *(.trampolines*)
                0x00000c66                __trampolines_end = .
 *(.jumptables)
 *(.jumptables*)
 *(.lowtext)
 *(.lowtext*)
                0x00000c66                __ctors_start = .
 *(.ctors)
                0x00000c66                __ctors_end = .
                0x00000c66                __dtors_start = .
 *(.dtors)
                0x00000c66                __dtors_end = .
 SORT(*)(.ctors)
 SORT(*)(.dtors)
 *(.init0)
 .init0         0x00000c66        0x0 c:/winavr-20100110/bin/../lib/gcc/avr/4.3.3/../../../../avr/lib/avr5/crtm32u4.o
                0x00000c66                __init
 *(.init0)
 *(.init1)
 *(.init1)
 *(.init2)
 .init2         0x00000c66        0xc c:/winavr-20100110/bin/../lib/gcc/avr/4.3.3/../../../../avr/lib/avr5/crtm32u4.o
 *(.init2)
 *(.init3)
 .init3         0x00000c72       0x4e obj_sebright_lufa/common/avr/bootloader.o
                0x00000c72                bootloader_jump_after_watchdog_reset
 *(.init3)
 *(.init4)
 .init4         0x00000cc0       0x16 c:/winavr-20100110/bin/../lib/gcc/avr/4.3.3/avr5\libgcc.a(_copy_data.o)
                0x00000cc0                __do_copy_data
 .init4         0x00000cd6       0x10 c:/winavr-20100110/bin/../lib/gcc/avr/4.3.3/avr5\libgcc.a(_clear_bss.o)
                0x00000cd6                __do_clear_bss
 *(.init4)
 *(.init5)
 *(.init5)
 *(.init6)
 *(.init6)
 *(.init7)
 *(.init7)
 *(.init8)
 *(.init8)
 *(.init9)
 .init9         0x00000ce6        0x8 c:/winavr-20100110/bin/../lib/gcc/avr/4.3.3/../../../../avr/lib/avr5/crtm32u4.o
 *(.init9)
 *(.text)
 .text          0x00000cee        0x4 c:/winavr-20100110/bin/../lib/gcc/avr/4.3.3/../../../../avr/lib/avr5/crtm32u4.o
                0x00000cee                __vector_38
                0x00000cee                __vector_22
                0x00000cee                __vector_28
                0x00000cee                __vector_1
                0x00000cee                __vector_32
                0x00000cee                __vector_34
                0x00000cee                __vector_24
                0x00000cee                __bad_interrupt
                0x00000cee                __vector_6
                0x00000cee                __vector_31
                0x00000cee                __vector_35
                0x00000cee                __vector_39
                0x00000cee                __vector_3
                0x00000cee                __vector_23
                0x00000cee                __vector_30
                0x00000cee                __vector_25
                0x00000cee                __vector_13
                0x00000cee                __vector_17
                0x00000cee                __vector_19
                0x00000cee                __vector_7
                0x00000cee                __vector_41
                0x00000cee                __vector_27
                0x00000cee                __vector_5
                0x00000cee                __vector_33
                0x00000cee                __vector_37
                0x00000cee                __vector_4
                0x00000cee                __vector_9
                0x00000cee                __vector_2
                0x00000cee                __vector_15
                0x00000cee                __vector_36
                0x00000cee                __vector_29
                0x00000cee                __vector_40
                0x00000cee                __vector_8
                0x00000cee                __vector_26
                0x00000cee                __vector_14
                0x00000cee                __vector_16
                0x00000cee                __vector_18
                0x00000cee                __vector_20
                0x00000cee                __vector_42
 .text          0x00000cf2      0x15c obj_sebright_lufa/common/avr/xprintf.o
                0x00000e3c                __xprintf
                0x00000d18                xitoa
                0x00000d0a                xputs
                0x00000cf2                xputc
                0x00000e4e                . = ALIGN (0x2)
 *(.text.*)
 .text.keymap_key_to_keycode
                0x00000e4e       0x22 obj_sebright_lufa/keymap_common.o
                0x00000e4e                keymap_key_to_keycode
 .text.keymap_fn_to_action
                0x00000e70       0x14 obj_sebright_lufa/keymap_common.o
                0x00000e70                keymap_fn_to_action
 .text.matrix_get_row
                0x00000e84       0x12 obj_sebright_lufa/matrix.o
                0x00000e84                matrix_get_row
 .text.unselect_rows
                0x00000e96        0xe obj_sebright_lufa/matrix.o
 .text.matrix_init
                0x00000ea4       0x56 obj_sebright_lufa/matrix.o
                0x00000ea4                matrix_init
 .text.matrix_scan
                0x00000efa      0x296 obj_sebright_lufa/matrix.o
                0x00000efa                matrix_scan
 .text.matrix_print
                0x00001190       0x9e obj_sebright_lufa/matrix.o
                0x00001190                matrix_print
 .text.led_set  0x0000122e        0xe obj_sebright_lufa/led.o
                0x0000122e                led_set
 .text.EVENT_USB_Device_StartOfFrame
                0x0000123c       0x80 obj_sebright_lufa/protocol/lufa/lufa.o
                0x0000123c                EVENT_USB_Device_StartOfFrame
 .text.keyboard_leds
                0x000012bc        0x6 obj_sebright_lufa/protocol/lufa/lufa.o
 .text.sendchar
                0x000012c2       0xce obj_sebright_lufa/protocol/lufa/lufa.o
                0x000012c2                sendchar
 .text.send_consumer
                0x00001390       0x6c obj_sebright_lufa/protocol/lufa/lufa.o
 .text.send_system
                0x000013fc       0x6c obj_sebright_lufa/protocol/lufa/lufa.o
 .text.send_mouse
                0x00001468       0x4c obj_sebright_lufa/protocol/lufa/lufa.o
 .text.send_keyboard
                0x000014b4       0xb2 obj_sebright_lufa/protocol/lufa/lufa.o
 .text.EVENT_USB_Device_Suspend
                0x00001566        0xa obj_sebright_lufa/protocol/lufa/lufa.o
                0x00001566                EVENT_USB_Device_Suspend
 .text.EVENT_USB_Device_Reset
                0x00001570        0xa obj_sebright_lufa/protocol/lufa/lufa.o
                0x00001570                EVENT_USB_Device_Reset
 .text.EVENT_USB_Device_Disconnect
                0x0000157a        0xe obj_sebright_lufa/protocol/lufa/lufa.o
                0x0000157a                EVENT_USB_Device_Disconnect
 .text.EVENT_USB_Device_Connect
                0x00001588       0x24 obj_sebright_lufa/protocol/lufa/lufa.o
                0x00001588                EVENT_USB_Device_Connect
 .text.main     0x000015ac       0x9e obj_sebright_lufa/protocol/lufa/lufa.o
                0x000015ac                main
 .text.EVENT_USB_Device_ControlRequest
                0x0000164a      0x17c obj_sebright_lufa/protocol/lufa/lufa.o
                0x0000164a                EVENT_USB_Device_ControlRequest
 .text.EVENT_USB_Device_ConfigurationChanged
                0x000017c6       0x34 obj_sebright_lufa/protocol/lufa/lufa.o
                0x000017c6                EVENT_USB_Device_ConfigurationChanged
 .text.EVENT_USB_Device_WakeUp
                0x000017fa        0xe obj_sebright_lufa/protocol/lufa/lufa.o
                0x000017fa                EVENT_USB_Device_WakeUp
 .text.CALLBACK_USB_GetDescriptor
                0x00001808       0xfe obj_sebright_lufa/protocol/lufa/descriptor.o
                0x00001808                CALLBACK_USB_GetDescriptor
 .text.USB_Device_SendRemoteWakeup
                0x00001906       0x2c obj_sebright_lufa/protocol/lufa/LUFA-git/LUFA/Drivers/USB/Core/AVR8/Device_AVR8.o
                0x00001906                USB_Device_SendRemoteWakeup
 .text.Endpoint_Write_Control_Stream_LE
                0x00001932       0xd4 obj_sebright_lufa/protocol/lufa/LUFA-git/LUFA/Drivers/USB/Core/AVR8/EndpointStream_AVR8.o
                0x00001932                Endpoint_Write_Control_Stream_LE
 .text.Endpoint_Write_Control_PStream_LE
                0x00001a06       0xd6 obj_sebright_lufa/protocol/lufa/LUFA-git/LUFA/Drivers/USB/Core/AVR8/EndpointStream_AVR8.o
                0x00001a06                Endpoint_Write_Control_PStream_LE
 .text.Endpoint_Write_Stream_LE
                0x00001adc       0xa6 obj_sebright_lufa/protocol/lufa/LUFA-git/LUFA/Drivers/USB/Core/AVR8/EndpointStream_AVR8.o
                0x00001adc                Endpoint_Write_Stream_LE
 .text.Endpoint_ConfigureEndpoint_Prv
                0x00001b82       0x70 obj_sebright_lufa/protocol/lufa/LUFA-git/LUFA/Drivers/USB/Core/AVR8/Endpoint_AVR8.o
                0x00001b82                Endpoint_ConfigureEndpoint_Prv
 .text.Endpoint_ClearStatusStage
                0x00001bf2       0x42 obj_sebright_lufa/protocol/lufa/LUFA-git/LUFA/Drivers/USB/Core/AVR8/Endpoint_AVR8.o
                0x00001bf2                Endpoint_ClearStatusStage
 .text.Endpoint_WaitUntilReady
                0x00001c34       0x64 obj_sebright_lufa/protocol/lufa/LUFA-git/LUFA/Drivers/USB/Core/AVR8/Endpoint_AVR8.o
                0x00001c34                Endpoint_WaitUntilReady
 .text.USB_Disable
                0x00001c98       0x34 obj_sebright_lufa/protocol/lufa/LUFA-git/LUFA/Drivers/USB/Core/AVR8/USBController_AVR8.o
                0x00001c98                USB_Disable
 .text.USB_ResetInterface
                0x00001ccc       0x8e obj_sebright_lufa/protocol/lufa/LUFA-git/LUFA/Drivers/USB/Core/AVR8/USBController_AVR8.o
                0x00001ccc                USB_ResetInterface
 .text.USB_Init
                0x00001d5a       0x24 obj_sebright_lufa/protocol/lufa/LUFA-git/LUFA/Drivers/USB/Core/AVR8/USBController_AVR8.o
                0x00001d5a                USB_Init
 .text.USB_INT_DisableAllInterrupts
                0x00001d7e       0x10 obj_sebright_lufa/protocol/lufa/LUFA-git/LUFA/Drivers/USB/Core/AVR8/USBInterrupt_AVR8.o
                0x00001d7e                USB_INT_DisableAllInterrupts
 .text.USB_INT_ClearAllInterrupts
                0x00001d8e        0xa obj_sebright_lufa/protocol/lufa/LUFA-git/LUFA/Drivers/USB/Core/AVR8/USBInterrupt_AVR8.o
                0x00001d8e                USB_INT_ClearAllInterrupts
 .text.__vector_11
                0x00001d98       0x78 obj_sebright_lufa/protocol/lufa/LUFA-git/LUFA/Drivers/USB/Core/AVR8/USBInterrupt_AVR8.o
                0x00001d98                __vector_11
 .text.__vector_10
                0x00001e10      0x1a4 obj_sebright_lufa/protocol/lufa/LUFA-git/LUFA/Drivers/USB/Core/AVR8/USBInterrupt_AVR8.o
                0x00001e10                __vector_10
 .text.USB_Device_ProcessControlRequest
                0x00001fb4      0x2e0 obj_sebright_lufa/protocol/lufa/LUFA-git/LUFA/Drivers/USB/Core/DeviceStandardReq.o
                0x00001fb4                USB_Device_ProcessControlRequest
 .text.host_set_driver
                0x00002294        0xa obj_sebright_lufa/common/host.o
                0x00002294                host_set_driver
 .text.host_keyboard_leds
                0x0000229e       0x1a obj_sebright_lufa/common/host.o
                0x0000229e                host_keyboard_leds
 .text.host_mouse_send
                0x000022b8       0x16 obj_sebright_lufa/common/host.o
                0x000022b8                host_mouse_send
 .text.host_system_send
                0x000022ce       0x30 obj_sebright_lufa/common/host.o
                0x000022ce                host_system_send
 .text.host_consumer_send
                0x000022fe       0x30 obj_sebright_lufa/common/host.o
                0x000022fe                host_consumer_send
 .text.host_keyboard_send
                0x0000232e       0xa0 obj_sebright_lufa/common/host.o
                0x0000232e                host_keyboard_send
 .text.matrix_setup
                0x000023ce        0x2 obj_sebright_lufa/common/keyboard.o
                0x000023ce                matrix_setup
 .text.keyboard_setup
                0x000023d0        0x6 obj_sebright_lufa/common/keyboard.o
                0x000023d0                keyboard_setup
 .text.keyboard_set_leds
                0x000023d6       0x64 obj_sebright_lufa/common/keyboard.o
                0x000023d6                keyboard_set_leds
 .text.keyboard_task
                0x0000243a      0x15e obj_sebright_lufa/common/keyboard.o
                0x0000243a                keyboard_task
 .text.keyboard_init
                0x00002598        0xe obj_sebright_lufa/common/keyboard.o
                0x00002598                keyboard_init
 .text.debug_event
                0x000025a6       0x1e obj_sebright_lufa/common/action.o
                0x000025a6                debug_event
 .text.debug_record
                0x000025c4       0x20 obj_sebright_lufa/common/action.o
                0x000025c4                debug_record
 .text.is_tap_key
                0x000025e4       0x5a obj_sebright_lufa/common/action.o
                0x000025e4                is_tap_key
 .text.clear_keyboard_but_mods
                0x0000263e       0x26 obj_sebright_lufa/common/action.o
                0x0000263e                clear_keyboard_but_mods
 .text.clear_keyboard
                0x00002664        0xa obj_sebright_lufa/common/action.o
                0x00002664                clear_keyboard
 .text.unregister_mods
                0x0000266e        0xe obj_sebright_lufa/common/action.o
                0x0000266e                unregister_mods
 .text.register_mods
                0x0000267c        0xe obj_sebright_lufa/common/action.o
                0x0000267c                register_mods
 .text.unregister_code
                0x0000268a       0xa6 obj_sebright_lufa/common/action.o
                0x0000268a                unregister_code
 .text.register_code
                0x00002730      0x1ae obj_sebright_lufa/common/action.o
                0x00002730                register_code
 .text.process_action
                0x000028de      0x474 obj_sebright_lufa/common/action.o
                0x000028de                process_action
 .text.action_exec
                0x00002d52       0x5c obj_sebright_lufa/common/action.o
                0x00002d52                action_exec
 .text.debug_waiting_buffer
                0x00002dae       0x42 obj_sebright_lufa/common/action_tapping.o
 .text.debug_tapping_key
                0x00002df0       0x1e obj_sebright_lufa/common/action_tapping.o
 .text.waiting_buffer_scan_tap
                0x00002e0e       0xf8 obj_sebright_lufa/common/action_tapping.o
 .text.process_tapping
                0x00002f06      0x4c6 obj_sebright_lufa/common/action_tapping.o
 .text.action_tapping_process
                0x000033cc      0x17e obj_sebright_lufa/common/action_tapping.o
                0x000033cc                action_tapping_process
 .text.action_macro_play
                0x0000354a      0x128 obj_sebright_lufa/common/action_macro.o
                0x0000354a                action_macro_play
 .text.default_layer_debug
                0x00003672        0x2 obj_sebright_lufa/common/action_layer.o
                0x00003672                default_layer_debug
 .text.layer_debug
                0x00003674        0x2 obj_sebright_lufa/common/action_layer.o
                0x00003674                layer_debug
 .text.layer_switch_get_action
                0x00003676       0x92 obj_sebright_lufa/common/action_layer.o
                0x00003676                layer_switch_get_action
 .text.layer_state_set
                0x00003708       0x16 obj_sebright_lufa/common/action_layer.o
 .text.layer_xor
                0x0000371e       0x22 obj_sebright_lufa/common/action_layer.o
                0x0000371e                layer_xor
 .text.layer_and
                0x00003740       0x22 obj_sebright_lufa/common/action_layer.o
                0x00003740                layer_and
 .text.layer_or
                0x00003762       0x22 obj_sebright_lufa/common/action_layer.o
                0x00003762                layer_or
 .text.layer_invert
                0x00003784       0x38 obj_sebright_lufa/common/action_layer.o
                0x00003784                layer_invert
 .text.layer_off
                0x000037bc       0x40 obj_sebright_lufa/common/action_layer.o
                0x000037bc                layer_off
 .text.layer_on
                0x000037fc       0x38 obj_sebright_lufa/common/action_layer.o
                0x000037fc                layer_on
 .text.layer_move
                0x00003834       0x20 obj_sebright_lufa/common/action_layer.o
                0x00003834                layer_move
 .text.layer_clear
                0x00003854        0xe obj_sebright_lufa/common/action_layer.o
                0x00003854                layer_clear
 .text.default_layer_state_set
                0x00003862       0x16 obj_sebright_lufa/common/action_layer.o
 .text.default_layer_xor
                0x00003878       0x22 obj_sebright_lufa/common/action_layer.o
                0x00003878                default_layer_xor
 .text.default_layer_and
                0x0000389a       0x22 obj_sebright_lufa/common/action_layer.o
                0x0000389a                default_layer_and
 .text.default_layer_or
                0x000038bc       0x22 obj_sebright_lufa/common/action_layer.o
                0x000038bc                default_layer_or
 .text.default_layer_set
                0x000038de        0x6 obj_sebright_lufa/common/action_layer.o
                0x000038de                default_layer_set
 .text.clear_keys
                0x000038e4       0x1c obj_sebright_lufa/common/action_util.o
                0x000038e4                clear_keys
 .text.get_mods
                0x00003900        0x6 obj_sebright_lufa/common/action_util.o
                0x00003900                get_mods
 .text.add_mods
                0x00003906        0xc obj_sebright_lufa/common/action_util.o
                0x00003906                add_mods
 .text.del_mods
                0x00003912        0xe obj_sebright_lufa/common/action_util.o
                0x00003912                del_mods
 .text.set_mods
                0x00003920        0x6 obj_sebright_lufa/common/action_util.o
                0x00003920                set_mods
 .text.clear_mods
                0x00003926        0x6 obj_sebright_lufa/common/action_util.o
                0x00003926                clear_mods
 .text.add_weak_mods
                0x0000392c        0xc obj_sebright_lufa/common/action_util.o
                0x0000392c                add_weak_mods
 .text.del_weak_mods
                0x00003938        0xe obj_sebright_lufa/common/action_util.o
                0x00003938                del_weak_mods
 .text.clear_weak_mods
                0x00003946        0x6 obj_sebright_lufa/common/action_util.o
                0x00003946                clear_weak_mods
 .text.set_oneshot_mods
                0x0000394c        0x6 obj_sebright_lufa/common/action_util.o
                0x0000394c                set_oneshot_mods
 .text.clear_oneshot_mods
                0x00003952        0x6 obj_sebright_lufa/common/action_util.o
                0x00003952                clear_oneshot_mods
 .text.has_anykey
                0x00003958       0x1e obj_sebright_lufa/common/action_util.o
                0x00003958                has_anykey
 .text.del_key  0x00003976       0x9c obj_sebright_lufa/common/action_util.o
                0x00003976                del_key
 .text.add_key  0x00003a12       0xb0 obj_sebright_lufa/common/action_util.o
                0x00003a12                add_key
 .text.send_keyboard_report
                0x00003ac2       0x50 obj_sebright_lufa/common/action_util.o
                0x00003ac2                send_keyboard_report
 .text.print_set_sendchar
                0x00003b12        0xa obj_sebright_lufa/common/print.o
                0x00003b12                print_set_sendchar
 .text.bitrev   0x00003b1c       0x44 obj_sebright_lufa/common/util.o
                0x00003b1c                bitrev
 .text.bitrev16
                0x00003b60       0x26 obj_sebright_lufa/common/util.o
                0x00003b60                bitrev16
 .text.suspend_power_down
                0x00003b86       0x4c obj_sebright_lufa/common/avr/suspend.o
                0x00003b86                suspend_power_down
 .text.matrix_power_up
                0x00003bd2        0x2 obj_sebright_lufa/common/avr/suspend.o
                0x00003bd2                matrix_power_up
 .text.matrix_power_down
                0x00003bd4        0x2 obj_sebright_lufa/common/avr/suspend.o
                0x00003bd4                matrix_power_down
 .text.__vector_12
                0x00003bd6       0x52 obj_sebright_lufa/common/avr/suspend.o
                0x00003bd6                __vector_12
 .text.suspend_wakeup_init
                0x00003c28        0x6 obj_sebright_lufa/common/avr/suspend.o
                0x00003c28                suspend_wakeup_init
 .text.suspend_wakeup_condition
                0x00003c2e       0x3c obj_sebright_lufa/common/avr/suspend.o
                0x00003c2e                suspend_wakeup_condition
 .text.timer_init
                0x00003c6a       0x12 obj_sebright_lufa/common/avr/timer.o
                0x00003c6a                timer_init
 .text.timer_read
                0x00003c7c       0x1a obj_sebright_lufa/common/avr/timer.o
                0x00003c7c                timer_read
 .text.timer_read32
                0x00003c96       0x1c obj_sebright_lufa/common/avr/timer.o
                0x00003c96                timer_read32
 .text.timer_elapsed
                0x00003cb2       0x56 obj_sebright_lufa/common/avr/timer.o
                0x00003cb2                timer_elapsed
 .text.__vector_21
                0x00003d08       0x4a obj_sebright_lufa/common/avr/timer.o
                0x00003d08                __vector_21
 .text.bootloader_jump
                0x00003d52       0x48 obj_sebright_lufa/common/avr/bootloader.o
                0x00003d52                bootloader_jump
 .text.action_get_macro
                0x00003d9a        0x6 obj_sebright_lufa/common/keymap.o
                0x00003d9a                action_get_macro
 .text.action_function
                0x00003da0        0x2 obj_sebright_lufa/common/keymap.o
                0x00003da0                action_function
 .text.keycode_to_action
                0x00003da2       0xd6 obj_sebright_lufa/common/keymap.o
 .text.action_for_key
                0x00003e78       0xf6 obj_sebright_lufa/common/keymap.o
                0x00003e78                action_for_key
 .text.scan_key
                0x00003f6e       0x9c obj_sebright_lufa/common/bootmagic.o
 .text.bootmagic_scan_key
                0x0000400a       0x1e obj_sebright_lufa/common/bootmagic.o
                0x0000400a                bootmagic_scan_key
 .text.bootmagic
                0x00004028      0x2d8 obj_sebright_lufa/common/bootmagic.o
                0x00004028                bootmagic
 .text.eeconfig_write_keymap
                0x00004300        0xc obj_sebright_lufa/common/avr/eeconfig.o
                0x00004300                eeconfig_write_keymap
 .text.eeconfig_write_default_layer
                0x0000430c        0xc obj_sebright_lufa/common/avr/eeconfig.o
                0x0000430c                eeconfig_write_default_layer
 .text.eeconfig_write_debug
                0x00004318        0xc obj_sebright_lufa/common/avr/eeconfig.o
                0x00004318                eeconfig_write_debug
 .text.eeconfig_read_keymap
                0x00004324        0xa obj_sebright_lufa/common/avr/eeconfig.o
                0x00004324                eeconfig_read_keymap
 .text.eeconfig_read_default_layer
                0x0000432e        0xa obj_sebright_lufa/common/avr/eeconfig.o
                0x0000432e                eeconfig_read_default_layer
 .text.eeconfig_read_debug
                0x00004338        0xa obj_sebright_lufa/common/avr/eeconfig.o
                0x00004338                eeconfig_read_debug
 .text.eeconfig_is_enabled
                0x00004342       0x16 obj_sebright_lufa/common/avr/eeconfig.o
                0x00004342                eeconfig_is_enabled
 .text.eeconfig_init
                0x00004358       0x36 obj_sebright_lufa/common/avr/eeconfig.o
                0x00004358                eeconfig_init
 .text.move_unit
                0x0000438e       0x90 obj_sebright_lufa/common/mousekey.o
 .text.wheel_unit
                0x0000441e       0x66 obj_sebright_lufa/common/mousekey.o
 .text.mousekey_on
                0x00004484       0xd4 obj_sebright_lufa/common/mousekey.o
                0x00004484                mousekey_on
 .text.mousekey_off
                0x00004558      0x110 obj_sebright_lufa/common/mousekey.o
                0x00004558                mousekey_off
 .text.mousekey_clear
                0x00004668       0x18 obj_sebright_lufa/common/mousekey.o
                0x00004668                mousekey_clear
 .text.mousekey_send
                0x00004680      0x1a0 obj_sebright_lufa/common/mousekey.o
                0x00004680                mousekey_send
 .text.mousekey_task
                0x00004820      0x142 obj_sebright_lufa/common/mousekey.o
                0x00004820                mousekey_task
 .text.command_extra
                0x00004962        0x4 obj_sebright_lufa/common/command.o
                0x00004962                command_extra
 .text.command_console_extra
                0x00004966        0x4 obj_sebright_lufa/common/command.o
                0x00004966                command_console_extra
 .text.command_console_help
                0x0000496a        0xa obj_sebright_lufa/common/command.o
 .text.mousekey_console_help
                0x00004974       0x4a obj_sebright_lufa/common/command.o
 .text.mousekey_param_inc
                0x000049be      0x1ca obj_sebright_lufa/common/command.o
 .text.mousekey_param_dec
                0x00004b88      0x182 obj_sebright_lufa/common/command.o
 .text.switch_default_layer
                0x00004d0a       0x50 obj_sebright_lufa/common/command.o
 .text.command_common
                0x00004d5a      0x6a6 obj_sebright_lufa/common/command.o
 .text.command_proc
                0x00005400      0x39c obj_sebright_lufa/common/command.o
                0x00005400                command_proc
 .text.avr-libc.fplib
                0x0000579c        0xa c:/winavr-20100110/bin/../lib/gcc/avr/4.3.3/../../../../avr/lib/avr5\libm.a(fixsfsi.o)
                0x0000579c                __fixsfsi
 .text.avr-libc.fplib
                0x000057a6       0x58 c:/winavr-20100110/bin/../lib/gcc/avr/4.3.3/../../../../avr/lib/avr5\libm.a(fixunssfsi.o)
                0x000057a6                __fixunssfsi
 .text.avr-libc.fplib
                0x000057fe       0x7a c:/winavr-20100110/bin/../lib/gcc/avr/4.3.3/../../../../avr/lib/avr5\libm.a(floatsisf.o)
                0x00005802                __floatsisf
                0x000057fe                __floatunsisf
 .text.avr-libc.fplib
                0x00005878       0x44 c:/winavr-20100110/bin/../lib/gcc/avr/4.3.3/../../../../avr/lib/avr5\libm.a(fp_split3.o)
                0x00005878                __fp_split3
                0x00005888                __fp_splitA
 .text.avr-libc.fplib
                0x000058bc        0xe c:/winavr-20100110/bin/../lib/gcc/avr/4.3.3/../../../../avr/lib/avr5\libm.a(fp_zero.o)
                0x000058bc                __fp_zero
                0x000058be                __fp_szero
 .text.avr-libc.fplib
                0x000058ca        0x4 c:/winavr-20100110/bin/../lib/gcc/avr/4.3.3/../../../../avr/lib/avr5\libm.a(mulsf3.o)
                0x000058ca                __mulsf3
 .text.avr-libc.fplib
                0x000058ce       0xc2 c:/winavr-20100110/bin/../lib/gcc/avr/4.3.3/../../../../avr/lib/avr5\libm.a(mulsf3x.o)
                0x000058e6                __mulsf3_pse
                0x000058e2                __mulsf3x
 .text.avr-libc.fplib
                0x00005990        0xc c:/winavr-20100110/bin/../lib/gcc/avr/4.3.3/../../../../avr/lib/avr5\libm.a(fp_inf.o)
                0x00005990                __fp_inf
 .text.avr-libc.fplib
                0x0000599c        0x6 c:/winavr-20100110/bin/../lib/gcc/avr/4.3.3/../../../../avr/lib/avr5\libm.a(fp_nan.o)
                0x0000599c                __fp_nan
 .text.avr-libc.fplib
                0x000059a2        0xe c:/winavr-20100110/bin/../lib/gcc/avr/4.3.3/../../../../avr/lib/avr5\libm.a(fp_pscA.o)
                0x000059a2                __fp_pscA
 .text.avr-libc.fplib
                0x000059b0        0xe c:/winavr-20100110/bin/../lib/gcc/avr/4.3.3/../../../../avr/lib/avr5\libm.a(fp_pscB.o)
                0x000059b0                __fp_pscB
 .text.avr-libc.fplib
                0x000059be       0x22 c:/winavr-20100110/bin/../lib/gcc/avr/4.3.3/../../../../avr/lib/avr5\libm.a(fp_round.o)
                0x000059be                __fp_round
 .text.libgcc   0x000059e0       0x18 c:/winavr-20100110/bin/../lib/gcc/avr/4.3.3/avr5\libgcc.a(_udivmodqi4.o)
                0x000059e0                __udivmodqi4
 .text.libgcc   0x000059f8       0x26 c:/winavr-20100110/bin/../lib/gcc/avr/4.3.3/avr5\libgcc.a(_divmodhi4.o)
                0x000059f8                __divmodhi4
                0x000059f8                _div
 .text.libgcc   0x00005a1e       0x28 c:/winavr-20100110/bin/../lib/gcc/avr/4.3.3/avr5\libgcc.a(_udivmodhi4.o)
                0x00005a1e                __udivmodhi4
 .text.avr-libc
                0x00005a46       0x10 c:/winavr-20100110/bin/../lib/gcc/avr/4.3.3/../../../../avr/lib/avr5\libc.a(eerd_byte_atmega32u4.o)
                0x00005a46                __eerd_byte_m32u4
 .text.avr-libc
                0x00005a56        0xc c:/winavr-20100110/bin/../lib/gcc/avr/4.3.3/../../../../avr/lib/avr5\libc.a(eerd_word_atmega32u4.o)
                0x00005a56                __eerd_word_m32u4
 .text.avr-libc
                0x00005a62       0x1c c:/winavr-20100110/bin/../lib/gcc/avr/4.3.3/../../../../avr/lib/avr5\libc.a(eewr_byte_atmega32u4.o)
                0x00005a64                __eewr_r18_m32u4
                0x00005a62                __eewr_byte_m32u4
 .text.avr-libc
                0x00005a7e        0xa c:/winavr-20100110/bin/../lib/gcc/avr/4.3.3/../../../../avr/lib/avr5\libc.a(eewr_word_atmega32u4.o)
                0x00005a7e                __eewr_word_m32u4
 .text.avr-libc
                0x00005a88       0x20 c:/winavr-20100110/bin/../lib/gcc/avr/4.3.3/../../../../avr/lib/avr5\libc.a(eerd_block_atmega32u4.o)
                0x00005a8c                __eerd_blraw_m32u4
                0x00005a88                __eerd_block_m32u4
                0x00005aa8                . = ALIGN (0x2)
 *(.fini9)
 .fini9         0x00005aa8        0x0 c:/winavr-20100110/bin/../lib/gcc/avr/4.3.3/avr5\libgcc.a(_exit.o)
                0x00005aa8                exit
                0x00005aa8                _exit
 *(.fini9)
 *(.fini8)
 *(.fini8)
 *(.fini7)
 *(.fini7)
 *(.fini6)
 *(.fini6)
 *(.fini5)
 *(.fini5)
 *(.fini4)
 *(.fini4)
 *(.fini3)
 *(.fini3)
 *(.fini2)
 *(.fini2)
 *(.fini1)
 *(.fini1)
 *(.fini0)
 .fini0         0x00005aa8        0x4 c:/winavr-20100110/bin/../lib/gcc/avr/4.3.3/avr5\libgcc.a(_exit.o)
 *(.fini0)
                0x00005aac                _etext = .

.data           0x00800100       0x16 load address 0x00005aac
                0x00800100                PROVIDE (__data_start, .)
 *(.data)
 *(.data*)
 .data.debouncing
                0x00800100        0x1 obj_sebright_lufa/matrix.o
 .data.keyboard_protocol
                0x00800101        0x1 obj_sebright_lufa/protocol/lufa/lufa.o
                0x00800101                keyboard_protocol
 .data.lufa_driver
                0x00800102        0xa obj_sebright_lufa/protocol/lufa/lufa.o
                0x00800102                lufa_driver
 .data.keyboard_nkro
                0x0080010c        0x1 obj_sebright_lufa/common/host.o
                0x0080010c                keyboard_nkro
 .data.keyboard_report
                0x0080010d        0x2 obj_sebright_lufa/common/action_util.o
                0x0080010d                keyboard_report
 .data.mk_delay
                0x0080010f        0x1 obj_sebright_lufa/common/mousekey.o
                0x0080010f                mk_delay
 .data.mk_interval
                0x00800110        0x1 obj_sebright_lufa/common/mousekey.o
                0x00800110                mk_interval
 .data.mk_max_speed
                0x00800111        0x1 obj_sebright_lufa/common/mousekey.o
                0x00800111                mk_max_speed
 .data.mk_time_to_max
                0x00800112        0x1 obj_sebright_lufa/common/mousekey.o
                0x00800112                mk_time_to_max
 .data.mk_wheel_max_speed
                0x00800113        0x1 obj_sebright_lufa/common/mousekey.o
                0x00800113                mk_wheel_max_speed
 .data.mk_wheel_time_to_max
                0x00800114        0x1 obj_sebright_lufa/common/mousekey.o
                0x00800114                mk_wheel_time_to_max
 *(.rodata)
 *(.rodata*)
 *(.gnu.linkonce.d*)
                0x00800116                . = ALIGN (0x2)
 *fill*         0x00800115        0x1 00
                0x00800116                _edata = .
                0x00800116                PROVIDE (__data_end, .)

.bss            0x00800116       0xa8
                0x00800116                PROVIDE (__bss_start, .)
 *(.bss)
 .bss           0x00800116        0x2 obj_sebright_lufa/common/avr/xprintf.o
                0x00800116                xfunc_out
 *(.bss*)
 .bss.matrix    0x00800118        0x8 obj_sebright_lufa/matrix.o
 .bss.matrix_debouncing
                0x00800120        0x8 obj_sebright_lufa/matrix.o
 .bss.keyboard_idle
                0x00800128        0x1 obj_sebright_lufa/protocol/lufa/lufa.o
                0x00800128                keyboard_idle
 .bss.keyboard_led_stats
                0x00800129        0x1 obj_sebright_lufa/protocol/lufa/lufa.o
 .bss.console_flush
                0x0080012a        0x1 obj_sebright_lufa/protocol/lufa/lufa.o
 .bss.timeouted.4978
                0x0080012b        0x1 obj_sebright_lufa/protocol/lufa/lufa.o
 .bss.count.4825
                0x0080012c        0x1 obj_sebright_lufa/protocol/lufa/lufa.o
 .bss.keyboard_report_sent
                0x0080012d       0x10 obj_sebright_lufa/protocol/lufa/lufa.o
 .bss.last_consumer_report
                0x0080013d        0x2 obj_sebright_lufa/common/host.o
 .bss.last_system_report
                0x0080013f        0x2 obj_sebright_lufa/common/host.o
 .bss.driver    0x00800141        0x2 obj_sebright_lufa/common/host.o
 .bss.led_status.4881
                0x00800143        0x1 obj_sebright_lufa/common/keyboard.o
 .bss.matrix_prev.4880
                0x00800144        0x8 obj_sebright_lufa/common/keyboard.o
 .bss.tapping_key
                0x0080014c        0x6 obj_sebright_lufa/common/action_tapping.o
 .bss.waiting_buffer_head
                0x00800152        0x1 obj_sebright_lufa/common/action_tapping.o
 .bss.waiting_buffer_tail
                0x00800153        0x1 obj_sebright_lufa/common/action_tapping.o
 .bss.waiting_buffer
                0x00800154       0x30 obj_sebright_lufa/common/action_tapping.o
 .bss.default_layer_state
                0x00800184        0x4 obj_sebright_lufa/common/action_layer.o
                0x00800184                default_layer_state
 .bss.layer_state
                0x00800188        0x4 obj_sebright_lufa/common/action_layer.o
                0x00800188                layer_state
 .bss.__compound_literal.0
                0x0080018c       0x10 obj_sebright_lufa/common/action_util.o
 .bss.real_mods
                0x0080019c        0x1 obj_sebright_lufa/common/action_util.o
 .bss.oneshot_mods
                0x0080019d        0x1 obj_sebright_lufa/common/action_util.o
 .bss.weak_mods
                0x0080019e        0x1 obj_sebright_lufa/common/action_util.o
 .bss.debug_config
                0x0080019f        0x1 obj_sebright_lufa/common/debug.o
                0x0080019f                debug_config
 .bss.wdt_timeout
                0x008001a0        0x1 obj_sebright_lufa/common/avr/suspend.o
 .bss.timer_count
                0x008001a1        0x4 obj_sebright_lufa/common/avr/timer.o
                0x008001a1                timer_count
 .bss.mouse_report
                0x008001a5        0x5 obj_sebright_lufa/common/mousekey.o
 .bss.mousekey_repeat
                0x008001aa        0x1 obj_sebright_lufa/common/mousekey.o
 .bss.mousekey_accel
                0x008001ab        0x1 obj_sebright_lufa/common/mousekey.o
 .bss.last_timer
                0x008001ac        0x2 obj_sebright_lufa/common/mousekey.o
 .bss.command_state
                0x008001ae        0x1 obj_sebright_lufa/common/command.o
                0x008001ae                command_state
 .bss.mousekey_param
                0x008001af        0x1 obj_sebright_lufa/common/command.o
 *(COMMON)
 COMMON         0x008001b0        0x3 obj_sebright_lufa/protocol/lufa/LUFA-git/LUFA/Drivers/USB/Core/DeviceStandardReq.o
                0x008001b0                USB_Device_ConfigurationNumber
                0x008001b1                USB_Device_CurrentlySelfPowered
                0x008001b2                USB_Device_RemoteWakeupEnabled
 COMMON         0x008001b3        0xa obj_sebright_lufa/protocol/lufa/LUFA-git/LUFA/Drivers/USB/Core/USBTask.o
                0x008001b3                USB_IsInitialized
                0x008001b4                USB_DeviceState
                0x008001b5                USB_ControlRequest
 COMMON         0x008001bd        0x1 obj_sebright_lufa/common/bootmagic.o
                0x008001bd                keymap_config
                0x008001be                PROVIDE (__bss_end, .)
                0x00005aac                __data_load_start = LOADADDR (.data)
                0x00005ac2                __data_load_end = (__data_load_start + SIZEOF (.data))

.noinit         0x008001be        0x4
                0x008001be                PROVIDE (__noinit_start, .)
 *(.noinit*)
 .noinit        0x008001be        0x4 obj_sebright_lufa/common/avr/bootloader.o
                0x008001be                reset_key
                0x008001c2                PROVIDE (__noinit_end, .)
                0x008001c2                _end = .
                0x008001c2                PROVIDE (__heap_start, .)

.eeprom         0x00810000        0x0
 *(.eeprom*)
                0x00810000                __eeprom_end = .

.fuse
 *(.fuse)
 *(.lfuse)
 *(.hfuse)
 *(.efuse)

.lock
 *(.lock*)

.signature
 *(.signature*)

.stab           0x00000000      0x8b8
 *(.stab)
 .stab          0x00000000      0x8b8 obj_sebright_lufa/common/avr/xprintf.o

.stabstr        0x00000000       0x90
 *(.stabstr)
 .stabstr       0x00000000       0x90 obj_sebright_lufa/common/avr/xprintf.o

.stab.excl
 *(.stab.excl)

.stab.exclstr
 *(.stab.exclstr)

.stab.index
 *(.stab.index)

.stab.indexstr
 *(.stab.indexstr)

.comment
 *(.comment)

.debug
 *(.debug)

.line
 *(.line)

.debug_srcinfo
 *(.debug_srcinfo)

.debug_sfnames
 *(.debug_sfnames)

.debug_aranges  0x00000000      0x950
 *(.debug_aranges)
 .debug_aranges
                0x00000000       0x28 obj_sebright_lufa/keymap_common.o
 .debug_aranges
                0x00000028       0x68 obj_sebright_lufa/matrix.o
 .debug_aranges
                0x00000090       0x20 obj_sebright_lufa/led.o
 .debug_aranges
                0x000000b0       0x90 obj_sebright_lufa/protocol/lufa/lufa.o
 .debug_aranges
                0x00000140       0x20 obj_sebright_lufa/protocol/lufa/descriptor.o
 .debug_aranges
                0x00000160       0x38 obj_sebright_lufa/protocol/lufa/LUFA-git/LUFA/Drivers/USB/Class/Common/HIDParser.o
 .debug_aranges
                0x00000198       0x20 obj_sebright_lufa/protocol/lufa/LUFA-git/LUFA/Drivers/USB/Core/AVR8/Device_AVR8.o
 .debug_aranges
                0x000001b8       0xc8 obj_sebright_lufa/protocol/lufa/LUFA-git/LUFA/Drivers/USB/Core/AVR8/EndpointStream_AVR8.o
 .debug_aranges
                0x00000280       0x40 obj_sebright_lufa/protocol/lufa/LUFA-git/LUFA/Drivers/USB/Core/AVR8/Endpoint_AVR8.o
 .debug_aranges
                0x000002c0       0x30 obj_sebright_lufa/protocol/lufa/LUFA-git/LUFA/Drivers/USB/Core/AVR8/USBController_AVR8.o
 .debug_aranges
                0x000002f0       0x38 obj_sebright_lufa/protocol/lufa/LUFA-git/LUFA/Drivers/USB/Core/AVR8/USBInterrupt_AVR8.o
 .debug_aranges
                0x00000328       0x38 obj_sebright_lufa/protocol/lufa/LUFA-git/LUFA/Drivers/USB/Core/ConfigDescriptors.o
 .debug_aranges
                0x00000360       0x20 obj_sebright_lufa/protocol/lufa/LUFA-git/LUFA/Drivers/USB/Core/DeviceStandardReq.o
 .debug_aranges
                0x00000380       0x20 obj_sebright_lufa/protocol/lufa/LUFA-git/LUFA/Drivers/USB/Core/Events.o
 .debug_aranges
                0x000003a0       0x20 obj_sebright_lufa/protocol/lufa/LUFA-git/LUFA/Drivers/USB/Core/USBTask.o
 .debug_aranges
                0x000003c0       0x60 obj_sebright_lufa/common/host.o
 .debug_aranges
                0x00000420       0x40 obj_sebright_lufa/common/keyboard.o
 .debug_aranges
                0x00000460       0x78 obj_sebright_lufa/common/action.o
 .debug_aranges
                0x000004d8       0x40 obj_sebright_lufa/common/action_tapping.o
 .debug_aranges
                0x00000518       0x20 obj_sebright_lufa/common/action_macro.o
 .debug_aranges
                0x00000538       0xa0 obj_sebright_lufa/common/action_layer.o
 .debug_aranges
                0x000005d8       0xb0 obj_sebright_lufa/common/action_util.o
 .debug_aranges
                0x00000688       0x20 obj_sebright_lufa/common/print.o
 .debug_aranges
                0x000006a8       0x60 obj_sebright_lufa/common/util.o
 .debug_aranges
                0x00000708       0x50 obj_sebright_lufa/common/avr/suspend.o
 .debug_aranges
                0x00000758       0x50 obj_sebright_lufa/common/avr/timer.o
 .debug_aranges
                0x000007a8       0x28 obj_sebright_lufa/common/avr/bootloader.o
 .debug_aranges
                0x000007d0       0x38 obj_sebright_lufa/common/keymap.o
 .debug_aranges
                0x00000808       0x30 obj_sebright_lufa/common/bootmagic.o
 .debug_aranges
                0x00000838       0x68 obj_sebright_lufa/common/avr/eeconfig.o
 .debug_aranges
                0x000008a0       0x50 obj_sebright_lufa/common/mousekey.o
 .debug_aranges
                0x000008f0       0x60 obj_sebright_lufa/common/command.o

.debug_pubnames
                0x00000000     0x14eb
 *(.debug_pubnames)
 .debug_pubnames
                0x00000000       0x2d obj_sebright_lufa/keymap_sebright.o
 .debug_pubnames
                0x0000002d       0x44 obj_sebright_lufa/keymap_common.o
 .debug_pubnames
                0x00000071       0xb3 obj_sebright_lufa/matrix.o
 .debug_pubnames
                0x00000124       0x1e obj_sebright_lufa/led.o
 .debug_pubnames
                0x00000142      0x161 obj_sebright_lufa/protocol/lufa/lufa.o
 .debug_pubnames
                0x000002a3       0xf5 obj_sebright_lufa/protocol/lufa/descriptor.o
 .debug_pubnames
                0x00000398       0x7e obj_sebright_lufa/protocol/lufa/LUFA-git/LUFA/Drivers/USB/Class/Common/HIDParser.o
 .debug_pubnames
                0x00000416       0x32 obj_sebright_lufa/protocol/lufa/LUFA-git/LUFA/Drivers/USB/Core/AVR8/Device_AVR8.o
 .debug_pubnames
                0x00000448      0x2df obj_sebright_lufa/protocol/lufa/LUFA-git/LUFA/Drivers/USB/Core/AVR8/EndpointStream_AVR8.o
 .debug_pubnames
                0x00000727       0xaf obj_sebright_lufa/protocol/lufa/LUFA-git/LUFA/Drivers/USB/Core/AVR8/Endpoint_AVR8.o
 .debug_pubnames
                0x000007d6       0x46 obj_sebright_lufa/protocol/lufa/LUFA-git/LUFA/Drivers/USB/Core/AVR8/USBController_AVR8.o
 .debug_pubnames
                0x0000081c       0x72 obj_sebright_lufa/protocol/lufa/LUFA-git/LUFA/Drivers/USB/Core/AVR8/USBInterrupt_AVR8.o
 .debug_pubnames
                0x0000088e       0x9b obj_sebright_lufa/protocol/lufa/LUFA-git/LUFA/Drivers/USB/Core/ConfigDescriptors.o
 .debug_pubnames
                0x00000929       0xa1 obj_sebright_lufa/protocol/lufa/LUFA-git/LUFA/Drivers/USB/Core/DeviceStandardReq.o
 .debug_pubnames
                0x000009ca       0x25 obj_sebright_lufa/protocol/lufa/LUFA-git/LUFA/Drivers/USB/Core/Events.o
 .debug_pubnames
                0x000009ef       0x63 obj_sebright_lufa/protocol/lufa/LUFA-git/LUFA/Drivers/USB/Core/USBTask.o
 .debug_pubnames
                0x00000a52       0xf5 obj_sebright_lufa/common/host.o
 .debug_pubnames
                0x00000b47       0x70 obj_sebright_lufa/common/keyboard.o
 .debug_pubnames
                0x00000bb7       0xf1 obj_sebright_lufa/common/action.o
 .debug_pubnames
                0x00000ca8       0x2d obj_sebright_lufa/common/action_tapping.o
 .debug_pubnames
                0x00000cd5       0x28 obj_sebright_lufa/common/action_macro.o
 .debug_pubnames
                0x00000cfd      0x149 obj_sebright_lufa/common/action_layer.o
 .debug_pubnames
                0x00000e46      0x161 obj_sebright_lufa/common/action_util.o
 .debug_pubnames
                0x00000fa7       0x29 obj_sebright_lufa/common/print.o
 .debug_pubnames
                0x00000fd0       0x23 obj_sebright_lufa/common/debug.o
 .debug_pubnames
                0x00000ff3       0x7e obj_sebright_lufa/common/util.o
 .debug_pubnames
                0x00001071       0xa9 obj_sebright_lufa/common/avr/suspend.o
 .debug_pubnames
                0x0000111a       0x97 obj_sebright_lufa/common/avr/timer.o
 .debug_pubnames
                0x000011b1       0x5d obj_sebright_lufa/common/avr/bootloader.o
 .debug_pubnames
                0x0000120e       0x4e obj_sebright_lufa/common/keymap.o
 .debug_pubnames
                0x0000125c       0x49 obj_sebright_lufa/common/bootmagic.o
 .debug_pubnames
                0x000012a5      0x10a obj_sebright_lufa/common/avr/eeconfig.o
 .debug_pubnames
                0x000013af       0xdb obj_sebright_lufa/common/mousekey.o
 .debug_pubnames
                0x0000148a       0x61 obj_sebright_lufa/common/command.o

.debug_info     0x00000000     0xe12e
 *(.debug_info)
 .debug_info    0x00000000       0xf4 obj_sebright_lufa/keymap_sebright.o
 .debug_info    0x000000f4      0x66c obj_sebright_lufa/keymap_common.o
 .debug_info    0x00000760      0x5d5 obj_sebright_lufa/matrix.o
 .debug_info    0x00000d35       0x8f obj_sebright_lufa/led.o
 .debug_info    0x00000dc4     0x11f7 obj_sebright_lufa/protocol/lufa/lufa.o
 .debug_info    0x00001fbb      0x799 obj_sebright_lufa/protocol/lufa/descriptor.o
 .debug_info    0x00002754      0x6ee obj_sebright_lufa/protocol/lufa/LUFA-git/LUFA/Drivers/USB/Class/Common/HIDParser.o
 .debug_info    0x00002e42       0xc4 obj_sebright_lufa/protocol/lufa/LUFA-git/LUFA/Drivers/USB/Core/AVR8/Device_AVR8.o
 .debug_info    0x00002f06     0x15d4 obj_sebright_lufa/protocol/lufa/LUFA-git/LUFA/Drivers/USB/Core/AVR8/EndpointStream_AVR8.o
 .debug_info    0x000044da      0x5f2 obj_sebright_lufa/protocol/lufa/LUFA-git/LUFA/Drivers/USB/Core/AVR8/Endpoint_AVR8.o
 .debug_info    0x00004acc       0x61 obj_sebright_lufa/protocol/lufa/LUFA-git/LUFA/Drivers/USB/Core/AVR8/Host_AVR8.o
 .debug_info    0x00004b2d       0x61 obj_sebright_lufa/protocol/lufa/LUFA-git/LUFA/Drivers/USB/Core/AVR8/PipeStream_AVR8.o
 .debug_info    0x00004b8e       0x61 obj_sebright_lufa/protocol/lufa/LUFA-git/LUFA/Drivers/USB/Core/AVR8/Pipe_AVR8.o
 .debug_info    0x00004bef      0x4aa obj_sebright_lufa/protocol/lufa/LUFA-git/LUFA/Drivers/USB/Core/AVR8/USBController_AVR8.o
 .debug_info    0x00005099      0x6a7 obj_sebright_lufa/protocol/lufa/LUFA-git/LUFA/Drivers/USB/Core/AVR8/USBInterrupt_AVR8.o
 .debug_info    0x00005740      0x34e obj_sebright_lufa/protocol/lufa/LUFA-git/LUFA/Drivers/USB/Core/ConfigDescriptors.o
 .debug_info    0x00005a8e      0x9b1 obj_sebright_lufa/protocol/lufa/LUFA-git/LUFA/Drivers/USB/Core/DeviceStandardReq.o
 .debug_info    0x0000643f       0x79 obj_sebright_lufa/protocol/lufa/LUFA-git/LUFA/Drivers/USB/Core/Events.o
 .debug_info    0x000064b8       0x61 obj_sebright_lufa/protocol/lufa/LUFA-git/LUFA/Drivers/USB/Core/HostStandardReq.o
 .debug_info    0x00006519      0x269 obj_sebright_lufa/protocol/lufa/LUFA-git/LUFA/Drivers/USB/Core/USBTask.o
 .debug_info    0x00006782      0x4ea obj_sebright_lufa/common/host.o
 .debug_info    0x00006c6c      0x30b obj_sebright_lufa/common/keyboard.o
 .debug_info    0x00006f77      0xeea obj_sebright_lufa/common/action.o
 .debug_info    0x00007e61      0xc55 obj_sebright_lufa/common/action_tapping.o
 .debug_info    0x00008ab6      0x772 obj_sebright_lufa/common/action_macro.o
 .debug_info    0x00009228      0x61f obj_sebright_lufa/common/action_layer.o
 .debug_info    0x00009847      0x629 obj_sebright_lufa/common/action_util.o
 .debug_info    0x00009e70       0xdb obj_sebright_lufa/common/print.o
 .debug_info    0x00009f4b      0x107 obj_sebright_lufa/common/debug.o
 .debug_info    0x0000a052      0x253 obj_sebright_lufa/common/util.o
 .debug_info    0x0000a2a5      0x1e1 obj_sebright_lufa/common/avr/suspend.o
 .debug_info    0x0000a486      0x1ea obj_sebright_lufa/common/avr/timer.o
 .debug_info    0x0000a670      0x182 obj_sebright_lufa/common/avr/bootloader.o
 .debug_info    0x0000a7f2      0xdd0 obj_sebright_lufa/common/keymap.o
 .debug_info    0x0000b5c2      0xb62 obj_sebright_lufa/common/bootmagic.o
 .debug_info    0x0000c124      0x188 obj_sebright_lufa/common/avr/eeconfig.o
 .debug_info    0x0000c2ac      0x6e4 obj_sebright_lufa/common/mousekey.o
 .debug_info    0x0000c990     0x179e obj_sebright_lufa/common/command.o
 *(.gnu.linkonce.wi.*)

.debug_abbrev   0x00000000     0x33df
 *(.debug_abbrev)
 .debug_abbrev  0x00000000       0x82 obj_sebright_lufa/keymap_sebright.o
 .debug_abbrev  0x00000082      0x177 obj_sebright_lufa/keymap_common.o
 .debug_abbrev  0x000001f9      0x257 obj_sebright_lufa/matrix.o
 .debug_abbrev  0x00000450       0x5d obj_sebright_lufa/led.o
 .debug_abbrev  0x000004ad      0x392 obj_sebright_lufa/protocol/lufa/lufa.o
 .debug_abbrev  0x0000083f      0x17d obj_sebright_lufa/protocol/lufa/descriptor.o
 .debug_abbrev  0x000009bc      0x201 obj_sebright_lufa/protocol/lufa/LUFA-git/LUFA/Drivers/USB/Class/Common/HIDParser.o
 .debug_abbrev  0x00000bbd       0x79 obj_sebright_lufa/protocol/lufa/LUFA-git/LUFA/Drivers/USB/Core/AVR8/Device_AVR8.o
 .debug_abbrev  0x00000c36      0x1bb obj_sebright_lufa/protocol/lufa/LUFA-git/LUFA/Drivers/USB/Core/AVR8/EndpointStream_AVR8.o
 .debug_abbrev  0x00000df1      0x1fb obj_sebright_lufa/protocol/lufa/LUFA-git/LUFA/Drivers/USB/Core/AVR8/Endpoint_AVR8.o
 .debug_abbrev  0x00000fec       0x33 obj_sebright_lufa/protocol/lufa/LUFA-git/LUFA/Drivers/USB/Core/AVR8/Host_AVR8.o
 .debug_abbrev  0x0000101f       0x33 obj_sebright_lufa/protocol/lufa/LUFA-git/LUFA/Drivers/USB/Core/AVR8/PipeStream_AVR8.o
 .debug_abbrev  0x00001052       0x33 obj_sebright_lufa/protocol/lufa/LUFA-git/LUFA/Drivers/USB/Core/AVR8/Pipe_AVR8.o
 .debug_abbrev  0x00001085      0x134 obj_sebright_lufa/protocol/lufa/LUFA-git/LUFA/Drivers/USB/Core/AVR8/USBController_AVR8.o
 .debug_abbrev  0x000011b9      0x1e8 obj_sebright_lufa/protocol/lufa/LUFA-git/LUFA/Drivers/USB/Core/AVR8/USBInterrupt_AVR8.o
 .debug_abbrev  0x000013a1      0x15c obj_sebright_lufa/protocol/lufa/LUFA-git/LUFA/Drivers/USB/Core/ConfigDescriptors.o
 .debug_abbrev  0x000014fd      0x256 obj_sebright_lufa/protocol/lufa/LUFA-git/LUFA/Drivers/USB/Core/DeviceStandardReq.o
 .debug_abbrev  0x00001753       0x4a obj_sebright_lufa/protocol/lufa/LUFA-git/LUFA/Drivers/USB/Core/Events.o
 .debug_abbrev  0x0000179d       0x33 obj_sebright_lufa/protocol/lufa/LUFA-git/LUFA/Drivers/USB/Core/HostStandardReq.o
 .debug_abbrev  0x000017d0      0x174 obj_sebright_lufa/protocol/lufa/LUFA-git/LUFA/Drivers/USB/Core/USBTask.o
 .debug_abbrev  0x00001944      0x198 obj_sebright_lufa/common/host.o
 .debug_abbrev  0x00001adc      0x175 obj_sebright_lufa/common/keyboard.o
 .debug_abbrev  0x00001c51      0x244 obj_sebright_lufa/common/action.o
 .debug_abbrev  0x00001e95      0x27a obj_sebright_lufa/common/action_tapping.o
 .debug_abbrev  0x0000210f      0x146 obj_sebright_lufa/common/action_macro.o
 .debug_abbrev  0x00002255      0x16c obj_sebright_lufa/common/action_layer.o
 .debug_abbrev  0x000023c1      0x25e obj_sebright_lufa/common/action_util.o
 .debug_abbrev  0x0000261f       0x9d obj_sebright_lufa/common/print.o
 .debug_abbrev  0x000026bc       0x94 obj_sebright_lufa/common/debug.o
 .debug_abbrev  0x00002750       0x96 obj_sebright_lufa/common/util.o
 .debug_abbrev  0x000027e6      0x11f obj_sebright_lufa/common/avr/suspend.o
 .debug_abbrev  0x00002905       0xd2 obj_sebright_lufa/common/avr/timer.o
 .debug_abbrev  0x000029d7       0xff obj_sebright_lufa/common/avr/bootloader.o
 .debug_abbrev  0x00002ad6      0x21d obj_sebright_lufa/common/keymap.o
 .debug_abbrev  0x00002cf3      0x214 obj_sebright_lufa/common/bootmagic.o
 .debug_abbrev  0x00002f07       0x8b obj_sebright_lufa/common/avr/eeconfig.o
 .debug_abbrev  0x00002f92      0x1a1 obj_sebright_lufa/common/mousekey.o
 .debug_abbrev  0x00003133      0x2ac obj_sebright_lufa/common/command.o

.debug_line     0x00000000     0x8d93
 *(.debug_line)
 .debug_line    0x00000000       0xd5 obj_sebright_lufa/keymap_sebright.o
 .debug_line    0x000000d5      0x16c obj_sebright_lufa/keymap_common.o
 .debug_line    0x00000241      0x3b9 obj_sebright_lufa/matrix.o
 .debug_line    0x000005fa       0xb2 obj_sebright_lufa/led.o
 .debug_line    0x000006ac      0xc58 obj_sebright_lufa/protocol/lufa/lufa.o
 .debug_line    0x00001304      0x2bd obj_sebright_lufa/protocol/lufa/descriptor.o
 .debug_line    0x000015c1      0x5ba obj_sebright_lufa/protocol/lufa/LUFA-git/LUFA/Drivers/USB/Class/Common/HIDParser.o
 .debug_line    0x00001b7b      0x167 obj_sebright_lufa/protocol/lufa/LUFA-git/LUFA/Drivers/USB/Core/AVR8/Device_AVR8.o
 .debug_line    0x00001ce2     0x188d obj_sebright_lufa/protocol/lufa/LUFA-git/LUFA/Drivers/USB/Core/AVR8/EndpointStream_AVR8.o
 .debug_line    0x0000356f      0x5d9 obj_sebright_lufa/protocol/lufa/LUFA-git/LUFA/Drivers/USB/Core/AVR8/Endpoint_AVR8.o
 .debug_line    0x00003b48       0x3e obj_sebright_lufa/protocol/lufa/LUFA-git/LUFA/Drivers/USB/Core/AVR8/Host_AVR8.o
 .debug_line    0x00003b86       0x3e obj_sebright_lufa/protocol/lufa/LUFA-git/LUFA/Drivers/USB/Core/AVR8/PipeStream_AVR8.o
 .debug_line    0x00003bc4       0x3e obj_sebright_lufa/protocol/lufa/LUFA-git/LUFA/Drivers/USB/Core/AVR8/Pipe_AVR8.o
 .debug_line    0x00003c02      0x46a obj_sebright_lufa/protocol/lufa/LUFA-git/LUFA/Drivers/USB/Core/AVR8/USBController_AVR8.o
 .debug_line    0x0000406c      0x6c0 obj_sebright_lufa/protocol/lufa/LUFA-git/LUFA/Drivers/USB/Core/AVR8/USBInterrupt_AVR8.o
 .debug_line    0x0000472c      0x280 obj_sebright_lufa/protocol/lufa/LUFA-git/LUFA/Drivers/USB/Core/ConfigDescriptors.o
 .debug_line    0x000049ac      0x5ec obj_sebright_lufa/protocol/lufa/LUFA-git/LUFA/Drivers/USB/Core/DeviceStandardReq.o
 .debug_line    0x00004f98       0xa0 obj_sebright_lufa/protocol/lufa/LUFA-git/LUFA/Drivers/USB/Core/Events.o
 .debug_line    0x00005038       0x3e obj_sebright_lufa/protocol/lufa/LUFA-git/LUFA/Drivers/USB/Core/HostStandardReq.o
 .debug_line    0x00005076      0x207 obj_sebright_lufa/protocol/lufa/LUFA-git/LUFA/Drivers/USB/Core/USBTask.o
 .debug_line    0x0000527d      0x27a obj_sebright_lufa/common/host.o
 .debug_line    0x000054f7      0x257 obj_sebright_lufa/common/keyboard.o
 .debug_line    0x0000574e      0x754 obj_sebright_lufa/common/action.o
 .debug_line    0x00005ea2      0x550 obj_sebright_lufa/common/action_tapping.o
 .debug_line    0x000063f2      0x249 obj_sebright_lufa/common/action_macro.o
 .debug_line    0x0000663b      0x330 obj_sebright_lufa/common/action_layer.o
 .debug_line    0x0000696b      0x412 obj_sebright_lufa/common/action_util.o
 .debug_line    0x00006d7d       0xe5 obj_sebright_lufa/common/print.o
 .debug_line    0x00006e62       0xa3 obj_sebright_lufa/common/debug.o
 .debug_line    0x00006f05      0x251 obj_sebright_lufa/common/util.o
 .debug_line    0x00007156      0x2c4 obj_sebright_lufa/common/avr/suspend.o
 .debug_line    0x0000741a      0x22a obj_sebright_lufa/common/avr/timer.o
 .debug_line    0x00007644      0x1de obj_sebright_lufa/common/avr/bootloader.o
 .debug_line    0x00007822      0x340 obj_sebright_lufa/common/keymap.o
 .debug_line    0x00007b62      0x3fa obj_sebright_lufa/common/bootmagic.o
 .debug_line    0x00007f5c      0x1e3 obj_sebright_lufa/common/avr/eeconfig.o
 .debug_line    0x0000813f      0x460 obj_sebright_lufa/common/mousekey.o
 .debug_line    0x0000859f      0x7f4 obj_sebright_lufa/common/command.o

.debug_frame    0x00000000      0xea0
 *(.debug_frame)
 .debug_frame   0x00000000       0x30 obj_sebright_lufa/keymap_common.o
 .debug_frame   0x00000030       0xb0 obj_sebright_lufa/matrix.o
 .debug_frame   0x000000e0       0x20 obj_sebright_lufa/led.o
 .debug_frame   0x00000100      0x100 obj_sebright_lufa/protocol/lufa/lufa.o
 .debug_frame   0x00000200       0x20 obj_sebright_lufa/protocol/lufa/descriptor.o
 .debug_frame   0x00000220       0x50 obj_sebright_lufa/protocol/lufa/LUFA-git/LUFA/Drivers/USB/Class/Common/HIDParser.o
 .debug_frame   0x00000270       0x20 obj_sebright_lufa/protocol/lufa/LUFA-git/LUFA/Drivers/USB/Core/AVR8/Device_AVR8.o
 .debug_frame   0x00000290      0x170 obj_sebright_lufa/protocol/lufa/LUFA-git/LUFA/Drivers/USB/Core/AVR8/EndpointStream_AVR8.o
 .debug_frame   0x00000400       0x60 obj_sebright_lufa/protocol/lufa/LUFA-git/LUFA/Drivers/USB/Core/AVR8/Endpoint_AVR8.o
 .debug_frame   0x00000460       0x40 obj_sebright_lufa/protocol/lufa/LUFA-git/LUFA/Drivers/USB/Core/AVR8/USBController_AVR8.o
 .debug_frame   0x000004a0       0x50 obj_sebright_lufa/protocol/lufa/LUFA-git/LUFA/Drivers/USB/Core/AVR8/USBInterrupt_AVR8.o
 .debug_frame   0x000004f0       0x50 obj_sebright_lufa/protocol/lufa/LUFA-git/LUFA/Drivers/USB/Core/ConfigDescriptors.o
 .debug_frame   0x00000540       0x20 obj_sebright_lufa/protocol/lufa/LUFA-git/LUFA/Drivers/USB/Core/DeviceStandardReq.o
 .debug_frame   0x00000560       0x20 obj_sebright_lufa/protocol/lufa/LUFA-git/LUFA/Drivers/USB/Core/Events.o
 .debug_frame   0x00000580       0x20 obj_sebright_lufa/protocol/lufa/LUFA-git/LUFA/Drivers/USB/Core/USBTask.o
 .debug_frame   0x000005a0       0xa0 obj_sebright_lufa/common/host.o
 .debug_frame   0x00000640       0x60 obj_sebright_lufa/common/keyboard.o
 .debug_frame   0x000006a0       0xd0 obj_sebright_lufa/common/action.o
 .debug_frame   0x00000770       0x60 obj_sebright_lufa/common/action_tapping.o
 .debug_frame   0x000007d0       0x20 obj_sebright_lufa/common/action_macro.o
 .debug_frame   0x000007f0      0x120 obj_sebright_lufa/common/action_layer.o
 .debug_frame   0x00000910      0x140 obj_sebright_lufa/common/action_util.o
 .debug_frame   0x00000a50       0x20 obj_sebright_lufa/common/print.o
 .debug_frame   0x00000a70       0xa0 obj_sebright_lufa/common/util.o
 .debug_frame   0x00000b10       0x80 obj_sebright_lufa/common/avr/suspend.o
 .debug_frame   0x00000b90       0x80 obj_sebright_lufa/common/avr/timer.o
 .debug_frame   0x00000c10       0x30 obj_sebright_lufa/common/avr/bootloader.o
 .debug_frame   0x00000c40       0x50 obj_sebright_lufa/common/keymap.o
 .debug_frame   0x00000c90       0x40 obj_sebright_lufa/common/bootmagic.o
 .debug_frame   0x00000cd0       0xb0 obj_sebright_lufa/common/avr/eeconfig.o
 .debug_frame   0x00000d80       0x80 obj_sebright_lufa/common/mousekey.o
 .debug_frame   0x00000e00       0xa0 obj_sebright_lufa/common/command.o

.debug_str      0x00000000     0x4030
 *(.debug_str)
 .debug_str     0x00000000       0xcd obj_sebright_lufa/keymap_sebright.o
                                0x106 (size before relaxing)
 .debug_str     0x000000cd      0x46b obj_sebright_lufa/keymap_common.o
                                0x573 (size before relaxing)
 .debug_str     0x00000538      0x155 obj_sebright_lufa/matrix.o
                                0x239 (size before relaxing)
 .debug_str     0x0000068d       0x16 obj_sebright_lufa/led.o
                                 0xba (size before relaxing)
 .debug_str     0x000006a3      0x675 obj_sebright_lufa/protocol/lufa/lufa.o
                                0x819 (size before relaxing)
 .debug_str     0x00000d18      0x5ee obj_sebright_lufa/protocol/lufa/descriptor.o
                                0x71d (size before relaxing)
 .debug_str     0x00001306      0x4a4 obj_sebright_lufa/protocol/lufa/LUFA-git/LUFA/Drivers/USB/Class/Common/HIDParser.o
                                0x5de (size before relaxing)
 .debug_str     0x000017aa       0x97 obj_sebright_lufa/protocol/lufa/LUFA-git/LUFA/Drivers/USB/Core/AVR8/Device_AVR8.o
                                0x139 (size before relaxing)
 .debug_str     0x00001841      0x4fb obj_sebright_lufa/protocol/lufa/LUFA-git/LUFA/Drivers/USB/Core/AVR8/EndpointStream_AVR8.o
                                0x767 (size before relaxing)
 .debug_str     0x00001d3c      0x27b obj_sebright_lufa/protocol/lufa/LUFA-git/LUFA/Drivers/USB/Core/AVR8/Endpoint_AVR8.o
                                0x563 (size before relaxing)
 .debug_str     0x00001fb7       0x4d obj_sebright_lufa/protocol/lufa/LUFA-git/LUFA/Drivers/USB/Core/AVR8/Host_AVR8.o
                                 0xe9 (size before relaxing)
 .debug_str     0x00002004       0x53 obj_sebright_lufa/protocol/lufa/LUFA-git/LUFA/Drivers/USB/Core/AVR8/PipeStream_AVR8.o
                                 0xef (size before relaxing)
 .debug_str     0x00002057       0x4d obj_sebright_lufa/protocol/lufa/LUFA-git/LUFA/Drivers/USB/Core/AVR8/Pipe_AVR8.o
                                 0xe9 (size before relaxing)
 .debug_str     0x000020a4      0x1ba obj_sebright_lufa/protocol/lufa/LUFA-git/LUFA/Drivers/USB/Core/AVR8/USBController_AVR8.o
                                0x44b (size before relaxing)
 .debug_str     0x0000225e      0x140 obj_sebright_lufa/protocol/lufa/LUFA-git/LUFA/Drivers/USB/Core/AVR8/USBInterrupt_AVR8.o
                                0x446 (size before relaxing)
 .debug_str     0x0000239e      0x23d obj_sebright_lufa/protocol/lufa/LUFA-git/LUFA/Drivers/USB/Core/ConfigDescriptors.o
                                0x307 (size before relaxing)
 .debug_str     0x000025db      0x409 obj_sebright_lufa/protocol/lufa/LUFA-git/LUFA/Drivers/USB/Core/DeviceStandardReq.o
                                0x837 (size before relaxing)
 .debug_str     0x000029e4       0x54 obj_sebright_lufa/protocol/lufa/LUFA-git/LUFA/Drivers/USB/Core/Events.o
                                 0xf0 (size before relaxing)
 .debug_str     0x00002a38       0x4e obj_sebright_lufa/protocol/lufa/LUFA-git/LUFA/Drivers/USB/Core/HostStandardReq.o
                                 0xea (size before relaxing)
 .debug_str     0x00002a86       0x6e obj_sebright_lufa/protocol/lufa/LUFA-git/LUFA/Drivers/USB/Core/USBTask.o
                                0x2a7 (size before relaxing)
 .debug_str     0x00002af4       0xdd obj_sebright_lufa/common/host.o
                                0x2ab (size before relaxing)
 .debug_str     0x00002bd1       0xb8 obj_sebright_lufa/common/keyboard.o
                                0x1dd (size before relaxing)
 .debug_str     0x00002c89      0x8ab obj_sebright_lufa/common/action.o
                                0xdfd (size before relaxing)
 .debug_str     0x00003534      0x103 obj_sebright_lufa/common/action_tapping.o
                                0x9b9 (size before relaxing)
 .debug_str     0x00003637       0xa2 obj_sebright_lufa/common/action_macro.o
                                0x781 (size before relaxing)
 .debug_str     0x000036d9      0x102 obj_sebright_lufa/common/action_layer.o
                                0x309 (size before relaxing)
 .debug_str     0x000037db      0x155 obj_sebright_lufa/common/action_util.o
                                0x2cf (size before relaxing)
 .debug_str     0x00003930       0x49 obj_sebright_lufa/common/print.o
                                 0xf4 (size before relaxing)
 .debug_str     0x00003979       0x1e obj_sebright_lufa/common/debug.o
                                0x10a (size before relaxing)
 .debug_str     0x00003997       0x65 obj_sebright_lufa/common/util.o
                                0x120 (size before relaxing)
 .debug_str     0x000039fc       0xbc obj_sebright_lufa/common/avr/suspend.o
                                0x230 (size before relaxing)
 .debug_str     0x00003ab8       0x80 obj_sebright_lufa/common/avr/timer.o
                                0x147 (size before relaxing)
 .debug_str     0x00003b38       0x66 obj_sebright_lufa/common/avr/bootloader.o
                                0x171 (size before relaxing)
 .debug_str     0x00003b9e       0xe6 obj_sebright_lufa/common/keymap.o
                                0xd58 (size before relaxing)
 .debug_str     0x00003c84       0x3f obj_sebright_lufa/common/bootmagic.o
                                0x9cc (size before relaxing)
 .debug_str     0x00003cc3       0xf5 obj_sebright_lufa/common/avr/eeconfig.o
                                0x19f (size before relaxing)
 .debug_str     0x00003db8      0x119 obj_sebright_lufa/common/mousekey.o
                                0x59d (size before relaxing)
 .debug_str     0x00003ed1      0x15f obj_sebright_lufa/common/command.o
                                0x9c5 (size before relaxing)

.debug_loc      0x00000000     0x43e0
 *(.debug_loc)
 .debug_loc     0x00000000       0x3e obj_sebright_lufa/keymap_common.o
 .debug_loc     0x0000003e       0xdf obj_sebright_lufa/matrix.o
 .debug_loc     0x0000011d      0x248 obj_sebright_lufa/protocol/lufa/lufa.o
 .debug_loc     0x00000365      0x260 obj_sebright_lufa/protocol/lufa/descriptor.o
 .debug_loc     0x000005c5      0x584 obj_sebright_lufa/protocol/lufa/LUFA-git/LUFA/Drivers/USB/Class/Common/HIDParser.o
 .debug_loc     0x00000b49     0x1886 obj_sebright_lufa/protocol/lufa/LUFA-git/LUFA/Drivers/USB/Core/AVR8/EndpointStream_AVR8.o
 .debug_loc     0x000023cf      0x11c obj_sebright_lufa/protocol/lufa/LUFA-git/LUFA/Drivers/USB/Core/AVR8/Endpoint_AVR8.o
 .debug_loc     0x000024eb      0x2c7 obj_sebright_lufa/protocol/lufa/LUFA-git/LUFA/Drivers/USB/Core/ConfigDescriptors.o
 .debug_loc     0x000027b2      0x21e obj_sebright_lufa/protocol/lufa/LUFA-git/LUFA/Drivers/USB/Core/DeviceStandardReq.o
 .debug_loc     0x000029d0      0x103 obj_sebright_lufa/common/host.o
 .debug_loc     0x00002ad3       0x81 obj_sebright_lufa/common/keyboard.o
 .debug_loc     0x00002b54      0x45c obj_sebright_lufa/common/action.o
 .debug_loc     0x00002fb0      0x1f5 obj_sebright_lufa/common/action_tapping.o
 .debug_loc     0x000031a5      0x3b4 obj_sebright_lufa/common/action_macro.o
 .debug_loc     0x00003559      0x24c obj_sebright_lufa/common/action_layer.o
 .debug_loc     0x000037a5       0xbf obj_sebright_lufa/common/action_util.o
 .debug_loc     0x00003864      0x245 obj_sebright_lufa/common/util.o
 .debug_loc     0x00003aa9       0x13 obj_sebright_lufa/common/avr/suspend.o
 .debug_loc     0x00003abc      0x1af obj_sebright_lufa/common/avr/timer.o
 .debug_loc     0x00003c6b       0x18 obj_sebright_lufa/common/avr/bootloader.o
 .debug_loc     0x00003c83      0x191 obj_sebright_lufa/common/keymap.o
 .debug_loc     0x00003e14      0x1ce obj_sebright_lufa/common/bootmagic.o
 .debug_loc     0x00003fe2       0x5a obj_sebright_lufa/common/avr/eeconfig.o
 .debug_loc     0x0000403c      0x246 obj_sebright_lufa/common/mousekey.o
 .debug_loc     0x00004282      0x15e obj_sebright_lufa/common/command.o

.debug_macinfo
 *(.debug_macinfo)
OUTPUT(sebright_lufa.elf elf32-avr)
LOAD linker stubs

.debug_ranges   0x00000000      0xbb0
 .debug_ranges  0x00000000       0x20 obj_sebright_lufa/keymap_common.o
 .debug_ranges  0x00000020       0x60 obj_sebright_lufa/matrix.o
 .debug_ranges  0x00000080       0x18 obj_sebright_lufa/led.o
 .debug_ranges  0x00000098       0xd0 obj_sebright_lufa/protocol/lufa/lufa.o
 .debug_ranges  0x00000168       0x18 obj_sebright_lufa/protocol/lufa/descriptor.o
 .debug_ranges  0x00000180       0xa0 obj_sebright_lufa/protocol/lufa/LUFA-git/LUFA/Drivers/USB/Class/Common/HIDParser.o
 .debug_ranges  0x00000220       0x18 obj_sebright_lufa/protocol/lufa/LUFA-git/LUFA/Drivers/USB/Core/AVR8/Device_AVR8.o
 .debug_ranges  0x00000238       0xc0 obj_sebright_lufa/protocol/lufa/LUFA-git/LUFA/Drivers/USB/Core/AVR8/EndpointStream_AVR8.o
 .debug_ranges  0x000002f8       0x50 obj_sebright_lufa/protocol/lufa/LUFA-git/LUFA/Drivers/USB/Core/AVR8/Endpoint_AVR8.o
 .debug_ranges  0x00000348       0x28 obj_sebright_lufa/protocol/lufa/LUFA-git/LUFA/Drivers/USB/Core/AVR8/USBController_AVR8.o
 .debug_ranges  0x00000370       0x30 obj_sebright_lufa/protocol/lufa/LUFA-git/LUFA/Drivers/USB/Core/AVR8/USBInterrupt_AVR8.o
 .debug_ranges  0x000003a0       0x30 obj_sebright_lufa/protocol/lufa/LUFA-git/LUFA/Drivers/USB/Core/ConfigDescriptors.o
 .debug_ranges  0x000003d0       0x78 obj_sebright_lufa/protocol/lufa/LUFA-git/LUFA/Drivers/USB/Core/DeviceStandardReq.o
 .debug_ranges  0x00000448       0x18 obj_sebright_lufa/protocol/lufa/LUFA-git/LUFA/Drivers/USB/Core/Events.o
 .debug_ranges  0x00000460       0x18 obj_sebright_lufa/protocol/lufa/LUFA-git/LUFA/Drivers/USB/Core/USBTask.o
 .debug_ranges  0x00000478       0x58 obj_sebright_lufa/common/host.o
 .debug_ranges  0x000004d0       0x68 obj_sebright_lufa/common/keyboard.o
 .debug_ranges  0x00000538       0x70 obj_sebright_lufa/common/action.o
 .debug_ranges  0x000005a8       0x68 obj_sebright_lufa/common/action_tapping.o
 .debug_ranges  0x00000610       0x90 obj_sebright_lufa/common/action_macro.o
 .debug_ranges  0x000006a0       0x98 obj_sebright_lufa/common/action_layer.o
 .debug_ranges  0x00000738       0xa8 obj_sebright_lufa/common/action_util.o
 .debug_ranges  0x000007e0       0x18 obj_sebright_lufa/common/print.o
 .debug_ranges  0x000007f8       0x58 obj_sebright_lufa/common/util.o
 .debug_ranges  0x00000850       0x48 obj_sebright_lufa/common/avr/suspend.o
 .debug_ranges  0x00000898       0x48 obj_sebright_lufa/common/avr/timer.o
 .debug_ranges  0x000008e0       0x20 obj_sebright_lufa/common/avr/bootloader.o
 .debug_ranges  0x00000900       0x30 obj_sebright_lufa/common/keymap.o
 .debug_ranges  0x00000930       0x88 obj_sebright_lufa/common/bootmagic.o
 .debug_ranges  0x000009b8       0x60 obj_sebright_lufa/common/avr/eeconfig.o
 .debug_ranges  0x00000a18       0x48 obj_sebright_lufa/common/mousekey.o
 .debug_ranges  0x00000a60      0x150 obj_sebright_lufa/common/command.o

Cross Reference Table

Symbol                                            File
CALLBACK_HIDParser_FilterHIDReportItem            obj_sebright_lufa/protocol/lufa/LUFA-git/LUFA/Drivers/USB/Class/Common/HIDParser.o
CALLBACK_USB_GetDescriptor                        obj_sebright_lufa/protocol/lufa/descriptor.o
                                                  obj_sebright_lufa/protocol/lufa/LUFA-git/LUFA/Drivers/USB/Core/DeviceStandardReq.o
ConfigurationDescriptor                           obj_sebright_lufa/protocol/lufa/descriptor.o
ConsoleReport                                     obj_sebright_lufa/protocol/lufa/descriptor.o
DeviceDescriptor                                  obj_sebright_lufa/protocol/lufa/descriptor.o
EVENT_USB_Device_ConfigurationChanged             obj_sebright_lufa/protocol/lufa/lufa.o
                                                  obj_sebright_lufa/protocol/lufa/LUFA-git/LUFA/Drivers/USB/Core/DeviceStandardReq.o
EVENT_USB_Device_Connect                          obj_sebright_lufa/protocol/lufa/lufa.o
                                                  obj_sebright_lufa/protocol/lufa/LUFA-git/LUFA/Drivers/USB/Core/AVR8/USBInterrupt_AVR8.o
EVENT_USB_Device_ControlRequest                   obj_sebright_lufa/protocol/lufa/lufa.o
                                                  obj_sebright_lufa/protocol/lufa/LUFA-git/LUFA/Drivers/USB/Core/DeviceStandardReq.o
EVENT_USB_Device_Disconnect                       obj_sebright_lufa/protocol/lufa/lufa.o
                                                  obj_sebright_lufa/protocol/lufa/LUFA-git/LUFA/Drivers/USB/Core/AVR8/USBInterrupt_AVR8.o
EVENT_USB_Device_Reset                            obj_sebright_lufa/protocol/lufa/lufa.o
                                                  obj_sebright_lufa/protocol/lufa/LUFA-git/LUFA/Drivers/USB/Core/AVR8/USBInterrupt_AVR8.o
EVENT_USB_Device_StartOfFrame                     obj_sebright_lufa/protocol/lufa/lufa.o
                                                  obj_sebright_lufa/protocol/lufa/LUFA-git/LUFA/Drivers/USB/Core/AVR8/USBInterrupt_AVR8.o
EVENT_USB_Device_Suspend                          obj_sebright_lufa/protocol/lufa/lufa.o
                                                  obj_sebright_lufa/protocol/lufa/LUFA-git/LUFA/Drivers/USB/Core/AVR8/USBInterrupt_AVR8.o
EVENT_USB_Device_WakeUp                           obj_sebright_lufa/protocol/lufa/lufa.o
                                                  obj_sebright_lufa/protocol/lufa/LUFA-git/LUFA/Drivers/USB/Core/AVR8/USBInterrupt_AVR8.o
Endpoint_ClearEndpoints                           obj_sebright_lufa/protocol/lufa/LUFA-git/LUFA/Drivers/USB/Core/AVR8/Endpoint_AVR8.o
Endpoint_ClearStatusStage                         obj_sebright_lufa/protocol/lufa/LUFA-git/LUFA/Drivers/USB/Core/AVR8/Endpoint_AVR8.o
                                                  obj_sebright_lufa/protocol/lufa/LUFA-git/LUFA/Drivers/USB/Core/DeviceStandardReq.o
                                                  obj_sebright_lufa/protocol/lufa/lufa.o
Endpoint_ConfigureEndpointTable                   obj_sebright_lufa/protocol/lufa/LUFA-git/LUFA/Drivers/USB/Core/AVR8/Endpoint_AVR8.o
Endpoint_ConfigureEndpoint_Prv                    obj_sebright_lufa/protocol/lufa/LUFA-git/LUFA/Drivers/USB/Core/AVR8/Endpoint_AVR8.o
                                                  obj_sebright_lufa/protocol/lufa/LUFA-git/LUFA/Drivers/USB/Core/AVR8/USBInterrupt_AVR8.o
                                                  obj_sebright_lufa/protocol/lufa/LUFA-git/LUFA/Drivers/USB/Core/AVR8/USBController_AVR8.o
                                                  obj_sebright_lufa/protocol/lufa/lufa.o
Endpoint_Discard_Stream                           obj_sebright_lufa/protocol/lufa/LUFA-git/LUFA/Drivers/USB/Core/AVR8/EndpointStream_AVR8.o
Endpoint_Null_Stream                              obj_sebright_lufa/protocol/lufa/LUFA-git/LUFA/Drivers/USB/Core/AVR8/EndpointStream_AVR8.o
Endpoint_Read_Control_EStream_BE                  obj_sebright_lufa/protocol/lufa/LUFA-git/LUFA/Drivers/USB/Core/AVR8/EndpointStream_AVR8.o
Endpoint_Read_Control_EStream_LE                  obj_sebright_lufa/protocol/lufa/LUFA-git/LUFA/Drivers/USB/Core/AVR8/EndpointStream_AVR8.o
Endpoint_Read_Control_Stream_BE                   obj_sebright_lufa/protocol/lufa/LUFA-git/LUFA/Drivers/USB/Core/AVR8/EndpointStream_AVR8.o
Endpoint_Read_Control_Stream_LE                   obj_sebright_lufa/protocol/lufa/LUFA-git/LUFA/Drivers/USB/Core/AVR8/EndpointStream_AVR8.o
Endpoint_Read_EStream_BE                          obj_sebright_lufa/protocol/lufa/LUFA-git/LUFA/Drivers/USB/Core/AVR8/EndpointStream_AVR8.o
Endpoint_Read_EStream_LE                          obj_sebright_lufa/protocol/lufa/LUFA-git/LUFA/Drivers/USB/Core/AVR8/EndpointStream_AVR8.o
Endpoint_Read_Stream_BE                           obj_sebright_lufa/protocol/lufa/LUFA-git/LUFA/Drivers/USB/Core/AVR8/EndpointStream_AVR8.o
Endpoint_Read_Stream_LE                           obj_sebright_lufa/protocol/lufa/LUFA-git/LUFA/Drivers/USB/Core/AVR8/EndpointStream_AVR8.o
Endpoint_WaitUntilReady                           obj_sebright_lufa/protocol/lufa/LUFA-git/LUFA/Drivers/USB/Core/AVR8/Endpoint_AVR8.o
                                                  obj_sebright_lufa/protocol/lufa/LUFA-git/LUFA/Drivers/USB/Core/AVR8/EndpointStream_AVR8.o
Endpoint_Write_Control_EStream_BE                 obj_sebright_lufa/protocol/lufa/LUFA-git/LUFA/Drivers/USB/Core/AVR8/EndpointStream_AVR8.o
Endpoint_Write_Control_EStream_LE                 obj_sebright_lufa/protocol/lufa/LUFA-git/LUFA/Drivers/USB/Core/AVR8/EndpointStream_AVR8.o
Endpoint_Write_Control_PStream_BE                 obj_sebright_lufa/protocol/lufa/LUFA-git/LUFA/Drivers/USB/Core/AVR8/EndpointStream_AVR8.o
Endpoint_Write_Control_PStream_LE                 obj_sebright_lufa/protocol/lufa/LUFA-git/LUFA/Drivers/USB/Core/AVR8/EndpointStream_AVR8.o
                                                  obj_sebright_lufa/protocol/lufa/LUFA-git/LUFA/Drivers/USB/Core/DeviceStandardReq.o
Endpoint_Write_Control_Stream_BE                  obj_sebright_lufa/protocol/lufa/LUFA-git/LUFA/Drivers/USB/Core/AVR8/EndpointStream_AVR8.o
Endpoint_Write_Control_Stream_LE                  obj_sebright_lufa/protocol/lufa/LUFA-git/LUFA/Drivers/USB/Core/AVR8/EndpointStream_AVR8.o
                                                  obj_sebright_lufa/protocol/lufa/LUFA-git/LUFA/Drivers/USB/Core/DeviceStandardReq.o
                                                  obj_sebright_lufa/protocol/lufa/lufa.o
Endpoint_Write_EStream_BE                         obj_sebright_lufa/protocol/lufa/LUFA-git/LUFA/Drivers/USB/Core/AVR8/EndpointStream_AVR8.o
Endpoint_Write_EStream_LE                         obj_sebright_lufa/protocol/lufa/LUFA-git/LUFA/Drivers/USB/Core/AVR8/EndpointStream_AVR8.o
Endpoint_Write_PStream_BE                         obj_sebright_lufa/protocol/lufa/LUFA-git/LUFA/Drivers/USB/Core/AVR8/EndpointStream_AVR8.o
Endpoint_Write_PStream_LE                         obj_sebright_lufa/protocol/lufa/LUFA-git/LUFA/Drivers/USB/Core/AVR8/EndpointStream_AVR8.o
Endpoint_Write_Stream_BE                          obj_sebright_lufa/protocol/lufa/LUFA-git/LUFA/Drivers/USB/Core/AVR8/EndpointStream_AVR8.o
Endpoint_Write_Stream_LE                          obj_sebright_lufa/protocol/lufa/LUFA-git/LUFA/Drivers/USB/Core/AVR8/EndpointStream_AVR8.o
                                                  obj_sebright_lufa/protocol/lufa/lufa.o
ExtrakeyReport                                    obj_sebright_lufa/protocol/lufa/descriptor.o
KeyboardReport                                    obj_sebright_lufa/protocol/lufa/descriptor.o
LanguageString                                    obj_sebright_lufa/protocol/lufa/descriptor.o
ManufacturerString                                obj_sebright_lufa/protocol/lufa/descriptor.o
MouseReport                                       obj_sebright_lufa/protocol/lufa/descriptor.o
NKROReport                                        obj_sebright_lufa/protocol/lufa/descriptor.o
ProductString                                     obj_sebright_lufa/protocol/lufa/descriptor.o
USB_ControlRequest                                obj_sebright_lufa/protocol/lufa/LUFA-git/LUFA/Drivers/USB/Core/USBTask.o
                                                  obj_sebright_lufa/protocol/lufa/LUFA-git/LUFA/Drivers/USB/Core/DeviceStandardReq.o
                                                  obj_sebright_lufa/protocol/lufa/LUFA-git/LUFA/Drivers/USB/Core/AVR8/Endpoint_AVR8.o
                                                  obj_sebright_lufa/protocol/lufa/LUFA-git/LUFA/Drivers/USB/Core/AVR8/EndpointStream_AVR8.o
                                                  obj_sebright_lufa/protocol/lufa/lufa.o
USB_DeviceState                                   obj_sebright_lufa/common/avr/suspend.o
                                                  obj_sebright_lufa/protocol/lufa/LUFA-git/LUFA/Drivers/USB/Core/USBTask.o
                                                  obj_sebright_lufa/protocol/lufa/LUFA-git/LUFA/Drivers/USB/Core/DeviceStandardReq.o
                                                  obj_sebright_lufa/protocol/lufa/LUFA-git/LUFA/Drivers/USB/Core/AVR8/USBInterrupt_AVR8.o
                                                  obj_sebright_lufa/protocol/lufa/LUFA-git/LUFA/Drivers/USB/Core/AVR8/USBController_AVR8.o
                                                  obj_sebright_lufa/protocol/lufa/LUFA-git/LUFA/Drivers/USB/Core/AVR8/Endpoint_AVR8.o
                                                  obj_sebright_lufa/protocol/lufa/LUFA-git/LUFA/Drivers/USB/Core/AVR8/EndpointStream_AVR8.o
                                                  obj_sebright_lufa/protocol/lufa/lufa.o
USB_Device_ConfigurationNumber                    obj_sebright_lufa/protocol/lufa/LUFA-git/LUFA/Drivers/USB/Core/DeviceStandardReq.o
                                                  obj_sebright_lufa/protocol/lufa/LUFA-git/LUFA/Drivers/USB/Core/AVR8/USBInterrupt_AVR8.o
                                                  obj_sebright_lufa/protocol/lufa/LUFA-git/LUFA/Drivers/USB/Core/AVR8/USBController_AVR8.o
USB_Device_CurrentlySelfPowered                   obj_sebright_lufa/protocol/lufa/LUFA-git/LUFA/Drivers/USB/Core/DeviceStandardReq.o
                                                  obj_sebright_lufa/protocol/lufa/LUFA-git/LUFA/Drivers/USB/Core/AVR8/USBController_AVR8.o
USB_Device_ProcessControlRequest                  obj_sebright_lufa/protocol/lufa/LUFA-git/LUFA/Drivers/USB/Core/DeviceStandardReq.o
                                                  obj_sebright_lufa/protocol/lufa/LUFA-git/LUFA/Drivers/USB/Core/USBTask.o
                                                  obj_sebright_lufa/protocol/lufa/LUFA-git/LUFA/Drivers/USB/Core/AVR8/USBInterrupt_AVR8.o
USB_Device_RemoteWakeupEnabled                    obj_sebright_lufa/protocol/lufa/LUFA-git/LUFA/Drivers/USB/Core/DeviceStandardReq.o
                                                  obj_sebright_lufa/protocol/lufa/LUFA-git/LUFA/Drivers/USB/Core/AVR8/USBController_AVR8.o
                                                  obj_sebright_lufa/protocol/lufa/lufa.o
USB_Device_SendRemoteWakeup                       obj_sebright_lufa/protocol/lufa/LUFA-git/LUFA/Drivers/USB/Core/AVR8/Device_AVR8.o
                                                  obj_sebright_lufa/protocol/lufa/lufa.o
USB_Disable                                       obj_sebright_lufa/protocol/lufa/LUFA-git/LUFA/Drivers/USB/Core/AVR8/USBController_AVR8.o
                                                  obj_sebright_lufa/common/avr/bootloader.o
                                                  obj_sebright_lufa/protocol/lufa/lufa.o
USB_Event_Stub                                    obj_sebright_lufa/protocol/lufa/LUFA-git/LUFA/Drivers/USB/Core/Events.o
USB_GetHIDReportItemInfo                          obj_sebright_lufa/protocol/lufa/LUFA-git/LUFA/Drivers/USB/Class/Common/HIDParser.o
USB_GetHIDReportSize                              obj_sebright_lufa/protocol/lufa/LUFA-git/LUFA/Drivers/USB/Class/Common/HIDParser.o
USB_GetNextDescriptorComp                         obj_sebright_lufa/protocol/lufa/LUFA-git/LUFA/Drivers/USB/Core/ConfigDescriptors.o
USB_GetNextDescriptorOfType                       obj_sebright_lufa/protocol/lufa/LUFA-git/LUFA/Drivers/USB/Core/ConfigDescriptors.o
USB_GetNextDescriptorOfTypeAfter                  obj_sebright_lufa/protocol/lufa/LUFA-git/LUFA/Drivers/USB/Core/ConfigDescriptors.o
USB_GetNextDescriptorOfTypeBefore                 obj_sebright_lufa/protocol/lufa/LUFA-git/LUFA/Drivers/USB/Core/ConfigDescriptors.o
USB_INT_ClearAllInterrupts                        obj_sebright_lufa/protocol/lufa/LUFA-git/LUFA/Drivers/USB/Core/AVR8/USBInterrupt_AVR8.o
                                                  obj_sebright_lufa/protocol/lufa/LUFA-git/LUFA/Drivers/USB/Core/AVR8/USBController_AVR8.o
USB_INT_DisableAllInterrupts                      obj_sebright_lufa/protocol/lufa/LUFA-git/LUFA/Drivers/USB/Core/AVR8/USBInterrupt_AVR8.o
                                                  obj_sebright_lufa/protocol/lufa/LUFA-git/LUFA/Drivers/USB/Core/AVR8/USBController_AVR8.o
USB_Init                                          obj_sebright_lufa/protocol/lufa/LUFA-git/LUFA/Drivers/USB/Core/AVR8/USBController_AVR8.o
                                                  obj_sebright_lufa/protocol/lufa/lufa.o
USB_IsInitialized                                 obj_sebright_lufa/protocol/lufa/LUFA-git/LUFA/Drivers/USB/Core/USBTask.o
                                                  obj_sebright_lufa/protocol/lufa/LUFA-git/LUFA/Drivers/USB/Core/AVR8/USBController_AVR8.o
                                                  obj_sebright_lufa/protocol/lufa/lufa.o
USB_ProcessHIDReport                              obj_sebright_lufa/protocol/lufa/LUFA-git/LUFA/Drivers/USB/Class/Common/HIDParser.o
USB_ResetInterface                                obj_sebright_lufa/protocol/lufa/LUFA-git/LUFA/Drivers/USB/Core/AVR8/USBController_AVR8.o
USB_SetHIDReportItemInfo                          obj_sebright_lufa/protocol/lufa/LUFA-git/LUFA/Drivers/USB/Class/Common/HIDParser.o
USB_USBTask                                       obj_sebright_lufa/protocol/lufa/LUFA-git/LUFA/Drivers/USB/Core/USBTask.o
__bad_interrupt                                   c:/winavr-20100110/bin/../lib/gcc/avr/4.3.3/../../../../avr/lib/avr5/crtm32u4.o
__bss_end                                         c:/winavr-20100110/bin/../lib/gcc/avr/4.3.3/avr5\libgcc.a(_clear_bss.o)
__bss_start                                       c:/winavr-20100110/bin/../lib/gcc/avr/4.3.3/avr5\libgcc.a(_clear_bss.o)
__data_end                                        c:/winavr-20100110/bin/../lib/gcc/avr/4.3.3/avr5\libgcc.a(_copy_data.o)
__data_load_start                                 c:/winavr-20100110/bin/../lib/gcc/avr/4.3.3/avr5\libgcc.a(_copy_data.o)
__data_start                                      c:/winavr-20100110/bin/../lib/gcc/avr/4.3.3/avr5\libgcc.a(_copy_data.o)
__divmodhi4                                       c:/winavr-20100110/bin/../lib/gcc/avr/4.3.3/avr5\libgcc.a(_divmodhi4.o)
                                                  obj_sebright_lufa/common/mousekey.o
__do_clear_bss                                    c:/winavr-20100110/bin/../lib/gcc/avr/4.3.3/avr5\libgcc.a(_clear_bss.o)
                                                  obj_sebright_lufa/common/command.o
                                                  obj_sebright_lufa/common/mousekey.o
                                                  obj_sebright_lufa/common/bootmagic.o
                                                  obj_sebright_lufa/common/avr/timer.o
                                                  obj_sebright_lufa/common/avr/suspend.o
                                                  obj_sebright_lufa/common/debug.o
                                                  obj_sebright_lufa/common/action_util.o
                                                  obj_sebright_lufa/common/action_layer.o
                                                  obj_sebright_lufa/common/action_tapping.o
                                                  obj_sebright_lufa/common/keyboard.o
                                                  obj_sebright_lufa/common/host.o
                                                  obj_sebright_lufa/protocol/lufa/LUFA-git/LUFA/Drivers/USB/Core/USBTask.o
                                                  obj_sebright_lufa/protocol/lufa/LUFA-git/LUFA/Drivers/USB/Core/DeviceStandardReq.o